Archive member included to satisfy reference by file (symbol)

/opt/st/stm32cubeide_1.9.0/plugins/com.st.stm32cube.ide.mcu.externaltools.gnu-tools-for-stm32.10.3-2021.10.linux64_1.0.0.202111181127/tools/bin/../lib/gcc/arm-none-eabi/10.3.1/../../../../arm-none-eabi/lib/thumb/v7e-m+fp/hard/libc_nano.a(lib_a-errno.o)
                              ./Core/Src/syscalls.o (__errno)
/opt/st/stm32cubeide_1.9.0/plugins/com.st.stm32cube.ide.mcu.externaltools.gnu-tools-for-stm32.10.3-2021.10.linux64_1.0.0.202111181127/tools/bin/../lib/gcc/arm-none-eabi/10.3.1/../../../../arm-none-eabi/lib/thumb/v7e-m+fp/hard/libc_nano.a(lib_a-exit.o)
                              /opt/st/stm32cubeide_1.9.0/plugins/com.st.stm32cube.ide.mcu.externaltools.gnu-tools-for-stm32.10.3-2021.10.linux64_1.0.0.202111181127/tools/bin/../lib/gcc/arm-none-eabi/10.3.1/../../../../arm-none-eabi/lib/thumb/v7e-m+fp/hard/crt0.o (exit)
/opt/st/stm32cubeide_1.9.0/plugins/com.st.stm32cube.ide.mcu.externaltools.gnu-tools-for-stm32.10.3-2021.10.linux64_1.0.0.202111181127/tools/bin/../lib/gcc/arm-none-eabi/10.3.1/../../../../arm-none-eabi/lib/thumb/v7e-m+fp/hard/libc_nano.a(lib_a-impure.o)
                              /opt/st/stm32cubeide_1.9.0/plugins/com.st.stm32cube.ide.mcu.externaltools.gnu-tools-for-stm32.10.3-2021.10.linux64_1.0.0.202111181127/tools/bin/../lib/gcc/arm-none-eabi/10.3.1/../../../../arm-none-eabi/lib/thumb/v7e-m+fp/hard/libc_nano.a(lib_a-exit.o) (_global_impure_ptr)
/opt/st/stm32cubeide_1.9.0/plugins/com.st.stm32cube.ide.mcu.externaltools.gnu-tools-for-stm32.10.3-2021.10.linux64_1.0.0.202111181127/tools/bin/../lib/gcc/arm-none-eabi/10.3.1/../../../../arm-none-eabi/lib/thumb/v7e-m+fp/hard/libc_nano.a(lib_a-init.o)
                              /opt/st/stm32cubeide_1.9.0/plugins/com.st.stm32cube.ide.mcu.externaltools.gnu-tools-for-stm32.10.3-2021.10.linux64_1.0.0.202111181127/tools/bin/../lib/gcc/arm-none-eabi/10.3.1/../../../../arm-none-eabi/lib/thumb/v7e-m+fp/hard/crt0.o (__libc_init_array)
/opt/st/stm32cubeide_1.9.0/plugins/com.st.stm32cube.ide.mcu.externaltools.gnu-tools-for-stm32.10.3-2021.10.linux64_1.0.0.202111181127/tools/bin/../lib/gcc/arm-none-eabi/10.3.1/../../../../arm-none-eabi/lib/thumb/v7e-m+fp/hard/libc_nano.a(lib_a-malloc.o)
                              ./Core/Src/c2_frame.o (malloc)
/opt/st/stm32cubeide_1.9.0/plugins/com.st.stm32cube.ide.mcu.externaltools.gnu-tools-for-stm32.10.3-2021.10.linux64_1.0.0.202111181127/tools/bin/../lib/gcc/arm-none-eabi/10.3.1/../../../../arm-none-eabi/lib/thumb/v7e-m+fp/hard/libc_nano.a(lib_a-memcpy-stub.o)
                              ./Middlewares/Third_Party/FreeRTOS/Source/queue.o (memcpy)
/opt/st/stm32cubeide_1.9.0/plugins/com.st.stm32cube.ide.mcu.externaltools.gnu-tools-for-stm32.10.3-2021.10.linux64_1.0.0.202111181127/tools/bin/../lib/gcc/arm-none-eabi/10.3.1/../../../../arm-none-eabi/lib/thumb/v7e-m+fp/hard/libc_nano.a(lib_a-memmove.o)
                              ./Core/Src/package.o (memmove)
/opt/st/stm32cubeide_1.9.0/plugins/com.st.stm32cube.ide.mcu.externaltools.gnu-tools-for-stm32.10.3-2021.10.linux64_1.0.0.202111181127/tools/bin/../lib/gcc/arm-none-eabi/10.3.1/../../../../arm-none-eabi/lib/thumb/v7e-m+fp/hard/libc_nano.a(lib_a-memset.o)
                              /opt/st/stm32cubeide_1.9.0/plugins/com.st.stm32cube.ide.mcu.externaltools.gnu-tools-for-stm32.10.3-2021.10.linux64_1.0.0.202111181127/tools/bin/../lib/gcc/arm-none-eabi/10.3.1/../../../../arm-none-eabi/lib/thumb/v7e-m+fp/hard/crt0.o (memset)
/opt/st/stm32cubeide_1.9.0/plugins/com.st.stm32cube.ide.mcu.externaltools.gnu-tools-for-stm32.10.3-2021.10.linux64_1.0.0.202111181127/tools/bin/../lib/gcc/arm-none-eabi/10.3.1/../../../../arm-none-eabi/lib/thumb/v7e-m+fp/hard/libc_nano.a(lib_a-nano-freer.o)
                              /opt/st/stm32cubeide_1.9.0/plugins/com.st.stm32cube.ide.mcu.externaltools.gnu-tools-for-stm32.10.3-2021.10.linux64_1.0.0.202111181127/tools/bin/../lib/gcc/arm-none-eabi/10.3.1/../../../../arm-none-eabi/lib/thumb/v7e-m+fp/hard/libc_nano.a(lib_a-malloc.o) (_free_r)
/opt/st/stm32cubeide_1.9.0/plugins/com.st.stm32cube.ide.mcu.externaltools.gnu-tools-for-stm32.10.3-2021.10.linux64_1.0.0.202111181127/tools/bin/../lib/gcc/arm-none-eabi/10.3.1/../../../../arm-none-eabi/lib/thumb/v7e-m+fp/hard/libc_nano.a(lib_a-nano-mallocr.o)
                              /opt/st/stm32cubeide_1.9.0/plugins/com.st.stm32cube.ide.mcu.externaltools.gnu-tools-for-stm32.10.3-2021.10.linux64_1.0.0.202111181127/tools/bin/../lib/gcc/arm-none-eabi/10.3.1/../../../../arm-none-eabi/lib/thumb/v7e-m+fp/hard/libc_nano.a(lib_a-malloc.o) (_malloc_r)
/opt/st/stm32cubeide_1.9.0/plugins/com.st.stm32cube.ide.mcu.externaltools.gnu-tools-for-stm32.10.3-2021.10.linux64_1.0.0.202111181127/tools/bin/../lib/gcc/arm-none-eabi/10.3.1/../../../../arm-none-eabi/lib/thumb/v7e-m+fp/hard/libc_nano.a(lib_a-sbrkr.o)
[...]
Memory Configuration

Name             Origin             Length             Attributes
CCMRAM           0x0000000010000000 0x0000000000010000 xrw
RAM              0x0000000020000000 0x0000000000030000 xrw
FLASH            0x0000000008000000 0x0000000000200000 xr
*default*        0x0000000000000000 0xffffffffffffffff

Linker script and memory map

LOAD /opt/st/stm32cubeide_1.9.0/plugins/com.st.stm32cube.ide.mcu.externaltools.gnu-tools-for-stm32.10.3-2021.10.linux64_1.0.0.202111181127/tools/bin/../lib/gcc/arm-none-eabi/10.3.1/thumb/v7e-m+fp/hard/crti.o
LOAD /opt/st/stm32cubeide_1.9.0/plugins/com.st.stm32cube.ide.mcu.externaltools.gnu-tools-for-stm32.10.3-2021.10.linux64_1.0.0.202111181127/tools/bin/../lib/gcc/arm-none-eabi/10.3.1/thumb/v7e-m+fp/hard/crtbegin.o
LOAD /opt/st/stm32cubeide_1.9.0/plugins/com.st.stm32cube.ide.mcu.externaltools.gnu-tools-for-stm32.10.3-2021.10.linux64_1.0.0.202111181127/tools/bin/../lib/gcc/arm-none-eabi/10.3.1/../../../../arm-none-eabi/lib/thumb/v7e-m+fp/hard/crt0.o
LOAD ./Core/Src/app_state_machine.o
LOAD ./Core/Src/application.o
LOAD ./Core/Src/c2_frame.o
LOAD ./Core/Src/c2_parser.o
LOAD ./Core/Src/crc8.o
LOAD ./Core/Src/frame_separation.o
LOAD ./Core/Src/freertos.o
LOAD ./Core/Src/main.o
LOAD ./Core/Src/package.o
LOAD ./Core/Src/stm32f4xx_hal_msp.o
LOAD ./Core/Src/stm32f4xx_it.o
LOAD ./Core/Src/syscalls.o
LOAD ./Core/Src/sysmem.o
LOAD ./Core/Src/system_stm32f4xx.o
LOAD ./Core/Startup/startup_stm32f429zitx.o
LOAD ./Drivers/STM32F4xx_HAL_Driver/Src/stm32f4xx_hal.o
LOAD ./Drivers/STM32F4xx_HAL_Driver/Src/stm32f4xx_hal_cortex.o
LOAD ./Drivers/STM32F4xx_HAL_Driver/Src/stm32f4xx_hal_dma.o
LOAD ./Drivers/STM32F4xx_HAL_Driver/Src/stm32f4xx_hal_dma_ex.o
LOAD ./Drivers/STM32F4xx_HAL_Driver/Src/stm32f4xx_hal_eth.o
LOAD ./Drivers/STM32F4xx_HAL_Driver/Src/stm32f4xx_hal_exti.o
LOAD ./Drivers/STM32F4xx_HAL_Driver/Src/stm32f4xx_hal_flash.o
LOAD ./Drivers/STM32F4xx_HAL_Driver/Src/stm32f4xx_hal_flash_ex.o
LOAD ./Drivers/STM32F4xx_HAL_Driver/Src/stm32f4xx_hal_flash_ramfunc.o
LOAD ./Drivers/STM32F4xx_HAL_Driver/Src/stm32f4xx_hal_gpio.o
LOAD ./Drivers/STM32F4xx_HAL_Driver/Src/stm32f4xx_hal_pcd.o
LOAD ./Drivers/STM32F4xx_HAL_Driver/Src/stm32f4xx_hal_pcd_ex.o
LOAD ./Drivers/STM32F4xx_HAL_Driver/Src/stm32f4xx_hal_pwr.o
LOAD ./Drivers/STM32F4xx_HAL_Driver/Src/stm32f4xx_hal_pwr_ex.o
LOAD ./Drivers/STM32F4xx_HAL_Driver/Src/stm32f4xx_hal_rcc.o
LOAD ./Drivers/STM32F4xx_HAL_Driver/Src/stm32f4xx_hal_rcc_ex.o
LOAD ./Drivers/STM32F4xx_HAL_Driver/Src/stm32f4xx_hal_tim.o
LOAD ./Drivers/STM32F4xx_HAL_Driver/Src/stm32f4xx_hal_tim_ex.o
LOAD ./Drivers/STM32F4xx_HAL_Driver/Src/stm32f4xx_hal_uart.o
LOAD ./Drivers/STM32F4xx_HAL_Driver/Src/stm32f4xx_ll_usb.o
LOAD ./Middlewares/Third_Party/FreeRTOS/Source/CMSIS_RTOS/cmsis_os.o
LOAD ./Middlewares/Third_Party/FreeRTOS/Source/croutine.o
LOAD ./Middlewares/Third_Party/FreeRTOS/Source/event_groups.o
LOAD ./Middlewares/Third_Party/FreeRTOS/Source/list.o
LOAD ./Middlewares/Third_Party/FreeRTOS/Source/queue.o
LOAD ./Middlewares/Third_Party/FreeRTOS/Source/stream_buffer.o
LOAD ./Middlewares/Third_Party/FreeRTOS/Source/tasks.o
LOAD ./Middlewares/Third_Party/FreeRTOS/Source/timers.o
LOAD ./Middlewares/Third_Party/FreeRTOS/Source/portable/GCC/ARM_CM4F/port.o
LOAD ./Middlewares/Third_Party/FreeRTOS/Source/portable/MemMang/heap_4.o
START GROUP
LOAD /opt/st/stm32cubeide_1.9.0/plugins/com.st.stm32cube.ide.mcu.externaltools.gnu-tools-for-stm32.10.3-2021.10.linux64_1.0.0.202111181127/tools/bin/../lib/gcc/arm-none-eabi/10.3.1/../../../../arm-none-eabi/lib/thumb/v7e-m+fp/hard/libc_nano.a
LOAD /opt/st/stm32cubeide_1.9.0/plugins/com.st.stm32cube.ide.mcu.externaltools.gnu-tools-for-stm32.10.3-2021.10.linux64_1.0.0.202111181127/tools/bin/../lib/gcc/arm-none-eabi/10.3.1/../../../../arm-none-eabi/lib/thumb/v7e-m+fp/hard/libm.a
END GROUP
START GROUP
LOAD /opt/st/stm32cubeide_1.9.0/plugins/com.st.stm32cube.ide.mcu.externaltools.gnu-tools-for-stm32.10.3-2021.10.linux64_1.0.0.202111181127/tools/bin/../lib/gcc/arm-none-eabi/10.3.1/thumb/v7e-m+fp/hard/libgcc.a
LOAD /opt/st/stm32cubeide_1.9.0/plugins/com.st.stm32cube.ide.mcu.externaltools.gnu-tools-for-stm32.10.3-2021.10.linux64_1.0.0.202111181127/tools/bin/../lib/gcc/arm-none-eabi/10.3.1/../../../../arm-none-eabi/lib/thumb/v7e-m+fp/hard/libc_nano.a
END GROUP
START GROUP
LOAD /opt/st/stm32cubeide_1.9.0/plugins/com.st.stm32cube.ide.mcu.externaltools.gnu-tools-for-stm32.10.3-2021.10.linux64_1.0.0.202111181127/tools/bin/../lib/gcc/arm-none-eabi/10.3.1/thumb/v7e-m+fp/hard/libgcc.a
LOAD /opt/st/stm32cubeide_1.9.0/plugins/com.st.stm32cube.ide.mcu.externaltools.gnu-tools-for-stm32.10.3-2021.10.linux64_1.0.0.202111181127/tools/bin/../lib/gcc/arm-none-eabi/10.3.1/../../../../arm-none-eabi/lib/thumb/v7e-m+fp/hard/libc_nano.a
LOAD /opt/st/stm32cubeide_1.9.0/plugins/com.st.stm32cube.ide.mcu.externaltools.gnu-tools-for-stm32.10.3-2021.10.linux64_1.0.0.202111181127/tools/bin/../lib/gcc/arm-none-eabi/10.3.1/../../../../arm-none-eabi/lib/thumb/v7e-m+fp/hard/libnosys.a
END GROUP
START GROUP
LOAD /opt/st/stm32cubeide_1.9.0/plugins/com.st.stm32cube.ide.mcu.externaltools.gnu-tools-for-stm32.10.3-2021.10.linux64_1.0.0.202111181127/tools/bin/../lib/gcc/arm-none-eabi/10.3.1/thumb/v7e-m+fp/hard/libgcc.a
LOAD /opt/st/stm32cubeide_1.9.0/plugins/com.st.stm32cube.ide.mcu.externaltools.gnu-tools-for-stm32.10.3-2021.10.linux64_1.0.0.202111181127/tools/bin/../lib/gcc/arm-none-eabi/10.3.1/../../../../arm-none-eabi/lib/thumb/v7e-m+fp/hard/libc_nano.a
LOAD /opt/st/stm32cubeide_1.9.0/plugins/com.st.stm32cube.ide.mcu.externaltools.gnu-tools-for-stm32.10.3-2021.10.linux64_1.0.0.202111181127/tools/bin/../lib/gcc/arm-none-eabi/10.3.1/../../../../arm-none-eabi/lib/thumb/v7e-m+fp/hard/libnosys.a
END GROUP
LOAD /opt/st/stm32cubeide_1.9.0/plugins/com.st.stm32cube.ide.mcu.externaltools.gnu-tools-for-stm32.10.3-2021.10.linux64_1.0.0.202111181127/tools/bin/../lib/gcc/arm-none-eabi/10.3.1/thumb/v7e-m+fp/hard/crtend.o
LOAD /opt/st/stm32cubeide_1.9.0/plugins/com.st.stm32cube.ide.mcu.externaltools.gnu-tools-for-stm32.10.3-2021.10.linux64_1.0.0.202111181127/tools/bin/../lib/gcc/arm-none-eabi/10.3.1/thumb/v7e-m+fp/hard/crtn.o
                0x0000000020030000                _estack = (ORIGIN (RAM) + LENGTH (RAM))
                0x0000000000000200                _Min_Heap_Size = 0x200
                0x0000000000000400                _Min_Stack_Size = 0x400

.isr_vector     0x0000000008000000      0x1ac
                0x0000000008000000                . = ALIGN (0x4)
 *(.isr_vector)
 .isr_vector    0x0000000008000000      0x1ac ./Core/Startup/startup_stm32f429zitx.o
                0x0000000008000000                g_pfnVectors
                0x00000000080001ac                . = ALIGN (0x4)

.text           0x00000000080001b0     0x61d4
                0x00000000080001b0                . = ALIGN (0x4)
 *(.text)
 .text          0x00000000080001b0       0x40 /opt/st/stm32cubeide_1.9.0/plugins/com.st.stm32cube.ide.mcu.externaltools.gnu-tools-for-stm32.10.3-2021.10.linux64_1.0.0.202111181127/tools/bin/../lib/gcc/arm-none-eabi/10.3.1/thumb/v7e-m+fp/hard/crtbegin.o
 .text          0x00000000080001f0       0x30 /opt/st/stm32cubeide_1.9.0/plugins/com.st.stm32cube.ide.mcu.externaltools.gnu-tools-for-stm32.10.3-2021.10.linux64_1.0.0.202111181127/tools/bin/../lib/gcc/arm-none-eabi/10.3.1/thumb/v7e-m+fp/hard/libgcc.a(_aeabi_uldivmod.o)
                0x00000000080001f0                __aeabi_uldivmod
 .text          0x0000000008000220      0x2d0 /opt/st/stm32cubeide_1.9.0/plugins/com.st.stm32cube.ide.mcu.externaltools.gnu-tools-for-stm32.10.3-2021.10.linux64_1.0.0.202111181127/tools/bin/../lib/gcc/arm-none-eabi/10.3.1/thumb/v7e-m+fp/hard/libgcc.a(_udivmoddi4.o)
                0x0000000008000220                __udivmoddi4
 .text          0x00000000080004f0        0x4 /opt/st/stm32cubeide_1.9.0/plugins/com.st.stm32cube.ide.mcu.externaltools.gnu-tools-for-stm32.10.3-2021.10.linux64_1.0.0.202111181127/tools/bin/../lib/gcc/arm-none-eabi/10.3.1/thumb/v7e-m+fp/hard/libgcc.a(_dvmd_tls.o)
                0x00000000080004f0                __aeabi_ldiv0
                0x00000000080004f0                __aeabi_idiv0
 *(.text*)
 .text.task_c2_out
                0x00000000080004f4       0x70 ./Core/Src/application.o
 .text.task_c3  0x0000000008000564       0x44 ./Core/Src/application.o
 .text.application
                0x00000000080005a8       0x90 ./Core/Src/application.o
                0x00000000080005a8                application
 .text.HAL_UART_TxCpltCallback
                0x0000000008000638       0x14 ./Core/Src/application.o
                0x0000000008000638                HAL_UART_TxCpltCallback
 .text.timer_call_back
                0x000000000800064c       0x1e ./Core/Src/c2_frame.o
                0x000000000800064c                timer_call_back
 *fill*         0x000000000800066a        0x2 
 .text.frame_init
                0x000000000800066c       0x58 ./Core/Src/c2_frame.o
                0x000000000800066c                frame_init
 .text.frame_reset
                0x00000000080006c4       0x2a ./Core/Src/c2_frame.o
                0x00000000080006c4                frame_reset
 .text.frame_process
                0x00000000080006ee      0x1be ./Core/Src/c2_frame.o
                0x00000000080006ee                frame_process
 .text.calculate_crc
                0x00000000080008ac       0x2a ./Core/Src/c2_frame.o
                0x00000000080008ac                calculate_crc
 .text.convert_ascii_to_uint
                0x00000000080008d6       0x7a ./Core/Src/c2_frame.o
                0x00000000080008d6                convert_ascii_to_uint
 .text.convert_uint_to_ascii
                0x0000000008000950       0x66 ./Core/Src/c2_frame.o
                0x0000000008000950                convert_uint_to_ascii
 .text.c2_parser_init
                0x00000000080009b6       0x3e ./Core/Src/c2_parser.o
                0x00000000080009b6                c2_parser_init
 .text.validate_id_hex
                0x00000000080009f4       0x64 ./Core/Src/c2_parser.o
                0x00000000080009f4                validate_id_hex
 .text.validate_crc_hex
                0x0000000008000a58       0x64 ./Core/Src/c2_parser.o
                0x0000000008000a58                validate_crc_hex
 .text.crc8_calc
                0x0000000008000abc       0x7c ./Core/Src/crc8.o
                0x0000000008000abc                crc8_calc
 .text.vApplicationGetIdleTaskMemory
                0x0000000008000b38       0x34 ./Core/Src/freertos.o
                0x0000000008000b38                vApplicationGetIdleTaskMemory
 .text.vApplicationGetTimerTaskMemory
                0x0000000008000b6c       0x34 ./Core/Src/freertos.o
                0x0000000008000b6c                vApplicationGetTimerTaskMemory
 .text.main     0x0000000008000ba0       0x44 ./Core/Src/main.o
                0x0000000008000ba0                main
 .text.SystemClock_Config
                0x0000000008000be4       0xe0 ./Core/Src/main.o
                0x0000000008000be4                SystemClock_Config
 .text.MX_USART2_UART_Init
                0x0000000008000cc4       0x54 ./Core/Src/main.o
 .text.MX_USART3_UART_Init
                0x0000000008000d18       0x54 ./Core/Src/main.o
 .text.MX_GPIO_Init
                0x0000000008000d6c      0x220 ./Core/Src/main.o
 .text.HAL_UART_RxCpltCallback
                0x0000000008000f8c       0x40 ./Core/Src/main.o
                0x0000000008000f8c                HAL_UART_RxCpltCallback
 .text.Error_Handler
                0x0000000008000fcc        0xa ./Core/Src/main.o
                0x0000000008000fcc                Error_Handler
 .text.validate_data
                0x0000000008000fd6       0x82 ./Core/Src/package.o
                0x0000000008000fd6                validate_data
 .text.convert_snake_case
                0x0000000008001058       0xba ./Core/Src/package.o
                0x0000000008001058                convert_snake_case
 .text.convert_camel_case
                0x0000000008001112       0xec ./Core/Src/package.o
                0x0000000008001112                convert_camel_case
 .text.convert_pascal_case
                0x00000000080011fe       0xde ./Core/Src/package.o
                0x00000000080011fe                convert_pascal_case
 .text.process_package
                0x00000000080012dc       0x4a ./Core/Src/package.o
                0x00000000080012dc                process_package
 *fill*         0x0000000008001326        0x2 
 .text.HAL_MspInit
                0x0000000008001328       0x58 ./Core/Src/stm32f4xx_hal_msp.o
                0x0000000008001328                HAL_MspInit
 .text.HAL_UART_MspInit
                0x0000000008001380      0x158 ./Core/Src/stm32f4xx_hal_msp.o
                0x0000000008001380                HAL_UART_MspInit
 .text.NMI_Handler
                0x00000000080014d8        0x6 ./Core/Src/stm32f4xx_it.o
                0x00000000080014d8                NMI_Handler
 .text.HardFault_Handler
                0x00000000080014de        0x6 ./Core/Src/stm32f4xx_it.o
                0x00000000080014de                HardFault_Handler
 .text.MemManage_Handler
                0x00000000080014e4        0x6 ./Core/Src/stm32f4xx_it.o
                0x00000000080014e4                MemManage_Handler
 .text.BusFault_Handler
                0x00000000080014ea        0x6 ./Core/Src/stm32f4xx_it.o
                0x00000000080014ea                BusFault_Handler
 .text.UsageFault_Handler
                0x00000000080014f0        0x6 ./Core/Src/stm32f4xx_it.o
                0x00000000080014f0                UsageFault_Handler
 .text.DebugMon_Handler
                0x00000000080014f6        0xe ./Core/Src/stm32f4xx_it.o
                0x00000000080014f6                DebugMon_Handler
 .text.SysTick_Handler
                0x0000000008001504       0x1a ./Core/Src/stm32f4xx_it.o
                0x0000000008001504                SysTick_Handler
 *fill*         0x000000000800151e        0x2 
 .text.USART2_IRQHandler
                0x0000000008001520       0x24 ./Core/Src/stm32f4xx_it.o
                0x0000000008001520                USART2_IRQHandler
 .text.USART3_IRQHandler
                0x0000000008001544       0x24 ./Core/Src/stm32f4xx_it.o
                0x0000000008001544                USART3_IRQHandler
 .text._sbrk    0x0000000008001568       0x6c ./Core/Src/sysmem.o
                0x0000000008001568                _sbrk
 .text.SystemInit
                0x00000000080015d4       0x24 ./Core/Src/system_stm32f4xx.o
                0x00000000080015d4                SystemInit
 .text.Reset_Handler
                0x00000000080015f8       0x50 ./Core/Startup/startup_stm32f429zitx.o
                0x00000000080015f8                Reset_Handler
 .text.Default_Handler
                0x0000000008001648        0x2 ./Core/Startup/startup_stm32f429zitx.o
                0x0000000008001648                RTC_Alarm_IRQHandler
                0x0000000008001648                HASH_RNG_IRQHandler
                0x0000000008001648                EXTI2_IRQHandler
                0x0000000008001648                TIM8_CC_IRQHandler
                0x0000000008001648                UART8_IRQHandler
                0x0000000008001648                SPI4_IRQHandler
                0x0000000008001648                TIM1_CC_IRQHandler
                0x0000000008001648                DMA2_Stream5_IRQHandler
                0x0000000008001648                DMA1_Stream5_IRQHandler
                0x0000000008001648                PVD_IRQHandler
                0x0000000008001648                SDIO_IRQHandler
                0x0000000008001648                TAMP_STAMP_IRQHandler
                0x0000000008001648                CAN2_RX1_IRQHandler
                0x0000000008001648                EXTI3_IRQHandler
                0x0000000008001648                TIM8_TRG_COM_TIM14_IRQHandler
                0x0000000008001648                TIM1_UP_TIM10_IRQHandler
                0x0000000008001648                TIM8_UP_TIM13_IRQHandler
                0x0000000008001648                I2C3_ER_IRQHandler
                0x0000000008001648                EXTI0_IRQHandler
                0x0000000008001648                I2C2_EV_IRQHandler
                0x0000000008001648                DMA1_Stream2_IRQHandler
                0x0000000008001648                CAN1_RX0_IRQHandler
                0x0000000008001648                FPU_IRQHandler
                0x0000000008001648                OTG_HS_WKUP_IRQHandler
                0x0000000008001648                LTDC_ER_IRQHandler
                0x0000000008001648                CAN2_SCE_IRQHandler
                0x0000000008001648                DMA2_Stream2_IRQHandler
                0x0000000008001648                SPI1_IRQHandler
                0x0000000008001648                TIM6_DAC_IRQHandler
                0x0000000008001648                TIM1_BRK_TIM9_IRQHandler
                0x0000000008001648                DCMI_IRQHandler
                0x0000000008001648                CAN2_RX0_IRQHandler
                0x0000000008001648                DMA2_Stream3_IRQHandler
                0x0000000008001648                USART6_IRQHandler
                0x0000000008001648                CAN1_RX1_IRQHandler
                0x0000000008001648                UART5_IRQHandler
                0x0000000008001648                DMA2_Stream0_IRQHandler
                0x0000000008001648                TIM4_IRQHandler
                0x0000000008001648                I2C1_EV_IRQHandler
                0x0000000008001648                DMA1_Stream6_IRQHandler
                0x0000000008001648                DMA1_Stream1_IRQHandler
                0x0000000008001648                UART4_IRQHandler
                0x0000000008001648                TIM3_IRQHandler
                0x0000000008001648                RCC_IRQHandler
                0x0000000008001648                TIM8_BRK_TIM12_IRQHandler
                0x0000000008001648                Default_Handler
                0x0000000008001648                EXTI15_10_IRQHandler
                0x0000000008001648                ADC_IRQHandler
                0x0000000008001648                DMA1_Stream7_IRQHandler
                0x0000000008001648                SPI5_IRQHandler
                0x0000000008001648                TIM7_IRQHandler
                0x0000000008001648                CAN2_TX_IRQHandler
                0x0000000008001648                TIM5_IRQHandler
                0x0000000008001648                DMA2_Stream7_IRQHandler
                0x0000000008001648                I2C3_EV_IRQHandler
                0x0000000008001648                EXTI9_5_IRQHandler
                0x0000000008001648                RTC_WKUP_IRQHandler
                0x0000000008001648                LTDC_IRQHandler
                0x0000000008001648                ETH_WKUP_IRQHandler
                0x0000000008001648                SPI2_IRQHandler
                0x0000000008001648                OTG_HS_EP1_IN_IRQHandler
                0x0000000008001648                DMA1_Stream0_IRQHandler
                0x0000000008001648                CAN1_TX_IRQHandler
                0x0000000008001648                EXTI4_IRQHandler
                0x0000000008001648                ETH_IRQHandler
                0x0000000008001648                OTG_HS_EP1_OUT_IRQHandler
                0x0000000008001648                WWDG_IRQHandler
                0x0000000008001648                SPI6_IRQHandler
                0x0000000008001648                TIM2_IRQHandler
                0x0000000008001648                OTG_FS_WKUP_IRQHandler
                0x0000000008001648                TIM1_TRG_COM_TIM11_IRQHandler
                0x0000000008001648                OTG_HS_IRQHandler
                0x0000000008001648                DMA2D_IRQHandler
                0x0000000008001648                EXTI1_IRQHandler
                0x0000000008001648                UART7_IRQHandler
                0x0000000008001648                I2C2_ER_IRQHandler
                0x0000000008001648                DMA2_Stream1_IRQHandler
                0x0000000008001648                CAN1_SCE_IRQHandler
                0x0000000008001648                FLASH_IRQHandler
                0x0000000008001648                DMA2_Stream4_IRQHandler
                0x0000000008001648                USART1_IRQHandler
                0x0000000008001648                OTG_FS_IRQHandler
                0x0000000008001648                SPI3_IRQHandler
                0x0000000008001648                DMA1_Stream4_IRQHandler
                0x0000000008001648                I2C1_ER_IRQHandler
                0x0000000008001648                FMC_IRQHandler
                0x0000000008001648                DMA2_Stream6_IRQHandler
                0x0000000008001648                SAI1_IRQHandler
                0x0000000008001648                DMA1_Stream3_IRQHandler
 *fill*         0x000000000800164a        0x2 
 .text.HAL_Init
                0x000000000800164c       0x44 ./Drivers/STM32F4xx_HAL_Driver/Src/stm32f4xx_hal.o
                0x000000000800164c                HAL_Init
 .text.HAL_InitTick
                0x0000000008001690       0x60 ./Drivers/STM32F4xx_HAL_Driver/Src/stm32f4xx_hal.o
                0x0000000008001690                HAL_InitTick
 .text.HAL_IncTick
                0x00000000080016f0       0x28 ./Drivers/STM32F4xx_HAL_Driver/Src/stm32f4xx_hal.o
                0x00000000080016f0                HAL_IncTick
 .text.HAL_GetTick
                0x0000000008001718       0x18 ./Drivers/STM32F4xx_HAL_Driver/Src/stm32f4xx_hal.o
                0x0000000008001718                HAL_GetTick
 .text.__NVIC_SetPriorityGrouping
                0x0000000008001730       0x48 ./Drivers/STM32F4xx_HAL_Driver/Src/stm32f4xx_hal_cortex.o
 .text.__NVIC_GetPriorityGrouping
                0x0000000008001778       0x1c ./Drivers/STM32F4xx_HAL_Driver/Src/stm32f4xx_hal_cortex.o
 .text.__NVIC_EnableIRQ
                0x0000000008001794       0x3c ./Drivers/STM32F4xx_HAL_Driver/Src/stm32f4xx_hal_cortex.o
 .text.__NVIC_SetPriority
                0x00000000080017d0       0x54 ./Drivers/STM32F4xx_HAL_Driver/Src/stm32f4xx_hal_cortex.o
 .text.NVIC_EncodePriority
                0x0000000008001824       0x66 ./Drivers/STM32F4xx_HAL_Driver/Src/stm32f4xx_hal_cortex.o
 *fill*         0x000000000800188a        0x2 
 .text.SysTick_Config
                0x000000000800188c       0x44 ./Drivers/STM32F4xx_HAL_Driver/Src/stm32f4xx_hal_cortex.o
 .text.HAL_NVIC_SetPriorityGrouping
                0x00000000080018d0       0x16 ./Drivers/STM32F4xx_HAL_Driver/Src/stm32f4xx_hal_cortex.o
                0x00000000080018d0                HAL_NVIC_SetPriorityGrouping
 .text.HAL_NVIC_SetPriority
                0x00000000080018e6       0x38 ./Drivers/STM32F4xx_HAL_Driver/Src/stm32f4xx_hal_cortex.o
                0x00000000080018e6                HAL_NVIC_SetPriority
 .text.HAL_NVIC_EnableIRQ
                0x000000000800191e       0x1c ./Drivers/STM32F4xx_HAL_Driver/Src/stm32f4xx_hal_cortex.o
                0x000000000800191e                HAL_NVIC_EnableIRQ
 .text.HAL_SYSTICK_Config
                0x000000000800193a       0x18 ./Drivers/STM32F4xx_HAL_Driver/Src/stm32f4xx_hal_cortex.o
                0x000000000800193a                HAL_SYSTICK_Config
 .text.HAL_DMA_Abort
                0x0000000008001952       0xe0 ./Drivers/STM32F4xx_HAL_Driver/Src/stm32f4xx_hal_dma.o
                0x0000000008001952                HAL_DMA_Abort
 .text.HAL_DMA_Abort_IT
                0x0000000008001a32       0x44 ./Drivers/STM32F4xx_HAL_Driver/Src/stm32f4xx_hal_dma.o
                0x0000000008001a32                HAL_DMA_Abort_IT
 *fill*         0x0000000008001a76        0x2 
 .text.HAL_GPIO_Init
                0x0000000008001a78      0x358 ./Drivers/STM32F4xx_HAL_Driver/Src/stm32f4xx_hal_gpio.o
                0x0000000008001a78                HAL_GPIO_Init
 .text.HAL_GPIO_WritePin
                0x0000000008001dd0       0x32 ./Drivers/STM32F4xx_HAL_Driver/Src/stm32f4xx_hal_gpio.o
                0x0000000008001dd0                HAL_GPIO_WritePin
 *fill*         0x0000000008001e02        0x2 
 .text.HAL_PWREx_EnableOverDrive
                0x0000000008001e04       0xa0 ./Drivers/STM32F4xx_HAL_Driver/Src/stm32f4xx_hal_pwr_ex.o
                0x0000000008001e04                HAL_PWREx_EnableOverDrive
 .text.HAL_RCC_OscConfig
                0x0000000008001ea4      0x4f0 ./Drivers/STM32F4xx_HAL_Driver/Src/stm32f4xx_hal_rcc.o
                0x0000000008001ea4                HAL_RCC_OscConfig
 .text.HAL_RCC_ClockConfig
                0x0000000008002394      0x1cc ./Drivers/STM32F4xx_HAL_Driver/Src/stm32f4xx_hal_rcc.o
                0x0000000008002394                HAL_RCC_ClockConfig
 .text.HAL_RCC_GetSysClockFreq
                0x0000000008002560      0x20c ./Drivers/STM32F4xx_HAL_Driver/Src/stm32f4xx_hal_rcc.o
                0x0000000008002560                HAL_RCC_GetSysClockFreq
 .text.HAL_RCC_GetHCLKFreq
                0x000000000800276c       0x18 ./Drivers/STM32F4xx_HAL_Driver/Src/stm32f4xx_hal_rcc.o
                0x000000000800276c                HAL_RCC_GetHCLKFreq
 .text.HAL_RCC_GetPCLK1Freq
                0x0000000008002784       0x28 ./Drivers/STM32F4xx_HAL_Driver/Src/stm32f4xx_hal_rcc.o
                0x0000000008002784                HAL_RCC_GetPCLK1Freq
 .text.HAL_RCC_GetPCLK2Freq
                0x00000000080027ac       0x28 ./Drivers/STM32F4xx_HAL_Driver/Src/stm32f4xx_hal_rcc.o
                0x00000000080027ac                HAL_RCC_GetPCLK2Freq
 .text.HAL_UART_Init
                0x00000000080027d4       0x9a ./Drivers/STM32F4xx_HAL_Driver/Src/stm32f4xx_hal_uart.o
                0x00000000080027d4                HAL_UART_Init
 .text.HAL_UART_Transmit_IT
                0x000000000800286e       0x8a ./Drivers/STM32F4xx_HAL_Driver/Src/stm32f4xx_hal_uart.o
                0x000000000800286e                HAL_UART_Transmit_IT
 .text.HAL_UART_Receive_IT
                0x00000000080028f8       0x60 ./Drivers/STM32F4xx_HAL_Driver/Src/stm32f4xx_hal_uart.o
                0x00000000080028f8                HAL_UART_Receive_IT
 .text.HAL_UART_IRQHandler
                0x0000000008002958      0x51c ./Drivers/STM32F4xx_HAL_Driver/Src/stm32f4xx_hal_uart.o
                0x0000000008002958                HAL_UART_IRQHandler
 .text.HAL_UART_ErrorCallback
                0x0000000008002e74       0x14 ./Drivers/STM32F4xx_HAL_Driver/Src/stm32f4xx_hal_uart.o
                0x0000000008002e74                HAL_UART_ErrorCallback
 .text.HAL_UARTEx_RxEventCallback
                0x0000000008002e88       0x18 ./Drivers/STM32F4xx_HAL_Driver/Src/stm32f4xx_hal_uart.o
                0x0000000008002e88                HAL_UARTEx_RxEventCallback
 .text.UART_Start_Receive_IT
                0x0000000008002ea0       0x74 ./Drivers/STM32F4xx_HAL_Driver/Src/stm32f4xx_hal_uart.o
                0x0000000008002ea0                UART_Start_Receive_IT
 .text.UART_EndRxTransfer
                0x0000000008002f14       0xc6 ./Drivers/STM32F4xx_HAL_Driver/Src/stm32f4xx_hal_uart.o
 .text.UART_DMAAbortOnError
                0x0000000008002fda       0x28 ./Drivers/STM32F4xx_HAL_Driver/Src/stm32f4xx_hal_uart.o
 .text.UART_Transmit_IT
                0x0000000008003002       0xa0 ./Drivers/STM32F4xx_HAL_Driver/Src/stm32f4xx_hal_uart.o
 .text.UART_EndTransmit_IT
                0x00000000080030a2       0x30 ./Drivers/STM32F4xx_HAL_Driver/Src/stm32f4xx_hal_uart.o
 .text.UART_Receive_IT
                0x00000000080030d2      0x176 ./Drivers/STM32F4xx_HAL_Driver/Src/stm32f4xx_hal_uart.o
 .text.UART_SetConfig
                0x0000000008003248      0x4e8 ./Drivers/STM32F4xx_HAL_Driver/Src/stm32f4xx_hal_uart.o
 .text.osKernelStart
                0x0000000008003730        0xe ./Middlewares/Third_Party/FreeRTOS/Source/CMSIS_RTOS/cmsis_os.o
                0x0000000008003730                osKernelStart
 .text.vListInitialise
                0x000000000800373e       0x40 ./Middlewares/Third_Party/FreeRTOS/Source/list.o
                0x000000000800373e                vListInitialise
 .text.vListInitialiseItem
                0x000000000800377e       0x1a ./Middlewares/Third_Party/FreeRTOS/Source/list.o
                0x000000000800377e                vListInitialiseItem
 .text.vListInsertEnd
                0x0000000008003798       0x48 ./Middlewares/Third_Party/FreeRTOS/Source/list.o
                0x0000000008003798                vListInsertEnd
 .text.vListInsert
                0x00000000080037e0       0x72 ./Middlewares/Third_Party/FreeRTOS/Source/list.o
                0x00000000080037e0                vListInsert
 .text.uxListRemove
                0x0000000008003852       0x54 ./Middlewares/Third_Party/FreeRTOS/Source/list.o
                0x0000000008003852                uxListRemove
 *fill*         0x00000000080038a6        0x2 
 .text.xQueueGenericReset
                0x00000000080038a8       0xd0 ./Middlewares/Third_Party/FreeRTOS/Source/queue.o
                0x00000000080038a8                xQueueGenericReset
 .text.xQueueGenericCreateStatic
                0x0000000008003978       0xf0 ./Middlewares/Third_Party/FreeRTOS/Source/queue.o
                0x0000000008003978                xQueueGenericCreateStatic
 .text.xQueueGenericCreate
                0x0000000008003a68       0x74 ./Middlewares/Third_Party/FreeRTOS/Source/queue.o
                0x0000000008003a68                xQueueGenericCreate
 .text.prvInitialiseNewQueue
                0x0000000008003adc       0x3e ./Middlewares/Third_Party/FreeRTOS/Source/queue.o
 *fill*         0x0000000008003b1a        0x2 
 .text.xQueueGenericSend
                0x0000000008003b1c      0x1fc ./Middlewares/Third_Party/FreeRTOS/Source/queue.o
                0x0000000008003b1c                xQueueGenericSend
 .text.xQueueGenericSendFromISR
                0x0000000008003d18      0x136 ./Middlewares/Third_Party/FreeRTOS/Source/queue.o
                0x0000000008003d18                xQueueGenericSendFromISR
 *fill*         0x0000000008003e4e        0x2 
 .text.xQueueReceive
                0x0000000008003e50      0x1c0 ./Middlewares/Third_Party/FreeRTOS/Source/queue.o
                0x0000000008003e50                xQueueReceive
 .text.prvCopyDataToQueue
                0x0000000008004010       0xd4 ./Middlewares/Third_Party/FreeRTOS/Source/queue.o
 .text.prvCopyDataFromQueue
                0x00000000080040e4       0x4c ./Middlewares/Third_Party/FreeRTOS/Source/queue.o
 .text.prvUnlockQueue
                0x0000000008004130       0xa4 ./Middlewares/Third_Party/FreeRTOS/Source/queue.o
 .text.prvIsQueueEmpty
                0x00000000080041d4       0x2c ./Middlewares/Third_Party/FreeRTOS/Source/queue.o
 .text.prvIsQueueFull
                0x0000000008004200       0x30 ./Middlewares/Third_Party/FreeRTOS/Source/queue.o
 .text.vQueueAddToRegistry
                0x0000000008004230       0x54 ./Middlewares/Third_Party/FreeRTOS/Source/queue.o
                0x0000000008004230                vQueueAddToRegistry
 .text.vQueueWaitForMessageRestricted
                0x0000000008004284       0x68 ./Middlewares/Third_Party/FreeRTOS/Source/queue.o
                0x0000000008004284                vQueueWaitForMessageRestricted
 .text.xTaskCreateStatic
                0x00000000080042ec       0xba ./Middlewares/Third_Party/FreeRTOS/Source/tasks.o
                0x00000000080042ec                xTaskCreateStatic
 .text.xTaskCreate
                0x00000000080043a6       0x8a ./Middlewares/Third_Party/FreeRTOS/Source/tasks.o
                0x00000000080043a6                xTaskCreate
 .text.prvInitialiseNewTask
                0x0000000008004430      0x10e ./Middlewares/Third_Party/FreeRTOS/Source/tasks.o
 *fill*         0x000000000800453e        0x2 
 .text.prvAddNewTaskToReadyList
                0x0000000008004540       0xd4 ./Middlewares/Third_Party/FreeRTOS/Source/tasks.o
 .text.vTaskStartScheduler
                0x0000000008004614       0xcc ./Middlewares/Third_Party/FreeRTOS/Source/tasks.o
                0x0000000008004614                vTaskStartScheduler
 .text.vTaskSuspendAll
                0x00000000080046e0       0x1c ./Middlewares/Third_Party/FreeRTOS/Source/tasks.o
                0x00000000080046e0                vTaskSuspendAll
 .text.xTaskResumeAll
                0x00000000080046fc      0x138 ./Middlewares/Third_Party/FreeRTOS/Source/tasks.o
                0x00000000080046fc                xTaskResumeAll
 .text.xTaskGetTickCount
                0x0000000008004834       0x20 ./Middlewares/Third_Party/FreeRTOS/Source/tasks.o
                0x0000000008004834                xTaskGetTickCount
 .text.xTaskGetTickCountFromISR
                0x0000000008004854       0x24 ./Middlewares/Third_Party/FreeRTOS/Source/tasks.o
                0x0000000008004854                xTaskGetTickCountFromISR
 .text.xTaskIncrementTick
                0x0000000008004878      0x170 ./Middlewares/Third_Party/FreeRTOS/Source/tasks.o
                0x0000000008004878                xTaskIncrementTick
 .text.vTaskSwitchContext
                0x00000000080049e8       0xb8 ./Middlewares/Third_Party/FreeRTOS/Source/tasks.o
                0x00000000080049e8                vTaskSwitchContext
 .text.vTaskPlaceOnEventList
                0x0000000008004aa0       0x48 ./Middlewares/Third_Party/FreeRTOS/Source/tasks.o
                0x0000000008004aa0                vTaskPlaceOnEventList
 .text.vTaskPlaceOnEventListRestricted
                0x0000000008004ae8       0x58 ./Middlewares/Third_Party/FreeRTOS/Source/tasks.o
                0x0000000008004ae8                vTaskPlaceOnEventListRestricted
 .text.xTaskRemoveFromEventList
                0x0000000008004b40       0xc4 ./Middlewares/Third_Party/FreeRTOS/Source/tasks.o
                0x0000000008004b40                xTaskRemoveFromEventList
 .text.vTaskInternalSetTimeOutState
                0x0000000008004c04       0x2c ./Middlewares/Third_Party/FreeRTOS/Source/tasks.o
                0x0000000008004c04                vTaskInternalSetTimeOutState
 .text.xTaskCheckForTimeOut
                0x0000000008004c30       0xc4 ./Middlewares/Third_Party/FreeRTOS/Source/tasks.o
                0x0000000008004c30                xTaskCheckForTimeOut
 .text.vTaskMissedYield
                0x0000000008004cf4       0x18 ./Middlewares/Third_Party/FreeRTOS/Source/tasks.o
                0x0000000008004cf4                vTaskMissedYield
 .text.prvIdleTask
                0x0000000008004d0c       0x30 ./Middlewares/Third_Party/FreeRTOS/Source/tasks.o
 .text.prvInitialiseTaskLists
                0x0000000008004d3c       0x80 ./Middlewares/Third_Party/FreeRTOS/Source/tasks.o
 .text.prvCheckTasksWaitingTermination
                0x0000000008004dbc       0x5c ./Middlewares/Third_Party/FreeRTOS/Source/tasks.o
 .text.prvDeleteTCB
                0x0000000008004e18       0x5e ./Middlewares/Third_Party/FreeRTOS/Source/tasks.o
 *fill*         0x0000000008004e76        0x2 
 .text.prvResetNextTaskUnblockTime
                0x0000000008004e78       0x40 ./Middlewares/Third_Party/FreeRTOS/Source/tasks.o
 .text.xTaskGetSchedulerState
                0x0000000008004eb8       0x3c ./Middlewares/Third_Party/FreeRTOS/Source/tasks.o
                0x0000000008004eb8                xTaskGetSchedulerState
 .text.xTaskPriorityDisinherit
                0x0000000008004ef4      0x10c ./Middlewares/Third_Party/FreeRTOS/Source/tasks.o
                0x0000000008004ef4                xTaskPriorityDisinherit
 .text.prvAddCurrentTaskToDelayedList
                0x0000000008005000       0xcc ./Middlewares/Third_Party/FreeRTOS/Source/tasks.o
 .text.xTimerCreateTimerTask
                0x00000000080050cc       0x90 ./Middlewares/Third_Party/FreeRTOS/Source/timers.o
                0x00000000080050cc                xTimerCreateTimerTask
 .text.xTimerCreate
                0x000000000800515c       0x42 ./Middlewares/Third_Party/FreeRTOS/Source/timers.o
                0x000000000800515c                xTimerCreate
 .text.prvInitialiseNewTimer
                0x000000000800519e       0x76 ./Middlewares/Third_Party/FreeRTOS/Source/timers.o
 .text.xTimerGenericCommand
                0x0000000008005214       0x9c ./Middlewares/Third_Party/FreeRTOS/Source/timers.o
                0x0000000008005214                xTimerGenericCommand
 .text.prvProcessExpiredTimer
                0x00000000080052b0       0x98 ./Middlewares/Third_Party/FreeRTOS/Source/timers.o
 .text.prvTimerTask
                0x0000000008005348       0x24 ./Middlewares/Third_Party/FreeRTOS/Source/timers.o
 .text.prvProcessTimerOrBlockTask
                0x000000000800536c       0x9c ./Middlewares/Third_Party/FreeRTOS/Source/timers.o
 .text.prvGetNextExpireTime
                0x0000000008005408       0x48 ./Middlewares/Third_Party/FreeRTOS/Source/timers.o
 .text.prvSampleTimeNow
                0x0000000008005450       0x40 ./Middlewares/Third_Party/FreeRTOS/Source/timers.o
 .text.prvInsertTimerInActiveList
                0x0000000008005490       0x84 ./Middlewares/Third_Party/FreeRTOS/Source/timers.o
 .text.prvProcessReceivedCommands
                0x0000000008005514      0x18c ./Middlewares/Third_Party/FreeRTOS/Source/timers.o
 .text.prvSwitchTimerLists
                0x00000000080056a0       0xc8 ./Middlewares/Third_Party/FreeRTOS/Source/timers.o
 .text.prvCheckForValidListAndQueue
                0x0000000008005768       0x80 ./Middlewares/Third_Party/FreeRTOS/Source/timers.o
 .text.pvTimerGetTimerID
                0x00000000080057e8       0x40 ./Middlewares/Third_Party/FreeRTOS/Source/timers.o
                0x00000000080057e8                pvTimerGetTimerID
 .text.pxPortInitialiseStack
                0x0000000008005828       0x68 ./Middlewares/Third_Party/FreeRTOS/Source/portable/GCC/ARM_CM4F/port.o
                0x0000000008005828                pxPortInitialiseStack
 .text.prvTaskExitError
                0x0000000008005890       0x58 ./Middlewares/Third_Party/FreeRTOS/Source/portable/GCC/ARM_CM4F/port.o
 *fill*         0x00000000080058e8        0x8 
 .text.SVC_Handler
                0x00000000080058f0       0x28 ./Middlewares/Third_Party/FreeRTOS/Source/portable/GCC/ARM_CM4F/port.o
                0x00000000080058f0                SVC_Handler
 .text.prvPortStartFirstTask
                0x0000000008005918       0x28 ./Middlewares/Third_Party/FreeRTOS/Source/portable/GCC/ARM_CM4F/port.o
 .text.xPortStartScheduler
                0x0000000008005940      0x144 ./Middlewares/Third_Party/FreeRTOS/Source/portable/GCC/ARM_CM4F/port.o
                0x0000000008005940                xPortStartScheduler
 .text.vPortEnterCritical
                0x0000000008005a84       0x60 ./Middlewares/Third_Party/FreeRTOS/Source/portable/GCC/ARM_CM4F/port.o
                0x0000000008005a84                vPortEnterCritical
 .text.vPortExitCritical
                0x0000000008005ae4       0x54 ./Middlewares/Third_Party/FreeRTOS/Source/portable/GCC/ARM_CM4F/port.o
                0x0000000008005ae4                vPortExitCritical
 *fill*         0x0000000008005b38        0x8 
 .text.PendSV_Handler
                0x0000000008005b40       0x68 ./Middlewares/Third_Party/FreeRTOS/Source/portable/GCC/ARM_CM4F/port.o
                0x0000000008005b40                PendSV_Handler
 .text.xPortSysTickHandler
                0x0000000008005ba8       0x44 ./Middlewares/Third_Party/FreeRTOS/Source/portable/GCC/ARM_CM4F/port.o
                0x0000000008005ba8                xPortSysTickHandler
 .text.vPortSetupTimerInterrupt
                0x0000000008005bec       0x48 ./Middlewares/Third_Party/FreeRTOS/Source/portable/GCC/ARM_CM4F/port.o
                0x0000000008005bec                vPortSetupTimerInterrupt
 .text.vPortEnableVFP
                0x0000000008005c34       0x14 ./Middlewares/Third_Party/FreeRTOS/Source/portable/GCC/ARM_CM4F/port.o
 .text.vPortValidateInterruptPriority
                0x0000000008005c48       0x80 ./Middlewares/Third_Party/FreeRTOS/Source/portable/GCC/ARM_CM4F/port.o
                0x0000000008005c48                vPortValidateInterruptPriority
 .text.pvPortMalloc
                0x0000000008005cc8      0x198 ./Middlewares/Third_Party/FreeRTOS/Source/portable/MemMang/heap_4.o
                0x0000000008005cc8                pvPortMalloc
 .text.vPortFree
                0x0000000008005e60       0xc4 ./Middlewares/Third_Party/FreeRTOS/Source/portable/MemMang/heap_4.o
                0x0000000008005e60                vPortFree
 .text.prvHeapInit
                0x0000000008005f24       0xc4 ./Middlewares/Third_Party/FreeRTOS/Source/portable/MemMang/heap_4.o
 .text.prvInsertBlockIntoFreeList
                0x0000000008005fe8       0xb4 ./Middlewares/Third_Party/FreeRTOS/Source/portable/MemMang/heap_4.o
 .text.__errno  0x000000000800609c        0xc /opt/st/stm32cubeide_1.9.0/plugins/com.st.stm32cube.ide.mcu.externaltools.gnu-tools-for-stm32.10.3-2021.10.linux64_1.0.0.202111181127/tools/bin/../lib/gcc/arm-none-eabi/10.3.1/../../../../arm-none-eabi/lib/thumb/v7e-m+fp/hard/libc_nano.a(lib_a-errno.o)
                0x000000000800609c                __errno
 .text.__libc_init_array
                0x00000000080060a8       0x48 /opt/st/stm32cubeide_1.9.0/plugins/com.st.stm32cube.ide.mcu.externaltools.gnu-tools-for-stm32.10.3-2021.10.linux64_1.0.0.202111181127/tools/bin/../lib/gcc/arm-none-eabi/10.3.1/../../../../arm-none-eabi/lib/thumb/v7e-m+fp/hard/libc_nano.a(lib_a-init.o)
                0x00000000080060a8                __libc_init_array
 .text.malloc   0x00000000080060f0       0x10 /opt/st/stm32cubeide_1.9.0/plugins/com.st.stm32cube.ide.mcu.externaltools.gnu-tools-for-stm32.10.3-2021.10.linux64_1.0.0.202111181127/tools/bin/../lib/gcc/arm-none-eabi/10.3.1/../../../../arm-none-eabi/lib/thumb/v7e-m+fp/hard/libc_nano.a(lib_a-malloc.o)
                0x00000000080060f0                malloc
 .text.free     0x0000000008006100       0x10 /opt/st/stm32cubeide_1.9.0/plugins/com.st.stm32cube.ide.mcu.externaltools.gnu-tools-for-stm32.10.3-2021.10.linux64_1.0.0.202111181127/tools/bin/../lib/gcc/arm-none-eabi/10.3.1/../../../../arm-none-eabi/lib/thumb/v7e-m+fp/hard/libc_nano.a(lib_a-malloc.o)
                0x0000000008006100                free
 .text.memcpy   0x0000000008006110       0x1c /opt/st/stm32cubeide_1.9.0/plugins/com.st.stm32cube.ide.mcu.externaltools.gnu-tools-for-stm32.10.3-2021.10.linux64_1.0.0.202111181127/tools/bin/../lib/gcc/arm-none-eabi/10.3.1/../../../../arm-none-eabi/lib/thumb/v7e-m+fp/hard/libc_nano.a(lib_a-memcpy-stub.o)
                0x0000000008006110                memcpy
 .text.memmove  0x000000000800612c       0x34 /opt/st/stm32cubeide_1.9.0/plugins/com.st.stm32cube.ide.mcu.externaltools.gnu-tools-for-stm32.10.3-2021.10.linux64_1.0.0.202111181127/tools/bin/../lib/gcc/arm-none-eabi/10.3.1/../../../../arm-none-eabi/lib/thumb/v7e-m+fp/hard/libc_nano.a(lib_a-memmove.o)
                0x000000000800612c                memmove
 .text.memset   0x0000000008006160       0x10 /opt/st/stm32cubeide_1.9.0/plugins/com.st.stm32cube.ide.mcu.externaltools.gnu-tools-for-stm32.10.3-2021.10.linux64_1.0.0.202111181127/tools/bin/../lib/gcc/arm-none-eabi/10.3.1/../../../../arm-none-eabi/lib/thumb/v7e-m+fp/hard/libc_nano.a(lib_a-memset.o)
                0x0000000008006160                memset
 .text._free_r  0x0000000008006170       0x98 /opt/st/stm32cubeide_1.9.0/plugins/com.st.stm32cube.ide.mcu.externaltools.gnu-tools-for-stm32.10.3-2021.10.linux64_1.0.0.202111181127/tools/bin/../lib/gcc/arm-none-eabi/10.3.1/../../../../arm-none-eabi/lib/thumb/v7e-m+fp/hard/libc_nano.a(lib_a-nano-freer.o)
                0x0000000008006170                _free_r
 .text.sbrk_aligned
                0x0000000008006208       0x40 /opt/st/stm32cubeide_1.9.0/plugins/com.st.stm32cube.ide.mcu.externaltools.gnu-tools-for-stm32.10.3-2021.10.linux64_1.0.0.202111181127/tools/bin/../lib/gcc/arm-none-eabi/10.3.1/../../../../arm-none-eabi/lib/thumb/v7e-m+fp/hard/libc_nano.a(lib_a-nano-mallocr.o)
 .text._malloc_r
                0x0000000008006248       0xe8 /opt/st/stm32cubeide_1.9.0/plugins/com.st.stm32cube.ide.mcu.externaltools.gnu-tools-for-stm32.10.3-2021.10.linux64_1.0.0.202111181127/tools/bin/../lib/gcc/arm-none-eabi/10.3.1/../../../../arm-none-eabi/lib/thumb/v7e-m+fp/hard/libc_nano.a(lib_a-nano-mallocr.o)
                0x0000000008006248                _malloc_r
 .text._sbrk_r  0x0000000008006330       0x20 /opt/st/stm32cubeide_1.9.0/plugins/com.st.stm32cube.ide.mcu.externaltools.gnu-tools-for-stm32.10.3-2021.10.linux64_1.0.0.202111181127/tools/bin/../lib/gcc/arm-none-eabi/10.3.1/../../../../arm-none-eabi/lib/thumb/v7e-m+fp/hard/libc_nano.a(lib_a-sbrkr.o)
                0x0000000008006330                _sbrk_r
 .text.__malloc_lock
                0x0000000008006350        0xc /opt/st/stm32cubeide_1.9.0/plugins/com.st.stm32cube.ide.mcu.externaltools.gnu-tools-for-stm32.10.3-2021.10.linux64_1.0.0.202111181127/tools/bin/../lib/gcc/arm-none-eabi/10.3.1/../../../../arm-none-eabi/lib/thumb/v7e-m+fp/hard/libc_nano.a(lib_a-mlock.o)
                0x0000000008006350                __malloc_lock
 .text.__malloc_unlock
                0x000000000800635c        0xc /opt/st/stm32cubeide_1.9.0/plugins/com.st.stm32cube.ide.mcu.externaltools.gnu-tools-for-stm32.10.3-2021.10.linux64_1.0.0.202111181127/tools/bin/../lib/gcc/arm-none-eabi/10.3.1/../../../../arm-none-eabi/lib/thumb/v7e-m+fp/hard/libc_nano.a(lib_a-mlock.o)
                0x000000000800635c                __malloc_unlock
 .text.__retarget_lock_acquire_recursive
                0x0000000008006368        0x2 /opt/st/stm32cubeide_1.9.0/plugins/com.st.stm32cube.ide.mcu.externaltools.gnu-tools-for-stm32.10.3-2021.10.linux64_1.0.0.202111181127/tools/bin/../lib/gcc/arm-none-eabi/10.3.1/../../../../arm-none-eabi/lib/thumb/v7e-m+fp/hard/libc_nano.a(lib_a-lock.o)
                0x0000000008006368                __retarget_lock_acquire_recursive
 .text.__retarget_lock_release_recursive
                0x000000000800636a        0x2 /opt/st/stm32cubeide_1.9.0/plugins/com.st.stm32cube.ide.mcu.externaltools.gnu-tools-for-stm32.10.3-2021.10.linux64_1.0.0.202111181127/tools/bin/../lib/gcc/arm-none-eabi/10.3.1/../../../../arm-none-eabi/lib/thumb/v7e-m+fp/hard/libc_nano.a(lib_a-lock.o)
                0x000000000800636a                __retarget_lock_release_recursive
 *(.glue_7)
 .glue_7        0x000000000800636c        0x0 linker stubs
 *(.glue_7t)
 .glue_7t       0x000000000800636c        0x0 linker stubs
 *(.eh_frame)
 .eh_frame      0x000000000800636c        0x0 /opt/st/stm32cubeide_1.9.0/plugins/com.st.stm32cube.ide.mcu.externaltools.gnu-tools-for-stm32.10.3-2021.10.linux64_1.0.0.202111181127/tools/bin/../lib/gcc/arm-none-eabi/10.3.1/thumb/v7e-m+fp/hard/crtbegin.o
 *(.init)
 .init          0x000000000800636c        0x4 /opt/st/stm32cubeide_1.9.0/plugins/com.st.stm32cube.ide.mcu.externaltools.gnu-tools-for-stm32.10.3-2021.10.linux64_1.0.0.202111181127/tools/bin/../lib/gcc/arm-none-eabi/10.3.1/thumb/v7e-m+fp/hard/crti.o
                0x000000000800636c                _init
 .init          0x0000000008006370        0x8 /opt/st/stm32cubeide_1.9.0/plugins/com.st.stm32cube.ide.mcu.externaltools.gnu-tools-for-stm32.10.3-2021.10.linux64_1.0.0.202111181127/tools/bin/../lib/gcc/arm-none-eabi/10.3.1/thumb/v7e-m+fp/hard/crtn.o
 *(.fini)
 .fini          0x0000000008006378        0x4 /opt/st/stm32cubeide_1.9.0/plugins/com.st.stm32cube.ide.mcu.externaltools.gnu-tools-for-stm32.10.3-2021.10.linux64_1.0.0.202111181127/tools/bin/../lib/gcc/arm-none-eabi/10.3.1/thumb/v7e-m+fp/hard/crti.o
                0x0000000008006378                _fini
 .fini          0x000000000800637c        0x8 /opt/st/stm32cubeide_1.9.0/plugins/com.st.stm32cube.ide.mcu.externaltools.gnu-tools-for-stm32.10.3-2021.10.linux64_1.0.0.202111181127/tools/bin/../lib/gcc/arm-none-eabi/10.3.1/thumb/v7e-m+fp/hard/crtn.o
                0x0000000008006384                . = ALIGN (0x4)
                0x0000000008006384                _etext = .

.vfp11_veneer   0x0000000008006384        0x0
 .vfp11_veneer  0x0000000008006384        0x0 linker stubs

.v4_bx          0x0000000008006384        0x0
 .v4_bx         0x0000000008006384        0x0 linker stubs

.iplt           0x0000000008006384        0x0
 .iplt          0x0000000008006384        0x0 /opt/st/stm32cubeide_1.9.0/plugins/com.st.stm32cube.ide.mcu.externaltools.gnu-tools-for-stm32.10.3-2021.10.linux64_1.0.0.202111181127/tools/bin/../lib/gcc/arm-none-eabi/10.3.1/thumb/v7e-m+fp/hard/crtbegin.o

.rodata         0x0000000008006384       0x4c
                0x0000000008006384                . = ALIGN (0x4)
 *(.rodata)
 .rodata        0x0000000008006384       0x14 ./Core/Src/application.o
 .rodata        0x0000000008006398        0x7 ./Core/Src/c2_frame.o
 *fill*         0x000000000800639f        0x1 
 .rodata        0x00000000080063a0        0x5 ./Middlewares/Third_Party/FreeRTOS/Source/tasks.o
 *fill*         0x00000000080063a5        0x3 
 .rodata        0x00000000080063a8        0xd ./Middlewares/Third_Party/FreeRTOS/Source/timers.o
 *(.rodata*)
 *fill*         0x00000000080063b5        0x3 
 .rodata.AHBPrescTable
                0x00000000080063b8       0x10 ./Core/Src/system_stm32f4xx.o
                0x00000000080063b8                AHBPrescTable
 .rodata.APBPrescTable
                0x00000000080063c8        0x8 ./Core/Src/system_stm32f4xx.o
                0x00000000080063c8                APBPrescTable
                0x00000000080063d0                . = ALIGN (0x4)

.ARM.extab      0x00000000080063d0        0x0
                0x00000000080063d0                . = ALIGN (0x4)
 *(.ARM.extab* .gnu.linkonce.armextab.*)
                0x00000000080063d0                . = ALIGN (0x4)

.ARM            0x00000000080063d0        0x8
                0x00000000080063d0                . = ALIGN (0x4)
                0x00000000080063d0                __exidx_start = .
 *(.ARM.exidx*)
 .ARM.exidx     0x00000000080063d0        0x8 /opt/st/stm32cubeide_1.9.0/plugins/com.st.stm32cube.ide.mcu.externaltools.gnu-tools-for-stm32.10.3-2021.10.linux64_1.0.0.202111181127/tools/bin/../lib/gcc/arm-none-eabi/10.3.1/thumb/v7e-m+fp/hard/libgcc.a(_udivmoddi4.o)
                0x00000000080063d8                __exidx_end = .
                0x00000000080063d8                . = ALIGN (0x4)

.rel.dyn        0x00000000080063d8        0x0
 .rel.iplt      0x00000000080063d8        0x0 /opt/st/stm32cubeide_1.9.0/plugins/com.st.stm32cube.ide.mcu.externaltools.gnu-tools-for-stm32.10.3-2021.10.linux64_1.0.0.202111181127/tools/bin/../lib/gcc/arm-none-eabi/10.3.1/thumb/v7e-m+fp/hard/crtbegin.o

.preinit_array  0x00000000080063d8        0x0
                0x00000000080063d8                . = ALIGN (0x4)
                0x00000000080063d8                PROVIDE (__preinit_array_start = .)
 *(.preinit_array*)
                0x00000000080063d8                PROVIDE (__preinit_array_end = .)
                0x00000000080063d8                . = ALIGN (0x4)

.init_array     0x00000000080063d8        0x4
                0x00000000080063d8                . = ALIGN (0x4)
                0x00000000080063d8                PROVIDE (__init_array_start = .)
 *(SORT_BY_NAME(.init_array.*))
 *(.init_array*)
 .init_array    0x00000000080063d8        0x4 /opt/st/stm32cubeide_1.9.0/plugins/com.st.stm32cube.ide.mcu.externaltools.gnu-tools-for-stm32.10.3-2021.10.linux64_1.0.0.202111181127/tools/bin/../lib/gcc/arm-none-eabi/10.3.1/thumb/v7e-m+fp/hard/crtbegin.o
                0x00000000080063dc                PROVIDE (__init_array_end = .)
                0x00000000080063dc                . = ALIGN (0x4)

.fini_array     0x00000000080063dc        0x4
                0x00000000080063dc                . = ALIGN (0x4)
                [!provide]                        PROVIDE (__fini_array_start = .)
 *(SORT_BY_NAME(.fini_array.*))
 *(.fini_array*)
 .fini_array    0x00000000080063dc        0x4 /opt/st/stm32cubeide_1.9.0/plugins/com.st.stm32cube.ide.mcu.externaltools.gnu-tools-for-stm32.10.3-2021.10.linux64_1.0.0.202111181127/tools/bin/../lib/gcc/arm-none-eabi/10.3.1/thumb/v7e-m+fp/hard/crtbegin.o
                [!provide]                        PROVIDE (__fini_array_end = .)
                0x00000000080063e0                . = ALIGN (0x4)
                0x00000000080063e0                _sidata = LOADADDR (.data)

.data           0x0000000020000000       0x84 load address 0x00000000080063e0
                0x0000000020000000                . = ALIGN (0x4)
                0x0000000020000000                _sdata = .
 *(.data)
 *(.data*)
 .data.crc8_small_table
                0x0000000020000000       0x10 ./Core/Src/crc8.o
 .data.SystemCoreClock
                0x0000000020000010        0x4 ./Core/Src/system_stm32f4xx.o
                0x0000000020000010                SystemCoreClock
 .data.uwTickPrio
                0x0000000020000014        0x4 ./Drivers/STM32F4xx_HAL_Driver/Src/stm32f4xx_hal.o
                0x0000000020000014                uwTickPrio
 .data.uwTickFreq
                0x0000000020000018        0x1 ./Drivers/STM32F4xx_HAL_Driver/Src/stm32f4xx_hal.o
                0x0000000020000018                uwTickFreq
 *fill*         0x0000000020000019        0x3 
 .data.uxCriticalNesting
                0x000000002000001c        0x4 ./Middlewares/Third_Party/FreeRTOS/Source/portable/GCC/ARM_CM4F/port.o
 .data._impure_ptr
                0x0000000020000020        0x4 /opt/st/stm32cubeide_1.9.0/plugins/com.st.stm32cube.ide.mcu.externaltools.gnu-tools-for-stm32.10.3-2021.10.linux64_1.0.0.202111181127/tools/bin/../lib/gcc/arm-none-eabi/10.3.1/../../../../arm-none-eabi/lib/thumb/v7e-m+fp/hard/libc_nano.a(lib_a-impure.o)
                0x0000000020000020                _impure_ptr
 .data.impure_data
                0x0000000020000024       0x60 /opt/st/stm32cubeide_1.9.0/plugins/com.st.stm32cube.ide.mcu.externaltools.gnu-tools-for-stm32.10.3-2021.10.linux64_1.0.0.202111181127/tools/bin/../lib/gcc/arm-none-eabi/10.3.1/../../../../arm-none-eabi/lib/thumb/v7e-m+fp/hard/libc_nano.a(lib_a-impure.o)
 *(.RamFunc)
 *(.RamFunc*)
                0x0000000020000084                . = ALIGN (0x4)
                0x0000000020000084                _edata = .
                0x0000000008006464                _siccmram = LOADADDR (.ccmram)

.igot.plt       0x0000000020000084        0x0 load address 0x0000000008006464
 .igot.plt      0x0000000020000084        0x0 /opt/st/stm32cubeide_1.9.0/plugins/com.st.stm32cube.ide.mcu.externaltools.gnu-tools-for-stm32.10.3-2021.10.linux64_1.0.0.202111181127/tools/bin/../lib/gcc/arm-none-eabi/10.3.1/thumb/v7e-m+fp/hard/crtbegin.o

.ccmram         0x0000000010000000        0x0 load address 0x0000000008006464
                0x0000000010000000                . = ALIGN (0x4)
                0x0000000010000000                _sccmram = .
 *(.ccmram)
 *(.ccmram*)
                0x0000000010000000                . = ALIGN (0x4)
                0x0000000010000000                _eccmram = .
                0x0000000010000000                . = ALIGN (0x4)

.bss            0x0000000020000084     0x4624
                0x0000000020000084                _sbss = .
                0x0000000020000084                __bss_start__ = _sbss
 *(.bss)
 .bss           0x0000000020000084       0x1c /opt/st/stm32cubeide_1.9.0/plugins/com.st.stm32cube.ide.mcu.externaltools.gnu-tools-for-stm32.10.3-2021.10.linux64_1.0.0.202111181127/tools/bin/../lib/gcc/arm-none-eabi/10.3.1/thumb/v7e-m+fp/hard/crtbegin.o
 *(.bss*)
 .bss.frame     0x00000000200000a0       0x14 ./Core/Src/application.o
                0x00000000200000a0                frame
 .bss.frame2    0x00000000200000b4       0x14 ./Core/Src/application.o
                0x00000000200000b4                frame2
 .bss.xIdleTaskTCBBuffer
                0x00000000200000c8       0x54 ./Core/Src/freertos.o
 .bss.xIdleStack
                0x000000002000011c      0x200 ./Core/Src/freertos.o
 .bss.xTimerTaskTCBBuffer
                0x000000002000031c       0x54 ./Core/Src/freertos.o
 .bss.xTimerStack
                0x0000000020000370      0x400 ./Core/Src/freertos.o
 .bss.huart2    0x0000000020000770       0x44 ./Core/Src/main.o
                0x0000000020000770                huart2
 .bss.huart3    0x00000000200007b4       0x44 ./Core/Src/main.o
                0x00000000200007b4                huart3
 .bss.pbuffer   0x00000000200007f8        0x1 ./Core/Src/main.o
                0x00000000200007f8                pbuffer
 *fill*         0x00000000200007f9        0x3 
 .bss.pbuffer2  0x00000000200007fc        0x1 ./Core/Src/main.o
                0x00000000200007fc                pbuffer2
 *fill*         0x00000000200007fd        0x3 
 .bss.__sbrk_heap_end
                0x0000000020000800        0x4 ./Core/Src/sysmem.o
 .bss.uwTick    0x0000000020000804        0x4 ./Drivers/STM32F4xx_HAL_Driver/Src/stm32f4xx_hal.o
                0x0000000020000804                uwTick
 .bss.xQueueRegistry
                0x0000000020000808       0x40 ./Middlewares/Third_Party/FreeRTOS/Source/queue.o
                0x0000000020000808                xQueueRegistry
 .bss.pxCurrentTCB
                0x0000000020000848        0x4 ./Middlewares/Third_Party/FreeRTOS/Source/tasks.o
                0x0000000020000848                pxCurrentTCB
 .bss.pxReadyTasksLists
                0x000000002000084c       0x8c ./Middlewares/Third_Party/FreeRTOS/Source/tasks.o
 .bss.xDelayedTaskList1
                0x00000000200008d8       0x14 ./Middlewares/Third_Party/FreeRTOS/Source/tasks.o
 .bss.xDelayedTaskList2
                0x00000000200008ec       0x14 ./Middlewares/Third_Party/FreeRTOS/Source/tasks.o
 .bss.pxDelayedTaskList
                0x0000000020000900        0x4 ./Middlewares/Third_Party/FreeRTOS/Source/tasks.o
 .bss.pxOverflowDelayedTaskList
                0x0000000020000904        0x4 ./Middlewares/Third_Party/FreeRTOS/Source/tasks.o
 .bss.xPendingReadyList
                0x0000000020000908       0x14 ./Middlewares/Third_Party/FreeRTOS/Source/tasks.o
 .bss.xTasksWaitingTermination
                0x000000002000091c       0x14 ./Middlewares/Third_Party/FreeRTOS/Source/tasks.o
 .bss.uxDeletedTasksWaitingCleanUp
                0x0000000020000930        0x4 ./Middlewares/Third_Party/FreeRTOS/Source/tasks.o
 .bss.xSuspendedTaskList
                0x0000000020000934       0x14 ./Middlewares/Third_Party/FreeRTOS/Source/tasks.o
 .bss.uxCurrentNumberOfTasks
                0x0000000020000948        0x4 ./Middlewares/Third_Party/FreeRTOS/Source/tasks.o
 .bss.xTickCount
                0x000000002000094c        0x4 ./Middlewares/Third_Party/FreeRTOS/Source/tasks.o
 .bss.uxTopReadyPriority
                0x0000000020000950        0x4 ./Middlewares/Third_Party/FreeRTOS/Source/tasks.o
 .bss.xSchedulerRunning
                0x0000000020000954        0x4 ./Middlewares/Third_Party/FreeRTOS/Source/tasks.o
 .bss.xPendedTicks
                0x0000000020000958        0x4 ./Middlewares/Third_Party/FreeRTOS/Source/tasks.o
 .bss.xYieldPending
                0x000000002000095c        0x4 ./Middlewares/Third_Party/FreeRTOS/Source/tasks.o
 .bss.xNumOfOverflows
                0x0000000020000960        0x4 ./Middlewares/Third_Party/FreeRTOS/Source/tasks.o
 .bss.uxTaskNumber
                0x0000000020000964        0x4 ./Middlewares/Third_Party/FreeRTOS/Source/tasks.o
 .bss.xNextTaskUnblockTime
                0x0000000020000968        0x4 ./Middlewares/Third_Party/FreeRTOS/Source/tasks.o
 .bss.xIdleTaskHandle
                0x000000002000096c        0x4 ./Middlewares/Third_Party/FreeRTOS/Source/tasks.o
 .bss.uxSchedulerSuspended
                0x0000000020000970        0x4 ./Middlewares/Third_Party/FreeRTOS/Source/tasks.o
 .bss.xActiveTimerList1
                0x0000000020000974       0x14 ./Middlewares/Third_Party/FreeRTOS/Source/timers.o
 .bss.xActiveTimerList2
                0x0000000020000988       0x14 ./Middlewares/Third_Party/FreeRTOS/Source/timers.o
 .bss.pxCurrentTimerList
                0x000000002000099c        0x4 ./Middlewares/Third_Party/FreeRTOS/Source/timers.o
 .bss.pxOverflowTimerList
                0x00000000200009a0        0x4 ./Middlewares/Third_Party/FreeRTOS/Source/timers.o
 .bss.xTimerQueue
                0x00000000200009a4        0x4 ./Middlewares/Third_Party/FreeRTOS/Source/timers.o
 .bss.xTimerTaskHandle
                0x00000000200009a8        0x4 ./Middlewares/Third_Party/FreeRTOS/Source/timers.o
 .bss.xLastTime.2
                0x00000000200009ac        0x4 ./Middlewares/Third_Party/FreeRTOS/Source/timers.o
 .bss.ucStaticTimerQueueStorage.1
                0x00000000200009b0       0x78 ./Middlewares/Third_Party/FreeRTOS/Source/timers.o
 .bss.xStaticTimerQueue.0
                0x0000000020000a28       0x48 ./Middlewares/Third_Party/FreeRTOS/Source/timers.o
 .bss.ucMaxSysCallPriority
                0x0000000020000a70        0x1 ./Middlewares/Third_Party/FreeRTOS/Source/portable/GCC/ARM_CM4F/port.o
 *fill*         0x0000000020000a71        0x3 
 .bss.ulMaxPRIGROUPValue
                0x0000000020000a74        0x4 ./Middlewares/Third_Party/FreeRTOS/Source/portable/GCC/ARM_CM4F/port.o
 .bss.ucHeap    0x0000000020000a78     0x3c00 ./Middlewares/Third_Party/FreeRTOS/Source/portable/MemMang/heap_4.o
 .bss.xStart    0x0000000020004678        0x8 ./Middlewares/Third_Party/FreeRTOS/Source/portable/MemMang/heap_4.o
 .bss.pxEnd     0x0000000020004680        0x4 ./Middlewares/Third_Party/FreeRTOS/Source/portable/MemMang/heap_4.o
 .bss.xFreeBytesRemaining
                0x0000000020004684        0x4 ./Middlewares/Third_Party/FreeRTOS/Source/portable/MemMang/heap_4.o
 .bss.xMinimumEverFreeBytesRemaining
                0x0000000020004688        0x4 ./Middlewares/Third_Party/FreeRTOS/Source/portable/MemMang/heap_4.o
 .bss.xNumberOfSuccessfulAllocations
                0x000000002000468c        0x4 ./Middlewares/Third_Party/FreeRTOS/Source/portable/MemMang/heap_4.o
 .bss.xNumberOfSuccessfulFrees
                0x0000000020004690        0x4 ./Middlewares/Third_Party/FreeRTOS/Source/portable/MemMang/heap_4.o
 .bss.xBlockAllocatedBit
                0x0000000020004694        0x4 ./Middlewares/Third_Party/FreeRTOS/Source/portable/MemMang/heap_4.o
 .bss.__malloc_free_list
                0x0000000020004698        0x4 /opt/st/stm32cubeide_1.9.0/plugins/com.st.stm32cube.ide.mcu.externaltools.gnu-tools-for-stm32.10.3-2021.10.linux64_1.0.0.202111181127/tools/bin/../lib/gcc/arm-none-eabi/10.3.1/../../../../arm-none-eabi/lib/thumb/v7e-m+fp/hard/libc_nano.a(lib_a-nano-mallocr.o)
                0x0000000020004698                __malloc_free_list
 .bss.__malloc_sbrk_start
                0x000000002000469c        0x4 /opt/st/stm32cubeide_1.9.0/plugins/com.st.stm32cube.ide.mcu.externaltools.gnu-tools-for-stm32.10.3-2021.10.linux64_1.0.0.202111181127/tools/bin/../lib/gcc/arm-none-eabi/10.3.1/../../../../arm-none-eabi/lib/thumb/v7e-m+fp/hard/libc_nano.a(lib_a-nano-mallocr.o)
                0x000000002000469c                __malloc_sbrk_start
 .bss.errno     0x00000000200046a0        0x4 /opt/st/stm32cubeide_1.9.0/plugins/com.st.stm32cube.ide.mcu.externaltools.gnu-tools-for-stm32.10.3-2021.10.linux64_1.0.0.202111181127/tools/bin/../lib/gcc/arm-none-eabi/10.3.1/../../../../arm-none-eabi/lib/thumb/v7e-m+fp/hard/libc_nano.a(lib_a-reent.o)
                0x00000000200046a0                errno
 .bss.__lock___malloc_recursive_mutex
                0x00000000200046a4        0x1 /opt/st/stm32cubeide_1.9.0/plugins/com.st.stm32cube.ide.mcu.externaltools.gnu-tools-for-stm32.10.3-2021.10.linux64_1.0.0.202111181127/tools/bin/../lib/gcc/arm-none-eabi/10.3.1/../../../../arm-none-eabi/lib/thumb/v7e-m+fp/hard/libc_nano.a(lib_a-lock.o)
                0x00000000200046a4                __lock___malloc_recursive_mutex
 *(COMMON)
                0x00000000200046a8                . = ALIGN (0x4)
 *fill*         0x00000000200046a5        0x3 
                0x00000000200046a8                _ebss = .
                0x00000000200046a8                __bss_end__ = _ebss

._user_heap_stack
                0x00000000200046a8      0x600
                0x00000000200046a8                . = ALIGN (0x8)
                [!provide]                        PROVIDE (end = .)
                0x00000000200046a8                PROVIDE (_end = .)
                0x00000000200048a8                . = (. + _Min_Heap_Size)
 *fill*         0x00000000200046a8      0x200 
                0x0000000020004ca8                . = (. + _Min_Stack_Size)
 *fill*         0x00000000200048a8      0x400 
                0x0000000020004ca8                . = ALIGN (0x8)

/DISCARD/
 libc.a(*)
 libm.a(*)
 libgcc.a(*)

.ARM.attributes
                0x0000000000000000       0x30
 *(.ARM.attributes)
 .ARM.attributes
                0x0000000000000000       0x1e /opt/st/stm32cubeide_1.9.0/plugins/com.st.stm32cube.ide.mcu.externaltools.gnu-tools-for-stm32.10.3-2021.10.linux64_1.0.0.202111181127/tools/bin/../lib/gcc/arm-none-eabi/10.3.1/thumb/v7e-m+fp/hard/crti.o
 .ARM.attributes
                0x000000000000001e       0x34 /opt/st/stm32cubeide_1.9.0/plugins/com.st.stm32cube.ide.mcu.externaltools.gnu-tools-for-stm32.10.3-2021.10.linux64_1.0.0.202111181127/tools/bin/../lib/gcc/arm-none-eabi/10.3.1/thumb/v7e-m+fp/hard/crtbegin.o
 .ARM.attributes
                0x0000000000000052       0x34 ./Core/Src/application.o
 .ARM.attributes
                0x0000000000000086       0x34 ./Core/Src/c2_frame.o
 .ARM.attributes
                0x00000000000000ba       0x34 ./Core/Src/c2_parser.o
 .ARM.attributes
                0x00000000000000ee       0x34 ./Core/Src/crc8.o
 .ARM.attributes
                0x0000000000000122       0x34 ./Core/Src/freertos.o
 .ARM.attributes
                0x0000000000000156       0x34 ./Core/Src/main.o
 .ARM.attributes
                0x000000000000018a       0x34 ./Core/Src/package.o
 .ARM.attributes
                0x00000000000001be       0x34 ./Core/Src/stm32f4xx_hal_msp.o
 .ARM.attributes
                0x00000000000001f2       0x34 ./Core/Src/stm32f4xx_it.o
 .ARM.attributes
                0x0000000000000226       0x34 ./Core/Src/sysmem.o
 .ARM.attributes
                0x000000000000025a       0x34 ./Core/Src/system_stm32f4xx.o
 .ARM.attributes
                0x000000000000028e       0x21 ./Core/Startup/startup_stm32f429zitx.o
 .ARM.attributes
                0x00000000000002af       0x34 ./Drivers/STM32F4xx_HAL_Driver/Src/stm32f4xx_hal.o
 .ARM.attributes
                0x00000000000002e3       0x34 ./Drivers/STM32F4xx_HAL_Driver/Src/stm32f4xx_hal_cortex.o
 .ARM.attributes
                0x0000000000000317       0x34 ./Drivers/STM32F4xx_HAL_Driver/Src/stm32f4xx_hal_dma.o
 .ARM.attributes
                0x000000000000034b       0x34 ./Drivers/STM32F4xx_HAL_Driver/Src/stm32f4xx_hal_gpio.o
 .ARM.attributes
                0x000000000000037f       0x34 ./Drivers/STM32F4xx_HAL_Driver/Src/stm32f4xx_hal_pwr_ex.o
 .ARM.attributes
                0x00000000000003b3       0x34 ./Drivers/STM32F4xx_HAL_Driver/Src/stm32f4xx_hal_rcc.o
 .ARM.attributes
                0x00000000000003e7       0x34 ./Drivers/STM32F4xx_HAL_Driver/Src/stm32f4xx_hal_uart.o
 .ARM.attributes
                0x000000000000041b       0x34 ./Middlewares/Third_Party/FreeRTOS/Source/CMSIS_RTOS/cmsis_os.o
 .ARM.attributes
                0x000000000000044f       0x34 ./Middlewares/Third_Party/FreeRTOS/Source/list.o
 .ARM.attributes
                0x0000000000000483       0x34 ./Middlewares/Third_Party/FreeRTOS/Source/queue.o
 .ARM.attributes
                0x00000000000004b7       0x34 ./Middlewares/Third_Party/FreeRTOS/Source/tasks.o
 .ARM.attributes
                0x00000000000004eb       0x34 ./Middlewares/Third_Party/FreeRTOS/Source/timers.o
 .ARM.attributes
                0x000000000000051f       0x34 ./Middlewares/Third_Party/FreeRTOS/Source/portable/GCC/ARM_CM4F/port.o
 .ARM.attributes
                0x0000000000000553       0x34 ./Middlewares/Third_Party/FreeRTOS/Source/portable/MemMang/heap_4.o
 .ARM.attributes
                0x0000000000000587       0x34 /opt/st/stm32cubeide_1.9.0/plugins/com.st.stm32cube.ide.mcu.externaltools.gnu-tools-for-stm32.10.3-2021.10.linux64_1.0.0.202111181127/tools/bin/../lib/gcc/arm-none-eabi/10.3.1/../../../../arm-none-eabi/lib/thumb/v7e-m+fp/hard/libc_nano.a(lib_a-errno.o)
 .ARM.attributes
                0x00000000000005bb       0x34 /opt/st/stm32cubeide_1.9.0/plugins/com.st.stm32cube.ide.mcu.externaltools.gnu-tools-for-stm32.10.3-2021.10.linux64_1.0.0.202111181127/tools/bin/../lib/gcc/arm-none-eabi/10.3.1/../../../../arm-none-eabi/lib/thumb/v7e-m+fp/hard/libc_nano.a(lib_a-impure.o)
 .ARM.attributes
                0x00000000000005ef       0x34 /opt/st/stm32cubeide_1.9.0/plugins/com.st.stm32cube.ide.mcu.externaltools.gnu-tools-for-stm32.10.3-2021.10.linux64_1.0.0.202111181127/tools/bin/../lib/gcc/arm-none-eabi/10.3.1/../../../../arm-none-eabi/lib/thumb/v7e-m+fp/hard/libc_nano.a(lib_a-init.o)
 .ARM.attributes
                0x0000000000000623       0x34 /opt/st/stm32cubeide_1.9.0/plugins/com.st.stm32cube.ide.mcu.externaltools.gnu-tools-for-stm32.10.3-2021.10.linux64_1.0.0.202111181127/tools/bin/../lib/gcc/arm-none-eabi/10.3.1/../../../../arm-none-eabi/lib/thumb/v7e-m+fp/hard/libc_nano.a(lib_a-malloc.o)
 .ARM.attributes
                0x0000000000000657       0x34 /opt/st/stm32cubeide_1.9.0/plugins/com.st.stm32cube.ide.mcu.externaltools.gnu-tools-for-stm32.10.3-2021.10.linux64_1.0.0.202111181127/tools/bin/../lib/gcc/arm-none-eabi/10.3.1/../../../../arm-none-eabi/lib/thumb/v7e-m+fp/hard/libc_nano.a(lib_a-memcpy-stub.o)
 .ARM.attributes
                0x000000000000068b       0x34 /opt/st/stm32cubeide_1.9.0/plugins/com.st.stm32cube.ide.mcu.externaltools.gnu-tools-for-stm32.10.3-2021.10.linux64_1.0.0.202111181127/tools/bin/../lib/gcc/arm-none-eabi/10.3.1/../../../../arm-none-eabi/lib/thumb/v7e-m+fp/hard/libc_nano.a(lib_a-memmove.o)
 .ARM.attributes
                0x00000000000006bf       0x34 /opt/st/stm32cubeide_1.9.0/plugins/com.st.stm32cube.ide.mcu.externaltools.gnu-tools-for-stm32.10.3-2021.10.linux64_1.0.0.202111181127/tools/bin/../lib/gcc/arm-none-eabi/10.3.1/../../../../arm-none-eabi/lib/thumb/v7e-m+fp/hard/libc_nano.a(lib_a-memset.o)
 .ARM.attributes
                0x00000000000006f3       0x34 /opt/st/stm32cubeide_1.9.0/plugins/com.st.stm32cube.ide.mcu.externaltools.gnu-tools-for-stm32.10.3-2021.10.linux64_1.0.0.202111181127/tools/bin/../lib/gcc/arm-none-eabi/10.3.1/../../../../arm-none-eabi/lib/thumb/v7e-m+fp/hard/libc_nano.a(lib_a-nano-freer.o)
 .ARM.attributes
                0x0000000000000727       0x34 /opt/st/stm32cubeide_1.9.0/plugins/com.st.stm32cube.ide.mcu.externaltools.gnu-tools-for-stm32.10.3-2021.10.linux64_1.0.0.202111181127/tools/bin/../lib/gcc/arm-none-eabi/10.3.1/../../../../arm-none-eabi/lib/thumb/v7e-m+fp/hard/libc_nano.a(lib_a-nano-mallocr.o)
 .ARM.attributes
                0x000000000000075b       0x34 /opt/st/stm32cubeide_1.9.0/plugins/com.st.stm32cube.ide.mcu.externaltools.gnu-tools-for-stm32.10.3-2021.10.linux64_1.0.0.202111181127/tools/bin/../lib/gcc/arm-none-eabi/10.3.1/../../../../arm-none-eabi/lib/thumb/v7e-m+fp/hard/libc_nano.a(lib_a-sbrkr.o)
 .ARM.attributes
                0x000000000000078f       0x34 /opt/st/stm32cubeide_1.9.0/plugins/com.st.stm32cube.ide.mcu.externaltools.gnu-tools-for-stm32.10.3-2021.10.linux64_1.0.0.202111181127/tools/bin/../lib/gcc/arm-none-eabi/10.3.1/../../../../arm-none-eabi/lib/thumb/v7e-m+fp/hard/libc_nano.a(lib_a-mlock.o)
 .ARM.attributes
                0x00000000000007c3       0x34 /opt/st/stm32cubeide_1.9.0/plugins/com.st.stm32cube.ide.mcu.externaltools.gnu-tools-for-stm32.10.3-2021.10.linux64_1.0.0.202111181127/tools/bin/../lib/gcc/arm-none-eabi/10.3.1/../../../../arm-none-eabi/lib/thumb/v7e-m+fp/hard/libc_nano.a(lib_a-reent.o)
 .ARM.attributes
                0x00000000000007f7       0x34 /opt/st/stm32cubeide_1.9.0/plugins/com.st.stm32cube.ide.mcu.externaltools.gnu-tools-for-stm32.10.3-2021.10.linux64_1.0.0.202111181127/tools/bin/../lib/gcc/arm-none-eabi/10.3.1/../../../../arm-none-eabi/lib/thumb/v7e-m+fp/hard/libc_nano.a(lib_a-lock.o)
 .ARM.attributes
                0x000000000000082b       0x1e /opt/st/stm32cubeide_1.9.0/plugins/com.st.stm32cube.ide.mcu.externaltools.gnu-tools-for-stm32.10.3-2021.10.linux64_1.0.0.202111181127/tools/bin/../lib/gcc/arm-none-eabi/10.3.1/thumb/v7e-m+fp/hard/libgcc.a(_aeabi_uldivmod.o)
 .ARM.attributes
                0x0000000000000849       0x34 /opt/st/stm32cubeide_1.9.0/plugins/com.st.stm32cube.ide.mcu.externaltools.gnu-tools-for-stm32.10.3-2021.10.linux64_1.0.0.202111181127/tools/bin/../lib/gcc/arm-none-eabi/10.3.1/thumb/v7e-m+fp/hard/libgcc.a(_udivmoddi4.o)
 .ARM.attributes
                0x000000000000087d       0x1e /opt/st/stm32cubeide_1.9.0/plugins/com.st.stm32cube.ide.mcu.externaltools.gnu-tools-for-stm32.10.3-2021.10.linux64_1.0.0.202111181127/tools/bin/../lib/gcc/arm-none-eabi/10.3.1/thumb/v7e-m+fp/hard/libgcc.a(_dvmd_tls.o)
 .ARM.attributes
                0x000000000000089b       0x1e /opt/st/stm32cubeide_1.9.0/plugins/com.st.stm32cube.ide.mcu.externaltools.gnu-tools-for-stm32.10.3-2021.10.linux64_1.0.0.202111181127/tools/bin/../lib/gcc/arm-none-eabi/10.3.1/thumb/v7e-m+fp/hard/crtn.o
OUTPUT(RTOSII.elf elf32-littlearm)
LOAD linker stubs
LOAD /opt/st/stm32cubeide_1.9.0/plugins/com.st.stm32cube.ide.mcu.externaltools.gnu-tools-for-stm32.10.3-2021.10.linux64_1.0.0.202111181127/tools/bin/../lib/gcc/arm-none-eabi/10.3.1/../../../../arm-none-eabi/lib/thumb/v7e-m+fp/hard/libc.a
LOAD /opt/st/stm32cubeide_1.9.0/plugins/com.st.stm32cube.ide.mcu.externaltools.gnu-tools-for-stm32.10.3-2021.10.linux64_1.0.0.202111181127/tools/bin/../lib/gcc/arm-none-eabi/10.3.1/../../../../arm-none-eabi/lib/thumb/v7e-m+fp/hard/libm.a
LOAD /opt/st/stm32cubeide_1.9.0/plugins/com.st.stm32cube.ide.mcu.externaltools.gnu-tools-for-stm32.10.3-2021.10.linux64_1.0.0.202111181127/tools/bin/../lib/gcc/arm-none-eabi/10.3.1/thumb/v7e-m+fp/hard/libgcc.a

.debug_info     0x0000000000000000    0x12174
 .debug_info    0x0000000000000000      0xabd ./Core/Src/application.o
 .debug_info    0x0000000000000abd      0x5f6 ./Core/Src/c2_frame.o
 .debug_info    0x00000000000010b3      0x1b4 ./Core/Src/c2_parser.o
 .debug_info    0x0000000000001267      0x12a ./Core/Src/crc8.o
 .debug_info    0x0000000000001391      0x308 ./Core/Src/freertos.o
 .debug_info    0x0000000000001699      0xe09 ./Core/Src/main.o
 .debug_info    0x00000000000024a2      0x23d ./Core/Src/package.o
 .debug_info    0x00000000000026df      0xc7d ./Core/Src/stm32f4xx_hal_msp.o
 .debug_info    0x000000000000335c      0x784 ./Core/Src/stm32f4xx_it.o
 .debug_info    0x0000000000003ae0      0x171 ./Core/Src/sysmem.o
 .debug_info    0x0000000000003c51      0x53f ./Core/Src/system_stm32f4xx.o
 .debug_info    0x0000000000004190       0x22 ./Core/Startup/startup_stm32f429zitx.o
 .debug_info    0x00000000000041b2      0x9f4 ./Drivers/STM32F4xx_HAL_Driver/Src/stm32f4xx_hal.o
 .debug_info    0x0000000000004ba6      0xe51 ./Drivers/STM32F4xx_HAL_Driver/Src/stm32f4xx_hal_cortex.o
 .debug_info    0x00000000000059f7      0x94f ./Drivers/STM32F4xx_HAL_Driver/Src/stm32f4xx_hal_dma.o
 .debug_info    0x0000000000006346      0x786 ./Drivers/STM32F4xx_HAL_Driver/Src/stm32f4xx_hal_gpio.o
 .debug_info    0x0000000000006acc      0x6e6 ./Drivers/STM32F4xx_HAL_Driver/Src/stm32f4xx_hal_pwr_ex.o
 .debug_info    0x00000000000071b2      0x982 ./Drivers/STM32F4xx_HAL_Driver/Src/stm32f4xx_hal_rcc.o
 .debug_info    0x0000000000007b34     0x319b ./Drivers/STM32F4xx_HAL_Driver/Src/stm32f4xx_hal_uart.o
 .debug_info    0x000000000000accf     0x1d19 ./Middlewares/Third_Party/FreeRTOS/Source/CMSIS_RTOS/cmsis_os.o
 .debug_info    0x000000000000c9e8      0x2d1 ./Middlewares/Third_Party/FreeRTOS/Source/list.o
 .debug_info    0x000000000000ccb9     0x1956 ./Middlewares/Third_Party/FreeRTOS/Source/queue.o
 .debug_info    0x000000000000e60f     0x1e53 ./Middlewares/Third_Party/FreeRTOS/Source/tasks.o
 .debug_info    0x0000000000010462     0x1300 ./Middlewares/Third_Party/FreeRTOS/Source/timers.o
 .debug_info    0x0000000000011762      0x507 ./Middlewares/Third_Party/FreeRTOS/Source/portable/GCC/ARM_CM4F/port.o
 .debug_info    0x0000000000011c69      0x50b ./Middlewares/Third_Party/FreeRTOS/Source/portable/MemMang/heap_4.o

.debug_abbrev   0x0000000000000000     0x338d
 .debug_abbrev  0x0000000000000000      0x284 ./Core/Src/application.o
 .debug_abbrev  0x0000000000000284      0x1f8 ./Core/Src/c2_frame.o
 .debug_abbrev  0x000000000000047c       0xd9 ./Core/Src/c2_parser.o
 .debug_abbrev  0x0000000000000555       0xcb ./Core/Src/crc8.o
 .debug_abbrev  0x0000000000000620       0xe7 ./Core/Src/freertos.o
 .debug_abbrev  0x0000000000000707      0x280 ./Core/Src/main.o
 .debug_abbrev  0x0000000000000987      0x10e ./Core/Src/package.o
 .debug_abbrev  0x0000000000000a95      0x1b2 ./Core/Src/stm32f4xx_hal_msp.o
 .debug_abbrev  0x0000000000000c47      0x19b ./Core/Src/stm32f4xx_it.o
 .debug_abbrev  0x0000000000000de2       0xbb ./Core/Src/sysmem.o
 .debug_abbrev  0x0000000000000e9d      0x116 ./Core/Src/system_stm32f4xx.o
 .debug_abbrev  0x0000000000000fb3       0x12 ./Core/Startup/startup_stm32f429zitx.o
 .debug_abbrev  0x0000000000000fc5      0x20d ./Drivers/STM32F4xx_HAL_Driver/Src/stm32f4xx_hal.o
 .debug_abbrev  0x00000000000011d2      0x316 ./Drivers/STM32F4xx_HAL_Driver/Src/stm32f4xx_hal_cortex.o
 .debug_abbrev  0x00000000000014e8      0x25b ./Drivers/STM32F4xx_HAL_Driver/Src/stm32f4xx_hal_dma.o
 .debug_abbrev  0x0000000000001743      0x1c4 ./Drivers/STM32F4xx_HAL_Driver/Src/stm32f4xx_hal_gpio.o
 .debug_abbrev  0x0000000000001907      0x1c9 ./Drivers/STM32F4xx_HAL_Driver/Src/stm32f4xx_hal_pwr_ex.o
 .debug_abbrev  0x0000000000001ad0      0x2aa ./Drivers/STM32F4xx_HAL_Driver/Src/stm32f4xx_hal_rcc.o
 .debug_abbrev  0x0000000000001d7a      0x2ed ./Drivers/STM32F4xx_HAL_Driver/Src/stm32f4xx_hal_uart.o
 .debug_abbrev  0x0000000000002067      0x39b ./Middlewares/Third_Party/FreeRTOS/Source/CMSIS_RTOS/cmsis_os.o
 .debug_abbrev  0x0000000000002402       0xf2 ./Middlewares/Third_Party/FreeRTOS/Source/list.o
 .debug_abbrev  0x00000000000024f4      0x3a1 ./Middlewares/Third_Party/FreeRTOS/Source/queue.o
 .debug_abbrev  0x0000000000002895      0x363 ./Middlewares/Third_Party/FreeRTOS/Source/tasks.o
 .debug_abbrev  0x0000000000002bf8      0x32a ./Middlewares/Third_Party/FreeRTOS/Source/timers.o
 .debug_abbrev  0x0000000000002f22      0x259 ./Middlewares/Third_Party/FreeRTOS/Source/portable/GCC/ARM_CM4F/port.o
 .debug_abbrev  0x000000000000317b      0x212 ./Middlewares/Third_Party/FreeRTOS/Source/portable/MemMang/heap_4.o

.debug_aranges  0x0000000000000000      0xf18
 .debug_aranges
                0x0000000000000000       0x38 ./Core/Src/application.o
 .debug_aranges
                0x0000000000000038       0x50 ./Core/Src/c2_frame.o
 .debug_aranges
                0x0000000000000088       0x30 ./Core/Src/c2_parser.o
 .debug_aranges
                0x00000000000000b8       0x28 ./Core/Src/crc8.o
 .debug_aranges
                0x00000000000000e0       0x28 ./Core/Src/freertos.o
 .debug_aranges
                0x0000000000000108       0x58 ./Core/Src/main.o
 .debug_aranges
                0x0000000000000160       0x40 ./Core/Src/package.o
 .debug_aranges
                0x00000000000001a0       0x30 ./Core/Src/stm32f4xx_hal_msp.o
 .debug_aranges
                0x00000000000001d0       0x60 ./Core/Src/stm32f4xx_it.o
 .debug_aranges
                0x0000000000000230       0x20 ./Core/Src/sysmem.o
 .debug_aranges
                0x0000000000000250       0x28 ./Core/Src/system_stm32f4xx.o
 .debug_aranges
                0x0000000000000278       0x28 ./Core/Startup/startup_stm32f429zitx.o
 .debug_aranges
                0x00000000000002a0      0x100 ./Drivers/STM32F4xx_HAL_Driver/Src/stm32f4xx_hal.o
 .debug_aranges
                0x00000000000003a0      0x118 ./Drivers/STM32F4xx_HAL_Driver/Src/stm32f4xx_hal_cortex.o
 .debug_aranges
                0x00000000000004b8       0x90 ./Drivers/STM32F4xx_HAL_Driver/Src/stm32f4xx_hal_dma.o
 .debug_aranges
                0x0000000000000548       0x58 ./Drivers/STM32F4xx_HAL_Driver/Src/stm32f4xx_hal_gpio.o
 .debug_aranges
                0x00000000000005a0       0x60 ./Drivers/STM32F4xx_HAL_Driver/Src/stm32f4xx_hal_pwr_ex.o
 .debug_aranges
                0x0000000000000600       0x88 ./Drivers/STM32F4xx_HAL_Driver/Src/stm32f4xx_hal_rcc.o
 .debug_aranges
                0x0000000000000688      0x200 ./Drivers/STM32F4xx_HAL_Driver/Src/stm32f4xx_hal_uart.o
 .debug_aranges
                0x0000000000000888      0x1d8 ./Middlewares/Third_Party/FreeRTOS/Source/CMSIS_RTOS/cmsis_os.o
 .debug_aranges
                0x0000000000000a60       0x40 ./Middlewares/Third_Party/FreeRTOS/Source/list.o
 .debug_aranges
                0x0000000000000aa0      0x110 ./Middlewares/Third_Party/FreeRTOS/Source/queue.o
 .debug_aranges
                0x0000000000000bb0      0x1c0 ./Middlewares/Third_Party/FreeRTOS/Source/tasks.o
 .debug_aranges
                0x0000000000000d70       0xd0 ./Middlewares/Third_Party/FreeRTOS/Source/timers.o
 .debug_aranges
                0x0000000000000e40       0x80 ./Middlewares/Third_Party/FreeRTOS/Source/portable/GCC/ARM_CM4F/port.o
 .debug_aranges
                0x0000000000000ec0       0x58 ./Middlewares/Third_Party/FreeRTOS/Source/portable/MemMang/heap_4.o

.debug_ranges   0x0000000000000000      0xdc8
 .debug_ranges  0x0000000000000000       0x28 ./Core/Src/application.o
 .debug_ranges  0x0000000000000028       0x58 ./Core/Src/c2_frame.o
 .debug_ranges  0x0000000000000080       0x20 ./Core/Src/c2_parser.o
 .debug_ranges  0x00000000000000a0       0x18 ./Core/Src/crc8.o
 .debug_ranges  0x00000000000000b8       0x18 ./Core/Src/freertos.o
 .debug_ranges  0x00000000000000d0       0x48 ./Core/Src/main.o
 .debug_ranges  0x0000000000000118       0x30 ./Core/Src/package.o
 .debug_ranges  0x0000000000000148       0x20 ./Core/Src/stm32f4xx_hal_msp.o
 .debug_ranges  0x0000000000000168       0x50 ./Core/Src/stm32f4xx_it.o
 .debug_ranges  0x00000000000001b8       0x10 ./Core/Src/sysmem.o
 .debug_ranges  0x00000000000001c8       0x18 ./Core/Src/system_stm32f4xx.o
 .debug_ranges  0x00000000000001e0       0x20 ./Core/Startup/startup_stm32f429zitx.o
 .debug_ranges  0x0000000000000200       0xf0 ./Drivers/STM32F4xx_HAL_Driver/Src/stm32f4xx_hal.o
 .debug_ranges  0x00000000000002f0      0x108 ./Drivers/STM32F4xx_HAL_Driver/Src/stm32f4xx_hal_cortex.o
 .debug_ranges  0x00000000000003f8       0x80 ./Drivers/STM32F4xx_HAL_Driver/Src/stm32f4xx_hal_dma.o
 .debug_ranges  0x0000000000000478       0x48 ./Drivers/STM32F4xx_HAL_Driver/Src/stm32f4xx_hal_gpio.o
 .debug_ranges  0x00000000000004c0       0x50 ./Drivers/STM32F4xx_HAL_Driver/Src/stm32f4xx_hal_pwr_ex.o
 .debug_ranges  0x0000000000000510       0x78 ./Drivers/STM32F4xx_HAL_Driver/Src/stm32f4xx_hal_rcc.o
 .debug_ranges  0x0000000000000588      0x220 ./Drivers/STM32F4xx_HAL_Driver/Src/stm32f4xx_hal_uart.o
 .debug_ranges  0x00000000000007a8      0x1c8 ./Middlewares/Third_Party/FreeRTOS/Source/CMSIS_RTOS/cmsis_os.o
 .debug_ranges  0x0000000000000970       0x30 ./Middlewares/Third_Party/FreeRTOS/Source/list.o
 .debug_ranges  0x00000000000009a0      0x100 ./Middlewares/Third_Party/FreeRTOS/Source/queue.o
 .debug_ranges  0x0000000000000aa0      0x1b0 ./Middlewares/Third_Party/FreeRTOS/Source/tasks.o
 .debug_ranges  0x0000000000000c50       0xc0 ./Middlewares/Third_Party/FreeRTOS/Source/timers.o
 .debug_ranges  0x0000000000000d10       0x70 ./Middlewares/Third_Party/FreeRTOS/Source/portable/GCC/ARM_CM4F/port.o
 .debug_ranges  0x0000000000000d80       0x48 ./Middlewares/Third_Party/FreeRTOS/Source/portable/MemMang/heap_4.o

.debug_macro    0x0000000000000000    0x249ee
 .debug_macro   0x0000000000000000      0x48f ./Core/Src/application.o
 .debug_macro   0x000000000000048f       0x16 ./Core/Src/application.o
 .debug_macro   0x00000000000004a5       0x35 ./Core/Src/application.o
 .debug_macro   0x00000000000004da       0x20 ./Core/Src/application.o
 .debug_macro   0x00000000000004fa      0x295 ./Core/Src/application.o
 .debug_macro   0x000000000000078f       0x2e ./Core/Src/application.o
 .debug_macro   0x00000000000007bd       0x28 ./Core/Src/application.o
 .debug_macro   0x00000000000007e5       0x1c ./Core/Src/application.o
 .debug_macro   0x0000000000000801       0x22 ./Core/Src/application.o
 .debug_macro   0x0000000000000823       0xd9 ./Core/Src/application.o
 .debug_macro   0x00000000000008fc     0x102d ./Core/Src/application.o
 .debug_macro   0x0000000000001929      0x11f ./Core/Src/application.o
 .debug_macro   0x0000000000001a48    0x17f91 ./Core/Src/application.o
 .debug_macro   0x00000000000199d9       0x6d ./Core/Src/application.o
 .debug_macro   0x0000000000019a46     0x36dd ./Core/Src/application.o
 .debug_macro   0x000000000001d123       0x56 ./Core/Src/application.o
 .debug_macro   0x000000000001d179      0xca5 ./Core/Src/application.o
 .debug_macro   0x000000000001de1e      0x9fe ./Core/Src/application.o
 .debug_macro   0x000000000001e81c      0x116 ./Core/Src/application.o
 .debug_macro   0x000000000001e932      0x157 ./Core/Src/application.o
 .debug_macro   0x000000000001ea89       0xa5 ./Core/Src/application.o
 .debug_macro   0x000000000001eb2e      0x182 ./Core/Src/application.o
 .debug_macro   0x000000000001ecb0      0x287 ./Core/Src/application.o
 .debug_macro   0x000000000001ef37       0x5f ./Core/Src/application.o
 .debug_macro   0x000000000001ef96      0x236 ./Core/Src/application.o
 .debug_macro   0x000000000001f1cc      0x132 ./Core/Src/application.o
 .debug_macro   0x000000000001f2fe      0x41d ./Core/Src/application.o
 .debug_macro   0x000000000001f71b       0x2e ./Core/Src/application.o
 .debug_macro   0x000000000001f749      0x11a ./Core/Src/application.o
 .debug_macro   0x000000000001f863       0xe2 ./Core/Src/application.o
 .debug_macro   0x000000000001f945       0x89 ./Core/Src/application.o
 .debug_macro   0x000000000001f9ce      0x295 ./Core/Src/application.o
 .debug_macro   0x000000000001fc63      0x134 ./Core/Src/application.o
 .debug_macro   0x000000000001fd97      0x130 ./Core/Src/application.o
 .debug_macro   0x000000000001fec7       0xfd ./Core/Src/application.o
 .debug_macro   0x000000000001ffc4      0x15a ./Core/Src/application.o
 .debug_macro   0x000000000002011e       0xde ./Core/Src/application.o
 .debug_macro   0x00000000000201fc       0x1c ./Core/Src/application.o
 .debug_macro   0x0000000000020218       0x26 ./Core/Src/application.o
 .debug_macro   0x000000000002023e      0x4fd ./Core/Src/application.o
 .debug_macro   0x000000000002073b       0xb5 ./Core/Src/application.o
 .debug_macro   0x00000000000207f0       0xaa ./Core/Src/application.o
 .debug_macro   0x000000000002089a       0x91 ./Core/Src/application.o
 .debug_macro   0x000000000002092b       0x8d ./Core/Src/application.o
 .debug_macro   0x00000000000209b8       0x7e ./Core/Src/application.o
 .debug_macro   0x0000000000020a36       0x19 ./Core/Src/application.o
 .debug_macro   0x0000000000020a4f       0xf2 ./Core/Src/application.o
 .debug_macro   0x0000000000020b41       0x10 ./Core/Src/application.o
 .debug_macro   0x0000000000020b51      0x460 ./Core/Src/application.o
 .debug_macro   0x0000000000020fb1       0x16 ./Core/Src/application.o
 .debug_macro   0x0000000000020fc7       0x16 ./Core/Src/application.o
 .debug_macro   0x0000000000020fdd       0x29 ./Core/Src/application.o
 .debug_macro   0x0000000000021006      0x269 ./Core/Src/c2_frame.o
 .debug_macro   0x000000000002126f       0x8e ./Core/Src/c2_frame.o
 .debug_macro   0x00000000000212fd       0x51 ./Core/Src/c2_frame.o
 .debug_macro   0x000000000002134e       0x52 ./Core/Src/c2_frame.o
 .debug_macro   0x00000000000213a0      0x174 ./Core/Src/c2_frame.o
 .debug_macro   0x0000000000021514       0x10 ./Core/Src/c2_frame.o
 .debug_macro   0x0000000000021524       0xfd ./Core/Src/c2_frame.o
 .debug_macro   0x0000000000021621      0x143 ./Core/Src/c2_parser.o
 .debug_macro   0x0000000000021764       0xb9 ./Core/Src/crc8.o
 .debug_macro   0x000000000002181d       0x3a ./Core/Src/crc8.o
 .debug_macro   0x0000000000021857       0x82 ./Core/Src/crc8.o
 .debug_macro   0x00000000000218d9      0x231 ./Core/Src/freertos.o
 .debug_macro   0x0000000000021b0a       0x5c ./Core/Src/freertos.o
 .debug_macro   0x0000000000021b66      0x45f ./Core/Src/main.o
 .debug_macro   0x0000000000021fc5      0x25b ./Core/Src/package.o
 .debug_macro   0x0000000000022220      0x10e ./Core/Src/package.o
 .debug_macro   0x000000000002232e       0x8d ./Core/Src/package.o
 .debug_macro   0x00000000000223bb      0x1c9 ./Core/Src/stm32f4xx_hal_msp.o
 .debug_macro   0x0000000000022584      0x38e ./Core/Src/stm32f4xx_it.o
 .debug_macro   0x0000000000022912       0xff ./Core/Src/sysmem.o
 .debug_macro   0x0000000000022a11      0x23b ./Core/Src/sysmem.o
 .debug_macro   0x0000000000022c4c      0x1ba ./Core/Src/system_stm32f4xx.o
 .debug_macro   0x0000000000022e06      0x21a ./Drivers/STM32F4xx_HAL_Driver/Src/stm32f4xx_hal.o
 .debug_macro   0x0000000000023020      0x1ba ./Drivers/STM32F4xx_HAL_Driver/Src/stm32f4xx_hal_cortex.o
 .debug_macro   0x00000000000231da      0x1c0 ./Drivers/STM32F4xx_HAL_Driver/Src/stm32f4xx_hal_dma.o
 .debug_macro   0x000000000002339a      0x1c0 ./Drivers/STM32F4xx_HAL_Driver/Src/stm32f4xx_hal_gpio.o
 .debug_macro   0x000000000002355a      0x1d2 ./Drivers/STM32F4xx_HAL_Driver/Src/stm32f4xx_hal_pwr_ex.o
 .debug_macro   0x000000000002372c      0x1de ./Drivers/STM32F4xx_HAL_Driver/Src/stm32f4xx_hal_rcc.o
 .debug_macro   0x000000000002390a      0x1bb ./Drivers/STM32F4xx_HAL_Driver/Src/stm32f4xx_hal_uart.o
 .debug_macro   0x0000000000023ac5      0x1fe ./Middlewares/Third_Party/FreeRTOS/Source/CMSIS_RTOS/cmsis_os.o
 .debug_macro   0x0000000000023cc3       0xc7 ./Middlewares/Third_Party/FreeRTOS/Source/CMSIS_RTOS/cmsis_os.o
 .debug_macro   0x0000000000023d8a      0x187 ./Middlewares/Third_Party/FreeRTOS/Source/list.o
 .debug_macro   0x0000000000023f11      0x216 ./Middlewares/Third_Party/FreeRTOS/Source/queue.o
 .debug_macro   0x0000000000024127       0x87 ./Middlewares/Third_Party/FreeRTOS/Source/queue.o
 .debug_macro   0x00000000000241ae      0x279 ./Middlewares/Third_Party/FreeRTOS/Source/tasks.o
 .debug_macro   0x0000000000024427       0x10 ./Middlewares/Third_Party/FreeRTOS/Source/tasks.o
 .debug_macro   0x0000000000024437      0x1dc ./Middlewares/Third_Party/FreeRTOS/Source/timers.o
 .debug_macro   0x0000000000024613       0x97 ./Middlewares/Third_Party/FreeRTOS/Source/timers.o
 .debug_macro   0x00000000000246aa      0x196 ./Middlewares/Third_Party/FreeRTOS/Source/portable/GCC/ARM_CM4F/port.o
 .debug_macro   0x0000000000024840      0x1ae ./Middlewares/Third_Party/FreeRTOS/Source/portable/MemMang/heap_4.o

.debug_line     0x0000000000000000    0x12b5f
 .debug_line    0x0000000000000000      0xb5a ./Core/Src/application.o
 .debug_line    0x0000000000000b5a      0x8af ./Core/Src/c2_frame.o
 .debug_line    0x0000000000001409      0x5e1 ./Core/Src/c2_parser.o
 .debug_line    0x00000000000019ea      0x500 ./Core/Src/crc8.o
 .debug_line    0x0000000000001eea      0x780 ./Core/Src/freertos.o
 .debug_line    0x000000000000266a      0xc18 ./Core/Src/main.o
 .debug_line    0x0000000000003282      0x9c3 ./Core/Src/package.o
 .debug_line    0x0000000000003c45      0x6fa ./Core/Src/stm32f4xx_hal_msp.o
 .debug_line    0x000000000000433f      0xa46 ./Core/Src/stm32f4xx_it.o
 .debug_line    0x0000000000004d85      0x4b8 ./Core/Src/sysmem.o
 .debug_line    0x000000000000523d      0x6e4 ./Core/Src/system_stm32f4xx.o
 .debug_line    0x0000000000005921       0x88 ./Core/Startup/startup_stm32f429zitx.o
 .debug_line    0x00000000000059a9      0x980 ./Drivers/STM32F4xx_HAL_Driver/Src/stm32f4xx_hal.o
 .debug_line    0x0000000000006329      0xbf9 ./Drivers/STM32F4xx_HAL_Driver/Src/stm32f4xx_hal_cortex.o
 .debug_line    0x0000000000006f22      0xeb1 ./Drivers/STM32F4xx_HAL_Driver/Src/stm32f4xx_hal_dma.o
 .debug_line    0x0000000000007dd3      0xae8 ./Drivers/STM32F4xx_HAL_Driver/Src/stm32f4xx_hal_gpio.o
 .debug_line    0x00000000000088bb      0x879 ./Drivers/STM32F4xx_HAL_Driver/Src/stm32f4xx_hal_pwr_ex.o
 .debug_line    0x0000000000009134      0xcc6 ./Drivers/STM32F4xx_HAL_Driver/Src/stm32f4xx_hal_rcc.o
 .debug_line    0x0000000000009dfa     0x29d1 ./Drivers/STM32F4xx_HAL_Driver/Src/stm32f4xx_hal_uart.o
 .debug_line    0x000000000000c7cb     0x1234 ./Middlewares/Third_Party/FreeRTOS/Source/CMSIS_RTOS/cmsis_os.o
 .debug_line    0x000000000000d9ff      0x6cb ./Middlewares/Third_Party/FreeRTOS/Source/list.o
 .debug_line    0x000000000000e0ca     0x1493 ./Middlewares/Third_Party/FreeRTOS/Source/queue.o
 .debug_line    0x000000000000f55d     0x1923 ./Middlewares/Third_Party/FreeRTOS/Source/tasks.o
 .debug_line    0x0000000000010e80      0xc6e ./Middlewares/Third_Party/FreeRTOS/Source/timers.o
 .debug_line    0x0000000000011aee      0x77c ./Middlewares/Third_Party/FreeRTOS/Source/portable/GCC/ARM_CM4F/port.o
 .debug_line    0x000000000001226a      0x8f5 ./Middlewares/Third_Party/FreeRTOS/Source/portable/MemMang/heap_4.o

.debug_str      0x0000000000000000    0xdc93c
 .debug_str     0x0000000000000000    0xd6c77 ./Core/Src/application.o
                                      0xd6fd6 (size before relaxing)
 .debug_str     0x00000000000d6c77      0x161 ./Core/Src/c2_frame.o
                                       0xe133 (size before relaxing)
 .debug_str     0x00000000000d6dd8       0x18 ./Core/Src/c2_parser.o
                                       0x6e0e (size before relaxing)
 .debug_str     0x00000000000d6df0       0x2e ./Core/Src/crc8.o
                                       0x507b (size before relaxing)
 .debug_str     0x00000000000d6e1e      0x195 ./Core/Src/freertos.o
                                      0xcf89b (size before relaxing)
 .debug_str     0x00000000000d6fb3      0x40a ./Core/Src/main.o
                                      0xd709e (size before relaxing)
 .debug_str     0x00000000000d73bd       0x58 ./Core/Src/package.o
                                       0xdf79 (size before relaxing)
 .debug_str     0x00000000000d7415      0x5e5 ./Core/Src/stm32f4xx_hal_msp.o
                                      0xcc46b (size before relaxing)
 .debug_str     0x00000000000d79fa      0x111 ./Core/Src/stm32f4xx_it.o
                                      0xd5d6a (size before relaxing)
 .debug_str     0x00000000000d7b0b      0x35a ./Core/Src/sysmem.o
                                       0x5da7 (size before relaxing)
 .debug_str     0x00000000000d7e65       0xdb ./Core/Src/system_stm32f4xx.o