Archive member included to satisfy reference by file (symbol)

/opt/st/stm32cubeide_1.9.0/plugins/com.st.stm32cube.ide.mcu.externaltools.gnu-tools-for-stm32.10.3-2021.10.linux64_1.0.0.202111181127/tools/bin/../lib/gcc/arm-none-eabi/10.3.1/../../../../arm-none-eabi/lib/thumb/v7e-m+fp/hard/libc_nano.a(lib_a-errno.o)
                              ./Core/Src/syscalls.o (__errno)
/opt/st/stm32cubeide_1.9.0/plugins/com.st.stm32cube.ide.mcu.externaltools.gnu-tools-for-stm32.10.3-2021.10.linux64_1.0.0.202111181127/tools/bin/../lib/gcc/arm-none-eabi/10.3.1/../../../../arm-none-eabi/lib/thumb/v7e-m+fp/hard/libc_nano.a(lib_a-exit.o)
                              /opt/st/stm32cubeide_1.9.0/plugins/com.st.stm32cube.ide.mcu.externaltools.gnu-tools-for-stm32.10.3-2021.10.linux64_1.0.0.202111181127/tools/bin/../lib/gcc/arm-none-eabi/10.3.1/../../../../arm-none-eabi/lib/thumb/v7e-m+fp/hard/crt0.o (exit)
/opt/st/stm32cubeide_1.9.0/plugins/com.st.stm32cube.ide.mcu.externaltools.gnu-tools-for-stm32.10.3-2021.10.linux64_1.0.0.202111181127/tools/bin/../lib/gcc/arm-none-eabi/10.3.1/../../../../arm-none-eabi/lib/thumb/v7e-m+fp/hard/libc_nano.a(lib_a-impure.o)
                              /opt/st/stm32cubeide_1.9.0/plugins/com.st.stm32cube.ide.mcu.externaltools.gnu-tools-for-stm32.10.3-2021.10.linux64_1.0.0.202111181127/tools/bin/../lib/gcc/arm-none-eabi/10.3.1/../../../../arm-none-eabi/lib/thumb/v7e-m+fp/hard/libc_nano.a(lib_a-exit.o) (_global_impure_ptr)
/opt/st/stm32cubeide_1.9.0/plugins/com.st.stm32cube.ide.mcu.externaltools.gnu-tools-for-stm32.10.3-2021.10.linux64_1.0.0.202111181127/tools/bin/../lib/gcc/arm-none-eabi/10.3.1/../../../../arm-none-eabi/lib/thumb/v7e-m+fp/hard/libc_nano.a(lib_a-init.o)
                              /opt/st/stm32cubeide_1.9.0/plugins/com.st.stm32cube.ide.mcu.externaltools.gnu-tools-for-stm32.10.3-2021.10.linux64_1.0.0.202111181127/tools/bin/../lib/gcc/arm-none-eabi/10.3.1/../../../../arm-none-eabi/lib/thumb/v7e-m+fp/hard/crt0.o (__libc_init_array)
/opt/st/stm32cubeide_1.9.0/plugins/com.st.stm32cube.ide.mcu.externaltools.gnu-tools-for-stm32.10.3-2021.10.linux64_1.0.0.202111181127/tools/bin/../lib/gcc/arm-none-eabi/10.3.1/../../../../arm-none-eabi/lib/thumb/v7e-m+fp/hard/libc_nano.a(lib_a-malloc.o)
                              ./app/src/c2_frame.o (malloc)
/opt/st/stm32cubeide_1.9.0/plugins/com.st.stm32cube.ide.mcu.externaltools.gnu-tools-for-stm32.10.3-2021.10.linux64_1.0.0.202111181127/tools/bin/../lib/gcc/arm-none-eabi/10.3.1/../../../../arm-none-eabi/lib/thumb/v7e-m+fp/hard/libc_nano.a(lib_a-memcpy-stub.o)
                              ./Middlewares/Third_Party/FreeRTOS/Source/queue.o (memcpy)
/opt/st/stm32cubeide_1.9.0/plugins/com.st.stm32cube.ide.mcu.externaltools.gnu-tools-for-stm32.10.3-2021.10.linux64_1.0.0.202111181127/tools/bin/../lib/gcc/arm-none-eabi/10.3.1/../../../../arm-none-eabi/lib/thumb/v7e-m+fp/hard/libc_nano.a(lib_a-memmove.o)
                              ./app/src/package.o (memmove)
/opt/st/stm32cubeide_1.9.0/plugins/com.st.stm32cube.ide.mcu.externaltools.gnu-tools-for-stm32.10.3-2021.10.linux64_1.0.0.202111181127/tools/bin/../lib/gcc/arm-none-eabi/10.3.1/../../../../arm-none-eabi/lib/thumb/v7e-m+fp/hard/libc_nano.a(lib_a-memset.o)
                              /opt/st/stm32cubeide_1.9.0/plugins/com.st.stm32cube.ide.mcu.externaltools.gnu-tools-for-stm32.10.3-2021.10.linux64_1.0.0.202111181127/tools/bin/../lib/gcc/arm-none-eabi/10.3.1/../../../../arm-none-eabi/lib/thumb/v7e-m+fp/hard/crt0.o (memset)
/opt/st/stm32cubeide_1.9.0/plugins/com.st.stm32cube.ide.mcu.externaltools.gnu-tools-for-stm32.10.3-2021.10.linux64_1.0.0.202111181127/tools/bin/../lib/gcc/arm-none-eabi/10.3.1/../../../../arm-none-eabi/lib/thumb/v7e-m+fp/hard/libc_nano.a(lib_a-nano-freer.o)
                              /opt/st/stm32cubeide_1.9.0/plugins/com.st.stm32cube.ide.mcu.externaltools.gnu-tools-for-stm32.10.3-2021.10.linux64_1.0.0.202111181127/tools/bin/../lib/gcc/arm-none-eabi/10.3.1/../../../../arm-none-eabi/lib/thumb/v7e-m+fp/hard/libc_nano.a(lib_a-malloc.o) (_free_r)
/opt/st/stm32cubeide_1.9.0/plugins/com.st.stm32cube.ide.mcu.externaltools.gnu-tools-for-stm32.10.3-2021.10.linux64_1.0.0.202111181127/tools/bin/../lib/gcc/arm-none-eabi/10.3.1/../../../../arm-none-eabi/lib/thumb/v7e-m+fp/hard/libc_nano.a(lib_a-nano-mallocr.o)
                              /opt/st/stm32cubeide_1.9.0/plugins/com.st.stm32cube.ide.mcu.externaltools.gnu-tools-for-stm32.10.3-2021.10.linux64_1.0.0.202111181127/tools/bin/../lib/gcc/arm-none-eabi/10.3.1/../../../../arm-none-eabi/lib/thumb/v7e-m+fp/hard/libc_nano.a(lib_a-malloc.o) (_malloc_r)
/opt/st/stm32cubeide_1.9.0/plugins/com.st.stm32cube.ide.mcu.externaltools.gnu-tools-for-stm32.10.3-2021.10.linux64_1.0.0.202111181127/tools/bin/../lib/gcc/arm-none-eabi/10.3.1/../../../../arm-none-eabi/lib/thumb/v7e-m+fp/hard/libc_nano.a(lib_a-sbrkr.o)
[...]
Memory Configuration

Name             Origin             Length             Attributes
CCMRAM           0x0000000010000000 0x0000000000010000 xrw
RAM              0x0000000020000000 0x0000000000030000 xrw
FLASH            0x0000000008000000 0x0000000000200000 xr
*default*        0x0000000000000000 0xffffffffffffffff

Linker script and memory map

LOAD /opt/st/stm32cubeide_1.9.0/plugins/com.st.stm32cube.ide.mcu.externaltools.gnu-tools-for-stm32.10.3-2021.10.linux64_1.0.0.202111181127/tools/bin/../lib/gcc/arm-none-eabi/10.3.1/thumb/v7e-m+fp/hard/crti.o
LOAD /opt/st/stm32cubeide_1.9.0/plugins/com.st.stm32cube.ide.mcu.externaltools.gnu-tools-for-stm32.10.3-2021.10.linux64_1.0.0.202111181127/tools/bin/../lib/gcc/arm-none-eabi/10.3.1/thumb/v7e-m+fp/hard/crtbegin.o
LOAD /opt/st/stm32cubeide_1.9.0/plugins/com.st.stm32cube.ide.mcu.externaltools.gnu-tools-for-stm32.10.3-2021.10.linux64_1.0.0.202111181127/tools/bin/../lib/gcc/arm-none-eabi/10.3.1/../../../../arm-none-eabi/lib/thumb/v7e-m+fp/hard/crt0.o
LOAD ./Core/Src/app_state_machine.o
LOAD ./Core/Src/frame_separation.o
LOAD ./Core/Src/freertos.o
LOAD ./Core/Src/main.o
LOAD ./Core/Src/stm32f4xx_hal_msp.o
LOAD ./Core/Src/stm32f4xx_it.o
LOAD ./Core/Src/syscalls.o
LOAD ./Core/Src/sysmem.o
LOAD ./Core/Src/system_stm32f4xx.o
LOAD ./Core/Startup/startup_stm32f429zitx.o
LOAD ./Drivers/STM32F4xx_HAL_Driver/Src/stm32f4xx_hal.o
LOAD ./Drivers/STM32F4xx_HAL_Driver/Src/stm32f4xx_hal_cortex.o
LOAD ./Drivers/STM32F4xx_HAL_Driver/Src/stm32f4xx_hal_dma.o
LOAD ./Drivers/STM32F4xx_HAL_Driver/Src/stm32f4xx_hal_dma_ex.o
LOAD ./Drivers/STM32F4xx_HAL_Driver/Src/stm32f4xx_hal_exti.o
LOAD ./Drivers/STM32F4xx_HAL_Driver/Src/stm32f4xx_hal_flash.o
LOAD ./Drivers/STM32F4xx_HAL_Driver/Src/stm32f4xx_hal_flash_ex.o
LOAD ./Drivers/STM32F4xx_HAL_Driver/Src/stm32f4xx_hal_flash_ramfunc.o
LOAD ./Drivers/STM32F4xx_HAL_Driver/Src/stm32f4xx_hal_gpio.o
LOAD ./Drivers/STM32F4xx_HAL_Driver/Src/stm32f4xx_hal_pwr.o
LOAD ./Drivers/STM32F4xx_HAL_Driver/Src/stm32f4xx_hal_pwr_ex.o
LOAD ./Drivers/STM32F4xx_HAL_Driver/Src/stm32f4xx_hal_rcc.o
LOAD ./Drivers/STM32F4xx_HAL_Driver/Src/stm32f4xx_hal_rcc_ex.o
LOAD ./Drivers/STM32F4xx_HAL_Driver/Src/stm32f4xx_hal_tim.o
LOAD ./Drivers/STM32F4xx_HAL_Driver/Src/stm32f4xx_hal_tim_ex.o
LOAD ./Drivers/STM32F4xx_HAL_Driver/Src/stm32f4xx_hal_uart.o
LOAD ./Middlewares/Third_Party/FreeRTOS/Source/CMSIS_RTOS/cmsis_os.o
LOAD ./Middlewares/Third_Party/FreeRTOS/Source/croutine.o
LOAD ./Middlewares/Third_Party/FreeRTOS/Source/event_groups.o
LOAD ./Middlewares/Third_Party/FreeRTOS/Source/list.o
LOAD ./Middlewares/Third_Party/FreeRTOS/Source/queue.o
LOAD ./Middlewares/Third_Party/FreeRTOS/Source/stream_buffer.o
LOAD ./Middlewares/Third_Party/FreeRTOS/Source/tasks.o
LOAD ./Middlewares/Third_Party/FreeRTOS/Source/timers.o
LOAD ./Middlewares/Third_Party/FreeRTOS/Source/portable/GCC/ARM_CM4F/port.o
LOAD ./Middlewares/Third_Party/FreeRTOS/Source/portable/MemMang/heap_4.o
LOAD ./app/src/application.o
LOAD ./app/src/c2_frame.o
LOAD ./app/src/c2_parser.o
LOAD ./app/src/crc8.o
LOAD ./app/src/package.o
START GROUP
LOAD /opt/st/stm32cubeide_1.9.0/plugins/com.st.stm32cube.ide.mcu.externaltools.gnu-tools-for-stm32.10.3-2021.10.linux64_1.0.0.202111181127/tools/bin/../lib/gcc/arm-none-eabi/10.3.1/../../../../arm-none-eabi/lib/thumb/v7e-m+fp/hard/libc_nano.a
LOAD /opt/st/stm32cubeide_1.9.0/plugins/com.st.stm32cube.ide.mcu.externaltools.gnu-tools-for-stm32.10.3-2021.10.linux64_1.0.0.202111181127/tools/bin/../lib/gcc/arm-none-eabi/10.3.1/../../../../arm-none-eabi/lib/thumb/v7e-m+fp/hard/libm.a
END GROUP
START GROUP
LOAD /opt/st/stm32cubeide_1.9.0/plugins/com.st.stm32cube.ide.mcu.externaltools.gnu-tools-for-stm32.10.3-2021.10.linux64_1.0.0.202111181127/tools/bin/../lib/gcc/arm-none-eabi/10.3.1/thumb/v7e-m+fp/hard/libgcc.a
LOAD /opt/st/stm32cubeide_1.9.0/plugins/com.st.stm32cube.ide.mcu.externaltools.gnu-tools-for-stm32.10.3-2021.10.linux64_1.0.0.202111181127/tools/bin/../lib/gcc/arm-none-eabi/10.3.1/../../../../arm-none-eabi/lib/thumb/v7e-m+fp/hard/libc_nano.a
END GROUP
START GROUP
LOAD /opt/st/stm32cubeide_1.9.0/plugins/com.st.stm32cube.ide.mcu.externaltools.gnu-tools-for-stm32.10.3-2021.10.linux64_1.0.0.202111181127/tools/bin/../lib/gcc/arm-none-eabi/10.3.1/thumb/v7e-m+fp/hard/libgcc.a
LOAD /opt/st/stm32cubeide_1.9.0/plugins/com.st.stm32cube.ide.mcu.externaltools.gnu-tools-for-stm32.10.3-2021.10.linux64_1.0.0.202111181127/tools/bin/../lib/gcc/arm-none-eabi/10.3.1/../../../../arm-none-eabi/lib/thumb/v7e-m+fp/hard/libc_nano.a
LOAD /opt/st/stm32cubeide_1.9.0/plugins/com.st.stm32cube.ide.mcu.externaltools.gnu-tools-for-stm32.10.3-2021.10.linux64_1.0.0.202111181127/tools/bin/../lib/gcc/arm-none-eabi/10.3.1/../../../../arm-none-eabi/lib/thumb/v7e-m+fp/hard/libnosys.a
END GROUP
START GROUP
LOAD /opt/st/stm32cubeide_1.9.0/plugins/com.st.stm32cube.ide.mcu.externaltools.gnu-tools-for-stm32.10.3-2021.10.linux64_1.0.0.202111181127/tools/bin/../lib/gcc/arm-none-eabi/10.3.1/thumb/v7e-m+fp/hard/libgcc.a
LOAD /opt/st/stm32cubeide_1.9.0/plugins/com.st.stm32cube.ide.mcu.externaltools.gnu-tools-for-stm32.10.3-2021.10.linux64_1.0.0.202111181127/tools/bin/../lib/gcc/arm-none-eabi/10.3.1/../../../../arm-none-eabi/lib/thumb/v7e-m+fp/hard/libc_nano.a
LOAD /opt/st/stm32cubeide_1.9.0/plugins/com.st.stm32cube.ide.mcu.externaltools.gnu-tools-for-stm32.10.3-2021.10.linux64_1.0.0.202111181127/tools/bin/../lib/gcc/arm-none-eabi/10.3.1/../../../../arm-none-eabi/lib/thumb/v7e-m+fp/hard/libnosys.a
END GROUP
LOAD /opt/st/stm32cubeide_1.9.0/plugins/com.st.stm32cube.ide.mcu.externaltools.gnu-tools-for-stm32.10.3-2021.10.linux64_1.0.0.202111181127/tools/bin/../lib/gcc/arm-none-eabi/10.3.1/thumb/v7e-m+fp/hard/crtend.o
LOAD /opt/st/stm32cubeide_1.9.0/plugins/com.st.stm32cube.ide.mcu.externaltools.gnu-tools-for-stm32.10.3-2021.10.linux64_1.0.0.202111181127/tools/bin/../lib/gcc/arm-none-eabi/10.3.1/thumb/v7e-m+fp/hard/crtn.o
                0x0000000020030000                _estack = (ORIGIN (RAM) + LENGTH (RAM))
                0x0000000000000200                _Min_Heap_Size = 0x200
                0x0000000000000400                _Min_Stack_Size = 0x400

.isr_vector     0x0000000008000000      0x1ac
                0x0000000008000000                . = ALIGN (0x4)
 *(.isr_vector)
 .isr_vector    0x0000000008000000      0x1ac ./Core/Startup/startup_stm32f429zitx.o
                0x0000000008000000                g_pfnVectors
                0x00000000080001ac                . = ALIGN (0x4)

.text           0x00000000080001b0     0x62e0
                0x00000000080001b0                . = ALIGN (0x4)
 *(.text)
 .text          0x00000000080001b0       0x40 /opt/st/stm32cubeide_1.9.0/plugins/com.st.stm32cube.ide.mcu.externaltools.gnu-tools-for-stm32.10.3-2021.10.linux64_1.0.0.202111181127/tools/bin/../lib/gcc/arm-none-eabi/10.3.1/thumb/v7e-m+fp/hard/crtbegin.o
 .text          0x00000000080001f0       0x30 /opt/st/stm32cubeide_1.9.0/plugins/com.st.stm32cube.ide.mcu.externaltools.gnu-tools-for-stm32.10.3-2021.10.linux64_1.0.0.202111181127/tools/bin/../lib/gcc/arm-none-eabi/10.3.1/thumb/v7e-m+fp/hard/libgcc.a(_aeabi_uldivmod.o)
                0x00000000080001f0                __aeabi_uldivmod
 .text          0x0000000008000220      0x2d0 /opt/st/stm32cubeide_1.9.0/plugins/com.st.stm32cube.ide.mcu.externaltools.gnu-tools-for-stm32.10.3-2021.10.linux64_1.0.0.202111181127/tools/bin/../lib/gcc/arm-none-eabi/10.3.1/thumb/v7e-m+fp/hard/libgcc.a(_udivmoddi4.o)
                0x0000000008000220                __udivmoddi4
 .text          0x00000000080004f0        0x4 /opt/st/stm32cubeide_1.9.0/plugins/com.st.stm32cube.ide.mcu.externaltools.gnu-tools-for-stm32.10.3-2021.10.linux64_1.0.0.202111181127/tools/bin/../lib/gcc/arm-none-eabi/10.3.1/thumb/v7e-m+fp/hard/libgcc.a(_dvmd_tls.o)
                0x00000000080004f0                __aeabi_ldiv0
                0x00000000080004f0                __aeabi_idiv0
 *(.text*)
 .text.vApplicationGetIdleTaskMemory
                0x00000000080004f4       0x34 ./Core/Src/freertos.o
                0x00000000080004f4                vApplicationGetIdleTaskMemory
 .text.vApplicationGetTimerTaskMemory
                0x0000000008000528       0x34 ./Core/Src/freertos.o
                0x0000000008000528                vApplicationGetTimerTaskMemory
 .text.main     0x000000000800055c       0x44 ./Core/Src/main.o
                0x000000000800055c                main
 .text.SystemClock_Config
                0x00000000080005a0       0xe0 ./Core/Src/main.o
                0x00000000080005a0                SystemClock_Config
 .text.MX_USART2_UART_Init
                0x0000000008000680       0x54 ./Core/Src/main.o
 .text.MX_USART3_UART_Init
                0x00000000080006d4       0x54 ./Core/Src/main.o
 .text.MX_GPIO_Init
                0x0000000008000728      0x220 ./Core/Src/main.o
 .text.HAL_UART_RxCpltCallback
                0x0000000008000948       0x40 ./Core/Src/main.o
                0x0000000008000948                HAL_UART_RxCpltCallback
 .text.Error_Handler
                0x0000000008000988        0xa ./Core/Src/main.o
                0x0000000008000988                Error_Handler
 *fill*         0x0000000008000992        0x2 
 .text.HAL_MspInit
                0x0000000008000994       0x58 ./Core/Src/stm32f4xx_hal_msp.o
                0x0000000008000994                HAL_MspInit
 .text.HAL_UART_MspInit
                0x00000000080009ec      0x158 ./Core/Src/stm32f4xx_hal_msp.o
                0x00000000080009ec                HAL_UART_MspInit
 .text.NMI_Handler
                0x0000000008000b44        0x6 ./Core/Src/stm32f4xx_it.o
                0x0000000008000b44                NMI_Handler
 .text.HardFault_Handler
                0x0000000008000b4a        0x6 ./Core/Src/stm32f4xx_it.o
                0x0000000008000b4a                HardFault_Handler
 .text.MemManage_Handler
                0x0000000008000b50        0x6 ./Core/Src/stm32f4xx_it.o
                0x0000000008000b50                MemManage_Handler
 .text.BusFault_Handler
                0x0000000008000b56        0x6 ./Core/Src/stm32f4xx_it.o
                0x0000000008000b56                BusFault_Handler
 .text.UsageFault_Handler
                0x0000000008000b5c        0x6 ./Core/Src/stm32f4xx_it.o
                0x0000000008000b5c                UsageFault_Handler
 .text.DebugMon_Handler
                0x0000000008000b62        0xe ./Core/Src/stm32f4xx_it.o
                0x0000000008000b62                DebugMon_Handler
 .text.SysTick_Handler
                0x0000000008000b70       0x1a ./Core/Src/stm32f4xx_it.o
                0x0000000008000b70                SysTick_Handler
 *fill*         0x0000000008000b8a        0x2 
 .text.USART2_IRQHandler
                0x0000000008000b8c       0x24 ./Core/Src/stm32f4xx_it.o
                0x0000000008000b8c                USART2_IRQHandler
 .text.USART3_IRQHandler
                0x0000000008000bb0       0x24 ./Core/Src/stm32f4xx_it.o
                0x0000000008000bb0                USART3_IRQHandler
 .text._sbrk    0x0000000008000bd4       0x6c ./Core/Src/sysmem.o
                0x0000000008000bd4                _sbrk
 .text.SystemInit
                0x0000000008000c40       0x24 ./Core/Src/system_stm32f4xx.o
                0x0000000008000c40                SystemInit
 .text.Reset_Handler
                0x0000000008000c64       0x50 ./Core/Startup/startup_stm32f429zitx.o
                0x0000000008000c64                Reset_Handler
 .text.Default_Handler
                0x0000000008000cb4        0x2 ./Core/Startup/startup_stm32f429zitx.o
                0x0000000008000cb4                RTC_Alarm_IRQHandler
                0x0000000008000cb4                HASH_RNG_IRQHandler
                0x0000000008000cb4                EXTI2_IRQHandler
                0x0000000008000cb4                TIM8_CC_IRQHandler
                0x0000000008000cb4                UART8_IRQHandler
                0x0000000008000cb4                SPI4_IRQHandler
                0x0000000008000cb4                TIM1_CC_IRQHandler
                0x0000000008000cb4                DMA2_Stream5_IRQHandler
                0x0000000008000cb4                DMA1_Stream5_IRQHandler
                0x0000000008000cb4                PVD_IRQHandler
                0x0000000008000cb4                SDIO_IRQHandler
                0x0000000008000cb4                TAMP_STAMP_IRQHandler
                0x0000000008000cb4                CAN2_RX1_IRQHandler
                0x0000000008000cb4                EXTI3_IRQHandler
                0x0000000008000cb4                TIM8_TRG_COM_TIM14_IRQHandler
                0x0000000008000cb4                TIM1_UP_TIM10_IRQHandler
                0x0000000008000cb4                TIM8_UP_TIM13_IRQHandler
                0x0000000008000cb4                I2C3_ER_IRQHandler
                0x0000000008000cb4                EXTI0_IRQHandler
                0x0000000008000cb4                I2C2_EV_IRQHandler
                0x0000000008000cb4                DMA1_Stream2_IRQHandler
                0x0000000008000cb4                CAN1_RX0_IRQHandler
                0x0000000008000cb4                FPU_IRQHandler
                0x0000000008000cb4                OTG_HS_WKUP_IRQHandler
                0x0000000008000cb4                LTDC_ER_IRQHandler
                0x0000000008000cb4                CAN2_SCE_IRQHandler
                0x0000000008000cb4                DMA2_Stream2_IRQHandler
                0x0000000008000cb4                SPI1_IRQHandler
                0x0000000008000cb4                TIM6_DAC_IRQHandler
                0x0000000008000cb4                TIM1_BRK_TIM9_IRQHandler
                0x0000000008000cb4                DCMI_IRQHandler
                0x0000000008000cb4                CAN2_RX0_IRQHandler
                0x0000000008000cb4                DMA2_Stream3_IRQHandler
                0x0000000008000cb4                USART6_IRQHandler
                0x0000000008000cb4                CAN1_RX1_IRQHandler
                0x0000000008000cb4                UART5_IRQHandler
                0x0000000008000cb4                DMA2_Stream0_IRQHandler
                0x0000000008000cb4                TIM4_IRQHandler
                0x0000000008000cb4                I2C1_EV_IRQHandler
                0x0000000008000cb4                DMA1_Stream6_IRQHandler
                0x0000000008000cb4                DMA1_Stream1_IRQHandler
                0x0000000008000cb4                UART4_IRQHandler
                0x0000000008000cb4                TIM3_IRQHandler
                0x0000000008000cb4                RCC_IRQHandler
                0x0000000008000cb4                TIM8_BRK_TIM12_IRQHandler
                0x0000000008000cb4                Default_Handler
                0x0000000008000cb4                EXTI15_10_IRQHandler
                0x0000000008000cb4                ADC_IRQHandler
                0x0000000008000cb4                DMA1_Stream7_IRQHandler
                0x0000000008000cb4                SPI5_IRQHandler
                0x0000000008000cb4                TIM7_IRQHandler
                0x0000000008000cb4                CAN2_TX_IRQHandler
                0x0000000008000cb4                TIM5_IRQHandler
                0x0000000008000cb4                DMA2_Stream7_IRQHandler
                0x0000000008000cb4                I2C3_EV_IRQHandler
                0x0000000008000cb4                EXTI9_5_IRQHandler
                0x0000000008000cb4                RTC_WKUP_IRQHandler
                0x0000000008000cb4                LTDC_IRQHandler
                0x0000000008000cb4                ETH_WKUP_IRQHandler
                0x0000000008000cb4                SPI2_IRQHandler
                0x0000000008000cb4                OTG_HS_EP1_IN_IRQHandler
                0x0000000008000cb4                DMA1_Stream0_IRQHandler
                0x0000000008000cb4                CAN1_TX_IRQHandler
                0x0000000008000cb4                EXTI4_IRQHandler
                0x0000000008000cb4                ETH_IRQHandler
                0x0000000008000cb4                OTG_HS_EP1_OUT_IRQHandler
                0x0000000008000cb4                WWDG_IRQHandler
                0x0000000008000cb4                SPI6_IRQHandler
                0x0000000008000cb4                TIM2_IRQHandler
                0x0000000008000cb4                OTG_FS_WKUP_IRQHandler
                0x0000000008000cb4                TIM1_TRG_COM_TIM11_IRQHandler
                0x0000000008000cb4                OTG_HS_IRQHandler
                0x0000000008000cb4                DMA2D_IRQHandler
                0x0000000008000cb4                EXTI1_IRQHandler
                0x0000000008000cb4                UART7_IRQHandler
                0x0000000008000cb4                I2C2_ER_IRQHandler
                0x0000000008000cb4                DMA2_Stream1_IRQHandler
                0x0000000008000cb4                CAN1_SCE_IRQHandler
                0x0000000008000cb4                FLASH_IRQHandler
                0x0000000008000cb4                DMA2_Stream4_IRQHandler
                0x0000000008000cb4                USART1_IRQHandler
                0x0000000008000cb4                OTG_FS_IRQHandler
                0x0000000008000cb4                SPI3_IRQHandler
                0x0000000008000cb4                DMA1_Stream4_IRQHandler
                0x0000000008000cb4                I2C1_ER_IRQHandler
                0x0000000008000cb4                FMC_IRQHandler
                0x0000000008000cb4                DMA2_Stream6_IRQHandler
                0x0000000008000cb4                SAI1_IRQHandler
                0x0000000008000cb4                DMA1_Stream3_IRQHandler
 *fill*         0x0000000008000cb6        0x2 
 .text.HAL_Init
                0x0000000008000cb8       0x44 ./Drivers/STM32F4xx_HAL_Driver/Src/stm32f4xx_hal.o
                0x0000000008000cb8                HAL_Init
 .text.HAL_InitTick
                0x0000000008000cfc       0x60 ./Drivers/STM32F4xx_HAL_Driver/Src/stm32f4xx_hal.o
                0x0000000008000cfc                HAL_InitTick
 .text.HAL_IncTick
                0x0000000008000d5c       0x28 ./Drivers/STM32F4xx_HAL_Driver/Src/stm32f4xx_hal.o
                0x0000000008000d5c                HAL_IncTick
 .text.HAL_GetTick
                0x0000000008000d84       0x18 ./Drivers/STM32F4xx_HAL_Driver/Src/stm32f4xx_hal.o
                0x0000000008000d84                HAL_GetTick
 .text.__NVIC_SetPriorityGrouping
                0x0000000008000d9c       0x48 ./Drivers/STM32F4xx_HAL_Driver/Src/stm32f4xx_hal_cortex.o
 .text.__NVIC_GetPriorityGrouping
                0x0000000008000de4       0x1c ./Drivers/STM32F4xx_HAL_Driver/Src/stm32f4xx_hal_cortex.o
 .text.__NVIC_EnableIRQ
                0x0000000008000e00       0x3c ./Drivers/STM32F4xx_HAL_Driver/Src/stm32f4xx_hal_cortex.o
 .text.__NVIC_SetPriority
                0x0000000008000e3c       0x54 ./Drivers/STM32F4xx_HAL_Driver/Src/stm32f4xx_hal_cortex.o
 .text.NVIC_EncodePriority
                0x0000000008000e90       0x66 ./Drivers/STM32F4xx_HAL_Driver/Src/stm32f4xx_hal_cortex.o
 *fill*         0x0000000008000ef6        0x2 
 .text.SysTick_Config
                0x0000000008000ef8       0x44 ./Drivers/STM32F4xx_HAL_Driver/Src/stm32f4xx_hal_cortex.o
 .text.HAL_NVIC_SetPriorityGrouping
                0x0000000008000f3c       0x16 ./Drivers/STM32F4xx_HAL_Driver/Src/stm32f4xx_hal_cortex.o
                0x0000000008000f3c                HAL_NVIC_SetPriorityGrouping
 .text.HAL_NVIC_SetPriority
                0x0000000008000f52       0x38 ./Drivers/STM32F4xx_HAL_Driver/Src/stm32f4xx_hal_cortex.o
                0x0000000008000f52                HAL_NVIC_SetPriority
 .text.HAL_NVIC_EnableIRQ
                0x0000000008000f8a       0x1c ./Drivers/STM32F4xx_HAL_Driver/Src/stm32f4xx_hal_cortex.o
                0x0000000008000f8a                HAL_NVIC_EnableIRQ
 .text.HAL_SYSTICK_Config
                0x0000000008000fa6       0x18 ./Drivers/STM32F4xx_HAL_Driver/Src/stm32f4xx_hal_cortex.o
                0x0000000008000fa6                HAL_SYSTICK_Config
 .text.HAL_DMA_Abort
                0x0000000008000fbe       0xe0 ./Drivers/STM32F4xx_HAL_Driver/Src/stm32f4xx_hal_dma.o
                0x0000000008000fbe                HAL_DMA_Abort
 .text.HAL_DMA_Abort_IT
                0x000000000800109e       0x44 ./Drivers/STM32F4xx_HAL_Driver/Src/stm32f4xx_hal_dma.o
                0x000000000800109e                HAL_DMA_Abort_IT
 *fill*         0x00000000080010e2        0x2 
 .text.HAL_GPIO_Init
                0x00000000080010e4      0x358 ./Drivers/STM32F4xx_HAL_Driver/Src/stm32f4xx_hal_gpio.o
                0x00000000080010e4                HAL_GPIO_Init
 .text.HAL_GPIO_WritePin
                0x000000000800143c       0x32 ./Drivers/STM32F4xx_HAL_Driver/Src/stm32f4xx_hal_gpio.o
                0x000000000800143c                HAL_GPIO_WritePin
 *fill*         0x000000000800146e        0x2 
 .text.HAL_PWREx_EnableOverDrive
                0x0000000008001470       0xa0 ./Drivers/STM32F4xx_HAL_Driver/Src/stm32f4xx_hal_pwr_ex.o
                0x0000000008001470                HAL_PWREx_EnableOverDrive
 .text.HAL_RCC_OscConfig
                0x0000000008001510      0x4f0 ./Drivers/STM32F4xx_HAL_Driver/Src/stm32f4xx_hal_rcc.o
                0x0000000008001510                HAL_RCC_OscConfig
 .text.HAL_RCC_ClockConfig
                0x0000000008001a00      0x1cc ./Drivers/STM32F4xx_HAL_Driver/Src/stm32f4xx_hal_rcc.o
                0x0000000008001a00                HAL_RCC_ClockConfig
 .text.HAL_RCC_GetSysClockFreq
                0x0000000008001bcc      0x20c ./Drivers/STM32F4xx_HAL_Driver/Src/stm32f4xx_hal_rcc.o
                0x0000000008001bcc                HAL_RCC_GetSysClockFreq
 .text.HAL_RCC_GetHCLKFreq
                0x0000000008001dd8       0x18 ./Drivers/STM32F4xx_HAL_Driver/Src/stm32f4xx_hal_rcc.o
                0x0000000008001dd8                HAL_RCC_GetHCLKFreq
 .text.HAL_RCC_GetPCLK1Freq
                0x0000000008001df0       0x28 ./Drivers/STM32F4xx_HAL_Driver/Src/stm32f4xx_hal_rcc.o
                0x0000000008001df0                HAL_RCC_GetPCLK1Freq
 .text.HAL_RCC_GetPCLK2Freq
                0x0000000008001e18       0x28 ./Drivers/STM32F4xx_HAL_Driver/Src/stm32f4xx_hal_rcc.o
                0x0000000008001e18                HAL_RCC_GetPCLK2Freq
 .text.HAL_UART_Init
                0x0000000008001e40       0x9a ./Drivers/STM32F4xx_HAL_Driver/Src/stm32f4xx_hal_uart.o
                0x0000000008001e40                HAL_UART_Init
 .text.HAL_UART_Transmit_IT
                0x0000000008001eda       0x8a ./Drivers/STM32F4xx_HAL_Driver/Src/stm32f4xx_hal_uart.o
                0x0000000008001eda                HAL_UART_Transmit_IT
 .text.HAL_UART_Receive_IT
                0x0000000008001f64       0x60 ./Drivers/STM32F4xx_HAL_Driver/Src/stm32f4xx_hal_uart.o
                0x0000000008001f64                HAL_UART_Receive_IT
 .text.HAL_UART_IRQHandler
                0x0000000008001fc4      0x51c ./Drivers/STM32F4xx_HAL_Driver/Src/stm32f4xx_hal_uart.o
                0x0000000008001fc4                HAL_UART_IRQHandler
 .text.HAL_UART_ErrorCallback
                0x00000000080024e0       0x14 ./Drivers/STM32F4xx_HAL_Driver/Src/stm32f4xx_hal_uart.o
                0x00000000080024e0                HAL_UART_ErrorCallback
 .text.HAL_UARTEx_RxEventCallback
                0x00000000080024f4       0x18 ./Drivers/STM32F4xx_HAL_Driver/Src/stm32f4xx_hal_uart.o
                0x00000000080024f4                HAL_UARTEx_RxEventCallback
 .text.UART_Start_Receive_IT
                0x000000000800250c       0x7c ./Drivers/STM32F4xx_HAL_Driver/Src/stm32f4xx_hal_uart.o
                0x000000000800250c                UART_Start_Receive_IT
 .text.UART_EndRxTransfer
                0x0000000008002588       0xc6 ./Drivers/STM32F4xx_HAL_Driver/Src/stm32f4xx_hal_uart.o
 .text.UART_DMAAbortOnError
                0x000000000800264e       0x28 ./Drivers/STM32F4xx_HAL_Driver/Src/stm32f4xx_hal_uart.o
 .text.UART_Transmit_IT
                0x0000000008002676       0xa0 ./Drivers/STM32F4xx_HAL_Driver/Src/stm32f4xx_hal_uart.o
 .text.UART_EndTransmit_IT
                0x0000000008002716       0x30 ./Drivers/STM32F4xx_HAL_Driver/Src/stm32f4xx_hal_uart.o
 .text.UART_Receive_IT
                0x0000000008002746      0x176 ./Drivers/STM32F4xx_HAL_Driver/Src/stm32f4xx_hal_uart.o
 .text.UART_SetConfig
                0x00000000080028bc      0x4e8 ./Drivers/STM32F4xx_HAL_Driver/Src/stm32f4xx_hal_uart.o
 .text.osKernelStart
                0x0000000008002da4        0xe ./Middlewares/Third_Party/FreeRTOS/Source/CMSIS_RTOS/cmsis_os.o
                0x0000000008002da4                osKernelStart
 .text.vListInitialise
                0x0000000008002db2       0x40 ./Middlewares/Third_Party/FreeRTOS/Source/list.o
                0x0000000008002db2                vListInitialise
 .text.vListInitialiseItem
                0x0000000008002df2       0x1a ./Middlewares/Third_Party/FreeRTOS/Source/list.o
                0x0000000008002df2                vListInitialiseItem
 .text.vListInsertEnd
                0x0000000008002e0c       0x48 ./Middlewares/Third_Party/FreeRTOS/Source/list.o
                0x0000000008002e0c                vListInsertEnd
 .text.vListInsert
                0x0000000008002e54       0x72 ./Middlewares/Third_Party/FreeRTOS/Source/list.o
                0x0000000008002e54                vListInsert
 .text.uxListRemove
                0x0000000008002ec6       0x54 ./Middlewares/Third_Party/FreeRTOS/Source/list.o
                0x0000000008002ec6                uxListRemove
 *fill*         0x0000000008002f1a        0x2 
 .text.xQueueGenericReset
                0x0000000008002f1c       0xd0 ./Middlewares/Third_Party/FreeRTOS/Source/queue.o
                0x0000000008002f1c                xQueueGenericReset
 .text.xQueueGenericCreateStatic
                0x0000000008002fec       0xf0 ./Middlewares/Third_Party/FreeRTOS/Source/queue.o
                0x0000000008002fec                xQueueGenericCreateStatic
 .text.xQueueGenericCreate
                0x00000000080030dc       0x74 ./Middlewares/Third_Party/FreeRTOS/Source/queue.o
                0x00000000080030dc                xQueueGenericCreate
 .text.prvInitialiseNewQueue
                0x0000000008003150       0x3e ./Middlewares/Third_Party/FreeRTOS/Source/queue.o
 *fill*         0x000000000800318e        0x2 
 .text.xQueueGenericSend
                0x0000000008003190      0x1fc ./Middlewares/Third_Party/FreeRTOS/Source/queue.o
                0x0000000008003190                xQueueGenericSend
 .text.xQueueGenericSendFromISR
                0x000000000800338c      0x136 ./Middlewares/Third_Party/FreeRTOS/Source/queue.o
                0x000000000800338c                xQueueGenericSendFromISR
 *fill*         0x00000000080034c2        0x2 
 .text.xQueueReceive
                0x00000000080034c4      0x1c0 ./Middlewares/Third_Party/FreeRTOS/Source/queue.o
                0x00000000080034c4                xQueueReceive
 .text.prvCopyDataToQueue
                0x0000000008003684       0xd4 ./Middlewares/Third_Party/FreeRTOS/Source/queue.o
 .text.prvCopyDataFromQueue
                0x0000000008003758       0x4c ./Middlewares/Third_Party/FreeRTOS/Source/queue.o
 .text.prvUnlockQueue
                0x00000000080037a4       0xa4 ./Middlewares/Third_Party/FreeRTOS/Source/queue.o
 .text.prvIsQueueEmpty
                0x0000000008003848       0x2c ./Middlewares/Third_Party/FreeRTOS/Source/queue.o
 .text.prvIsQueueFull
                0x0000000008003874       0x30 ./Middlewares/Third_Party/FreeRTOS/Source/queue.o
 .text.vQueueAddToRegistry
                0x00000000080038a4       0x54 ./Middlewares/Third_Party/FreeRTOS/Source/queue.o
                0x00000000080038a4                vQueueAddToRegistry
 .text.vQueueWaitForMessageRestricted
                0x00000000080038f8       0x68 ./Middlewares/Third_Party/FreeRTOS/Source/queue.o
                0x00000000080038f8                vQueueWaitForMessageRestricted
 .text.xTaskCreateStatic
                0x0000000008003960       0xba ./Middlewares/Third_Party/FreeRTOS/Source/tasks.o
                0x0000000008003960                xTaskCreateStatic
 .text.xTaskCreate
                0x0000000008003a1a       0x8a ./Middlewares/Third_Party/FreeRTOS/Source/tasks.o
                0x0000000008003a1a                xTaskCreate
 .text.prvInitialiseNewTask
                0x0000000008003aa4      0x10e ./Middlewares/Third_Party/FreeRTOS/Source/tasks.o
 *fill*         0x0000000008003bb2        0x2 
 .text.prvAddNewTaskToReadyList
                0x0000000008003bb4       0xd4 ./Middlewares/Third_Party/FreeRTOS/Source/tasks.o
 .text.vTaskStartScheduler
                0x0000000008003c88       0xcc ./Middlewares/Third_Party/FreeRTOS/Source/tasks.o
                0x0000000008003c88                vTaskStartScheduler
 .text.vTaskSuspendAll
                0x0000000008003d54       0x1c ./Middlewares/Third_Party/FreeRTOS/Source/tasks.o
                0x0000000008003d54                vTaskSuspendAll
 .text.xTaskResumeAll
                0x0000000008003d70      0x138 ./Middlewares/Third_Party/FreeRTOS/Source/tasks.o
                0x0000000008003d70                xTaskResumeAll
 .text.xTaskGetTickCount
                0x0000000008003ea8       0x20 ./Middlewares/Third_Party/FreeRTOS/Source/tasks.o
                0x0000000008003ea8                xTaskGetTickCount
 .text.xTaskGetTickCountFromISR
                0x0000000008003ec8       0x24 ./Middlewares/Third_Party/FreeRTOS/Source/tasks.o
                0x0000000008003ec8                xTaskGetTickCountFromISR
 .text.xTaskIncrementTick
                0x0000000008003eec      0x170 ./Middlewares/Third_Party/FreeRTOS/Source/tasks.o
                0x0000000008003eec                xTaskIncrementTick
 .text.vTaskSwitchContext
                0x000000000800405c       0xb8 ./Middlewares/Third_Party/FreeRTOS/Source/tasks.o
                0x000000000800405c                vTaskSwitchContext
 .text.vTaskPlaceOnEventList
                0x0000000008004114       0x48 ./Middlewares/Third_Party/FreeRTOS/Source/tasks.o
                0x0000000008004114                vTaskPlaceOnEventList
 .text.vTaskPlaceOnEventListRestricted
                0x000000000800415c       0x58 ./Middlewares/Third_Party/FreeRTOS/Source/tasks.o
                0x000000000800415c                vTaskPlaceOnEventListRestricted
 .text.xTaskRemoveFromEventList
                0x00000000080041b4       0xc4 ./Middlewares/Third_Party/FreeRTOS/Source/tasks.o
                0x00000000080041b4                xTaskRemoveFromEventList
 .text.vTaskInternalSetTimeOutState
                0x0000000008004278       0x2c ./Middlewares/Third_Party/FreeRTOS/Source/tasks.o
                0x0000000008004278                vTaskInternalSetTimeOutState
 .text.xTaskCheckForTimeOut
                0x00000000080042a4       0xc4 ./Middlewares/Third_Party/FreeRTOS/Source/tasks.o
                0x00000000080042a4                xTaskCheckForTimeOut
 .text.vTaskMissedYield
                0x0000000008004368       0x18 ./Middlewares/Third_Party/FreeRTOS/Source/tasks.o
                0x0000000008004368                vTaskMissedYield
 .text.prvIdleTask
                0x0000000008004380       0x30 ./Middlewares/Third_Party/FreeRTOS/Source/tasks.o
 .text.prvInitialiseTaskLists
                0x00000000080043b0       0x80 ./Middlewares/Third_Party/FreeRTOS/Source/tasks.o
 .text.prvCheckTasksWaitingTermination
                0x0000000008004430       0x5c ./Middlewares/Third_Party/FreeRTOS/Source/tasks.o
 .text.prvDeleteTCB
                0x000000000800448c       0x5e ./Middlewares/Third_Party/FreeRTOS/Source/tasks.o
 *fill*         0x00000000080044ea        0x2 
 .text.prvResetNextTaskUnblockTime
                0x00000000080044ec       0x40 ./Middlewares/Third_Party/FreeRTOS/Source/tasks.o
 .text.xTaskGetSchedulerState
                0x000000000800452c       0x3c ./Middlewares/Third_Party/FreeRTOS/Source/tasks.o
                0x000000000800452c                xTaskGetSchedulerState
 .text.xTaskPriorityDisinherit
                0x0000000008004568      0x10c ./Middlewares/Third_Party/FreeRTOS/Source/tasks.o
                0x0000000008004568                xTaskPriorityDisinherit
 .text.prvAddCurrentTaskToDelayedList
                0x0000000008004674       0xcc ./Middlewares/Third_Party/FreeRTOS/Source/tasks.o
 .text.xTimerCreateTimerTask
                0x0000000008004740       0x90 ./Middlewares/Third_Party/FreeRTOS/Source/timers.o
                0x0000000008004740                xTimerCreateTimerTask
 .text.xTimerCreate
                0x00000000080047d0       0x42 ./Middlewares/Third_Party/FreeRTOS/Source/timers.o
                0x00000000080047d0                xTimerCreate
 .text.prvInitialiseNewTimer
                0x0000000008004812       0x76 ./Middlewares/Third_Party/FreeRTOS/Source/timers.o
 .text.xTimerGenericCommand
                0x0000000008004888       0x9c ./Middlewares/Third_Party/FreeRTOS/Source/timers.o
                0x0000000008004888                xTimerGenericCommand
 .text.prvProcessExpiredTimer
                0x0000000008004924       0x98 ./Middlewares/Third_Party/FreeRTOS/Source/timers.o
 .text.prvTimerTask
                0x00000000080049bc       0x24 ./Middlewares/Third_Party/FreeRTOS/Source/timers.o
 .text.prvProcessTimerOrBlockTask
                0x00000000080049e0       0x9c ./Middlewares/Third_Party/FreeRTOS/Source/timers.o
 .text.prvGetNextExpireTime
                0x0000000008004a7c       0x48 ./Middlewares/Third_Party/FreeRTOS/Source/timers.o
 .text.prvSampleTimeNow
                0x0000000008004ac4       0x40 ./Middlewares/Third_Party/FreeRTOS/Source/timers.o
 .text.prvInsertTimerInActiveList
                0x0000000008004b04       0x84 ./Middlewares/Third_Party/FreeRTOS/Source/timers.o
 .text.prvProcessReceivedCommands
                0x0000000008004b88      0x18c ./Middlewares/Third_Party/FreeRTOS/Source/timers.o
 .text.prvSwitchTimerLists
                0x0000000008004d14       0xc8 ./Middlewares/Third_Party/FreeRTOS/Source/timers.o
 .text.prvCheckForValidListAndQueue
                0x0000000008004ddc       0x80 ./Middlewares/Third_Party/FreeRTOS/Source/timers.o
 .text.pvTimerGetTimerID
                0x0000000008004e5c       0x40 ./Middlewares/Third_Party/FreeRTOS/Source/timers.o
                0x0000000008004e5c                pvTimerGetTimerID
 .text.pxPortInitialiseStack
                0x0000000008004e9c       0x68 ./Middlewares/Third_Party/FreeRTOS/Source/portable/GCC/ARM_CM4F/port.o
                0x0000000008004e9c                pxPortInitialiseStack
 .text.prvTaskExitError
                0x0000000008004f04       0x58 ./Middlewares/Third_Party/FreeRTOS/Source/portable/GCC/ARM_CM4F/port.o
 *fill*         0x0000000008004f5c        0x4 
 .text.SVC_Handler
                0x0000000008004f60       0x28 ./Middlewares/Third_Party/FreeRTOS/Source/portable/GCC/ARM_CM4F/port.o
                0x0000000008004f60                SVC_Handler
 .text.prvPortStartFirstTask
                0x0000000008004f88       0x28 ./Middlewares/Third_Party/FreeRTOS/Source/portable/GCC/ARM_CM4F/port.o
 .text.xPortStartScheduler
                0x0000000008004fb0      0x144 ./Middlewares/Third_Party/FreeRTOS/Source/portable/GCC/ARM_CM4F/port.o
                0x0000000008004fb0                xPortStartScheduler
 .text.vPortEnterCritical
                0x00000000080050f4       0x60 ./Middlewares/Third_Party/FreeRTOS/Source/portable/GCC/ARM_CM4F/port.o
                0x00000000080050f4                vPortEnterCritical
 .text.vPortExitCritical
                0x0000000008005154       0x54 ./Middlewares/Third_Party/FreeRTOS/Source/portable/GCC/ARM_CM4F/port.o
                0x0000000008005154                vPortExitCritical
 *fill*         0x00000000080051a8        0x8 
 .text.PendSV_Handler
                0x00000000080051b0       0x68 ./Middlewares/Third_Party/FreeRTOS/Source/portable/GCC/ARM_CM4F/port.o
                0x00000000080051b0                PendSV_Handler
 .text.xPortSysTickHandler
                0x0000000008005218       0x44 ./Middlewares/Third_Party/FreeRTOS/Source/portable/GCC/ARM_CM4F/port.o
                0x0000000008005218                xPortSysTickHandler
 .text.vPortSetupTimerInterrupt
                0x000000000800525c       0x48 ./Middlewares/Third_Party/FreeRTOS/Source/portable/GCC/ARM_CM4F/port.o
                0x000000000800525c                vPortSetupTimerInterrupt
 .text.vPortEnableVFP
                0x00000000080052a4       0x14 ./Middlewares/Third_Party/FreeRTOS/Source/portable/GCC/ARM_CM4F/port.o
 .text.vPortValidateInterruptPriority
                0x00000000080052b8       0x80 ./Middlewares/Third_Party/FreeRTOS/Source/portable/GCC/ARM_CM4F/port.o
                0x00000000080052b8                vPortValidateInterruptPriority
 .text.pvPortMalloc
                0x0000000008005338      0x198 ./Middlewares/Third_Party/FreeRTOS/Source/portable/MemMang/heap_4.o
                0x0000000008005338                pvPortMalloc
 .text.vPortFree
                0x00000000080054d0       0xc4 ./Middlewares/Third_Party/FreeRTOS/Source/portable/MemMang/heap_4.o
                0x00000000080054d0                vPortFree
 .text.prvHeapInit
                0x0000000008005594       0xc4 ./Middlewares/Third_Party/FreeRTOS/Source/portable/MemMang/heap_4.o
 .text.prvInsertBlockIntoFreeList
                0x0000000008005658       0xb4 ./Middlewares/Third_Party/FreeRTOS/Source/portable/MemMang/heap_4.o
 .text.task_c2_out
                0x000000000800570c       0x78 ./app/src/application.o
 .text.task_c3  0x0000000008005784       0x68 ./app/src/application.o
 .text.application
                0x00000000080057ec       0x90 ./app/src/application.o
                0x00000000080057ec                application
 .text.HAL_UART_TxCpltCallback
                0x000000000800587c       0x2c ./app/src/application.o
                0x000000000800587c                HAL_UART_TxCpltCallback
 .text.timer_call_back
                0x00000000080058a8       0x1e ./app/src/c2_frame.o
                0x00000000080058a8                timer_call_back
 *fill*         0x00000000080058c6        0x2 
 .text.frame_init
                0x00000000080058c8       0x54 ./app/src/c2_frame.o
                0x00000000080058c8                frame_init
 .text.frame_reset
                0x000000000800591c       0x2a ./app/src/c2_frame.o
                0x000000000800591c                frame_reset
 .text.frame_process
                0x0000000008005946      0x1be ./app/src/c2_frame.o
                0x0000000008005946                frame_process
 .text.calculate_crc
                0x0000000008005b04       0x2a ./app/src/c2_frame.o
                0x0000000008005b04                calculate_crc
 .text.convert_ascii_to_uint
                0x0000000008005b2e       0x7a ./app/src/c2_frame.o
                0x0000000008005b2e                convert_ascii_to_uint
 .text.convert_uint_to_ascii
                0x0000000008005ba8       0x66 ./app/src/c2_frame.o
                0x0000000008005ba8                convert_uint_to_ascii
 .text.c2_parser_init
                0x0000000008005c0e       0x3e ./app/src/c2_parser.o
                0x0000000008005c0e                c2_parser_init
 .text.validate_id_hex
                0x0000000008005c4c       0x64 ./app/src/c2_parser.o
                0x0000000008005c4c                validate_id_hex
 .text.validate_crc_hex
                0x0000000008005cb0       0x64 ./app/src/c2_parser.o
                0x0000000008005cb0                validate_crc_hex
 .text.crc8_calc
                0x0000000008005d14       0x7c ./app/src/crc8.o
                0x0000000008005d14                crc8_calc
 .text.validate_data
                0x0000000008005d90       0x82 ./app/src/package.o
                0x0000000008005d90                validate_data
 .text.convert_snake_case
                0x0000000008005e12       0xba ./app/src/package.o
                0x0000000008005e12                convert_snake_case
 .text.convert_camel_case
                0x0000000008005ecc       0xec ./app/src/package.o
                0x0000000008005ecc                convert_camel_case
 .text.convert_pascal_case
                0x0000000008005fb8       0xde ./app/src/package.o
                0x0000000008005fb8                convert_pascal_case
 .text.process_package
                0x0000000008006096       0x4a ./app/src/package.o
                0x0000000008006096                process_package
 .text.trama_error
                0x00000000080060e0       0xc6 ./app/src/package.o
                0x00000000080060e0                trama_error
 *fill*         0x00000000080061a6        0x2 
 .text.__errno  0x00000000080061a8        0xc /opt/st/stm32cubeide_1.9.0/plugins/com.st.stm32cube.ide.mcu.externaltools.gnu-tools-for-stm32.10.3-2021.10.linux64_1.0.0.202111181127/tools/bin/../lib/gcc/arm-none-eabi/10.3.1/../../../../arm-none-eabi/lib/thumb/v7e-m+fp/hard/libc_nano.a(lib_a-errno.o)
                0x00000000080061a8                __errno
 .text.__libc_init_array
                0x00000000080061b4       0x48 /opt/st/stm32cubeide_1.9.0/plugins/com.st.stm32cube.ide.mcu.externaltools.gnu-tools-for-stm32.10.3-2021.10.linux64_1.0.0.202111181127/tools/bin/../lib/gcc/arm-none-eabi/10.3.1/../../../../arm-none-eabi/lib/thumb/v7e-m+fp/hard/libc_nano.a(lib_a-init.o)
                0x00000000080061b4                __libc_init_array
 .text.malloc   0x00000000080061fc       0x10 /opt/st/stm32cubeide_1.9.0/plugins/com.st.stm32cube.ide.mcu.externaltools.gnu-tools-for-stm32.10.3-2021.10.linux64_1.0.0.202111181127/tools/bin/../lib/gcc/arm-none-eabi/10.3.1/../../../../arm-none-eabi/lib/thumb/v7e-m+fp/hard/libc_nano.a(lib_a-malloc.o)
                0x00000000080061fc                malloc
 .text.free     0x000000000800620c       0x10 /opt/st/stm32cubeide_1.9.0/plugins/com.st.stm32cube.ide.mcu.externaltools.gnu-tools-for-stm32.10.3-2021.10.linux64_1.0.0.202111181127/tools/bin/../lib/gcc/arm-none-eabi/10.3.1/../../../../arm-none-eabi/lib/thumb/v7e-m+fp/hard/libc_nano.a(lib_a-malloc.o)
                0x000000000800620c                free
 .text.memcpy   0x000000000800621c       0x1c /opt/st/stm32cubeide_1.9.0/plugins/com.st.stm32cube.ide.mcu.externaltools.gnu-tools-for-stm32.10.3-2021.10.linux64_1.0.0.202111181127/tools/bin/../lib/gcc/arm-none-eabi/10.3.1/../../../../arm-none-eabi/lib/thumb/v7e-m+fp/hard/libc_nano.a(lib_a-memcpy-stub.o)
                0x000000000800621c                memcpy
 .text.memmove  0x0000000008006238       0x34 /opt/st/stm32cubeide_1.9.0/plugins/com.st.stm32cube.ide.mcu.externaltools.gnu-tools-for-stm32.10.3-2021.10.linux64_1.0.0.202111181127/tools/bin/../lib/gcc/arm-none-eabi/10.3.1/../../../../arm-none-eabi/lib/thumb/v7e-m+fp/hard/libc_nano.a(lib_a-memmove.o)
                0x0000000008006238                memmove
 .text.memset   0x000000000800626c       0x10 /opt/st/stm32cubeide_1.9.0/plugins/com.st.stm32cube.ide.mcu.externaltools.gnu-tools-for-stm32.10.3-2021.10.linux64_1.0.0.202111181127/tools/bin/../lib/gcc/arm-none-eabi/10.3.1/../../../../arm-none-eabi/lib/thumb/v7e-m+fp/hard/libc_nano.a(lib_a-memset.o)
                0x000000000800626c                memset
 .text._free_r  0x000000000800627c       0x98 /opt/st/stm32cubeide_1.9.0/plugins/com.st.stm32cube.ide.mcu.externaltools.gnu-tools-for-stm32.10.3-2021.10.linux64_1.0.0.202111181127/tools/bin/../lib/gcc/arm-none-eabi/10.3.1/../../../../arm-none-eabi/lib/thumb/v7e-m+fp/hard/libc_nano.a(lib_a-nano-freer.o)
                0x000000000800627c                _free_r
 .text.sbrk_aligned
                0x0000000008006314       0x40 /opt/st/stm32cubeide_1.9.0/plugins/com.st.stm32cube.ide.mcu.externaltools.gnu-tools-for-stm32.10.3-2021.10.linux64_1.0.0.202111181127/tools/bin/../lib/gcc/arm-none-eabi/10.3.1/../../../../arm-none-eabi/lib/thumb/v7e-m+fp/hard/libc_nano.a(lib_a-nano-mallocr.o)
 .text._malloc_r
                0x0000000008006354       0xe8 /opt/st/stm32cubeide_1.9.0/plugins/com.st.stm32cube.ide.mcu.externaltools.gnu-tools-for-stm32.10.3-2021.10.linux64_1.0.0.202111181127/tools/bin/../lib/gcc/arm-none-eabi/10.3.1/../../../../arm-none-eabi/lib/thumb/v7e-m+fp/hard/libc_nano.a(lib_a-nano-mallocr.o)
                0x0000000008006354                _malloc_r
 .text._sbrk_r  0x000000000800643c       0x20 /opt/st/stm32cubeide_1.9.0/plugins/com.st.stm32cube.ide.mcu.externaltools.gnu-tools-for-stm32.10.3-2021.10.linux64_1.0.0.202111181127/tools/bin/../lib/gcc/arm-none-eabi/10.3.1/../../../../arm-none-eabi/lib/thumb/v7e-m+fp/hard/libc_nano.a(lib_a-sbrkr.o)
                0x000000000800643c                _sbrk_r
 .text.__malloc_lock
                0x000000000800645c        0xc /opt/st/stm32cubeide_1.9.0/plugins/com.st.stm32cube.ide.mcu.externaltools.gnu-tools-for-stm32.10.3-2021.10.linux64_1.0.0.202111181127/tools/bin/../lib/gcc/arm-none-eabi/10.3.1/../../../../arm-none-eabi/lib/thumb/v7e-m+fp/hard/libc_nano.a(lib_a-mlock.o)
                0x000000000800645c                __malloc_lock
 .text.__malloc_unlock
                0x0000000008006468        0xc /opt/st/stm32cubeide_1.9.0/plugins/com.st.stm32cube.ide.mcu.externaltools.gnu-tools-for-stm32.10.3-2021.10.linux64_1.0.0.202111181127/tools/bin/../lib/gcc/arm-none-eabi/10.3.1/../../../../arm-none-eabi/lib/thumb/v7e-m+fp/hard/libc_nano.a(lib_a-mlock.o)
                0x0000000008006468                __malloc_unlock
 .text.__retarget_lock_acquire_recursive
                0x0000000008006474        0x2 /opt/st/stm32cubeide_1.9.0/plugins/com.st.stm32cube.ide.mcu.externaltools.gnu-tools-for-stm32.10.3-2021.10.linux64_1.0.0.202111181127/tools/bin/../lib/gcc/arm-none-eabi/10.3.1/../../../../arm-none-eabi/lib/thumb/v7e-m+fp/hard/libc_nano.a(lib_a-lock.o)
                0x0000000008006474                __retarget_lock_acquire_recursive
 .text.__retarget_lock_release_recursive
                0x0000000008006476        0x2 /opt/st/stm32cubeide_1.9.0/plugins/com.st.stm32cube.ide.mcu.externaltools.gnu-tools-for-stm32.10.3-2021.10.linux64_1.0.0.202111181127/tools/bin/../lib/gcc/arm-none-eabi/10.3.1/../../../../arm-none-eabi/lib/thumb/v7e-m+fp/hard/libc_nano.a(lib_a-lock.o)
                0x0000000008006476                __retarget_lock_release_recursive
 *(.glue_7)
 .glue_7        0x0000000008006478        0x0 linker stubs
 *(.glue_7t)
 .glue_7t       0x0000000008006478        0x0 linker stubs
 *(.eh_frame)
 .eh_frame      0x0000000008006478        0x0 /opt/st/stm32cubeide_1.9.0/plugins/com.st.stm32cube.ide.mcu.externaltools.gnu-tools-for-stm32.10.3-2021.10.linux64_1.0.0.202111181127/tools/bin/../lib/gcc/arm-none-eabi/10.3.1/thumb/v7e-m+fp/hard/crtbegin.o
 *(.init)
 .init          0x0000000008006478        0x4 /opt/st/stm32cubeide_1.9.0/plugins/com.st.stm32cube.ide.mcu.externaltools.gnu-tools-for-stm32.10.3-2021.10.linux64_1.0.0.202111181127/tools/bin/../lib/gcc/arm-none-eabi/10.3.1/thumb/v7e-m+fp/hard/crti.o
                0x0000000008006478                _init
 .init          0x000000000800647c        0x8 /opt/st/stm32cubeide_1.9.0/plugins/com.st.stm32cube.ide.mcu.externaltools.gnu-tools-for-stm32.10.3-2021.10.linux64_1.0.0.202111181127/tools/bin/../lib/gcc/arm-none-eabi/10.3.1/thumb/v7e-m+fp/hard/crtn.o
 *(.fini)
 .fini          0x0000000008006484        0x4 /opt/st/stm32cubeide_1.9.0/plugins/com.st.stm32cube.ide.mcu.externaltools.gnu-tools-for-stm32.10.3-2021.10.linux64_1.0.0.202111181127/tools/bin/../lib/gcc/arm-none-eabi/10.3.1/thumb/v7e-m+fp/hard/crti.o
                0x0000000008006484                _fini
 .fini          0x0000000008006488        0x8 /opt/st/stm32cubeide_1.9.0/plugins/com.st.stm32cube.ide.mcu.externaltools.gnu-tools-for-stm32.10.3-2021.10.linux64_1.0.0.202111181127/tools/bin/../lib/gcc/arm-none-eabi/10.3.1/thumb/v7e-m+fp/hard/crtn.o
                0x0000000008006490                . = ALIGN (0x4)
                0x0000000008006490                _etext = .

.vfp11_veneer   0x0000000008006490        0x0
 .vfp11_veneer  0x0000000008006490        0x0 linker stubs

.v4_bx          0x0000000008006490        0x0
 .v4_bx         0x0000000008006490        0x0 linker stubs

.iplt           0x0000000008006490        0x0
 .iplt          0x0000000008006490        0x0 /opt/st/stm32cubeide_1.9.0/plugins/com.st.stm32cube.ide.mcu.externaltools.gnu-tools-for-stm32.10.3-2021.10.linux64_1.0.0.202111181127/tools/bin/../lib/gcc/arm-none-eabi/10.3.1/thumb/v7e-m+fp/hard/crtbegin.o

.rodata         0x0000000008006490       0x4c
                0x0000000008006490                . = ALIGN (0x4)
 *(.rodata)
 .rodata        0x0000000008006490        0x5 ./Middlewares/Third_Party/FreeRTOS/Source/tasks.o
 *fill*         0x0000000008006495        0x3 
 .rodata        0x0000000008006498        0xd ./Middlewares/Third_Party/FreeRTOS/Source/timers.o
 *fill*         0x00000000080064a5        0x3 
 .rodata        0x00000000080064a8       0x14 ./app/src/application.o
 .rodata        0x00000000080064bc        0x7 ./app/src/c2_frame.o
 *(.rodata*)
 *fill*         0x00000000080064c3        0x1 
 .rodata.AHBPrescTable
                0x00000000080064c4       0x10 ./Core/Src/system_stm32f4xx.o
                0x00000000080064c4                AHBPrescTable
 .rodata.APBPrescTable
                0x00000000080064d4        0x8 ./Core/Src/system_stm32f4xx.o
                0x00000000080064d4                APBPrescTable
                0x00000000080064dc                . = ALIGN (0x4)

.ARM.extab      0x00000000080064dc        0x0
                0x00000000080064dc                . = ALIGN (0x4)
 *(.ARM.extab* .gnu.linkonce.armextab.*)
                0x00000000080064dc                . = ALIGN (0x4)

.ARM            0x00000000080064dc        0x8
                0x00000000080064dc                . = ALIGN (0x4)
                0x00000000080064dc                __exidx_start = .
 *(.ARM.exidx*)
 .ARM.exidx     0x00000000080064dc        0x8 /opt/st/stm32cubeide_1.9.0/plugins/com.st.stm32cube.ide.mcu.externaltools.gnu-tools-for-stm32.10.3-2021.10.linux64_1.0.0.202111181127/tools/bin/../lib/gcc/arm-none-eabi/10.3.1/thumb/v7e-m+fp/hard/libgcc.a(_udivmoddi4.o)
                0x00000000080064e4                __exidx_end = .
                0x00000000080064e4                . = ALIGN (0x4)

.rel.dyn        0x00000000080064e4        0x0
 .rel.iplt      0x00000000080064e4        0x0 /opt/st/stm32cubeide_1.9.0/plugins/com.st.stm32cube.ide.mcu.externaltools.gnu-tools-for-stm32.10.3-2021.10.linux64_1.0.0.202111181127/tools/bin/../lib/gcc/arm-none-eabi/10.3.1/thumb/v7e-m+fp/hard/crtbegin.o

.preinit_array  0x00000000080064e4        0x0
                0x00000000080064e4                . = ALIGN (0x4)
                0x00000000080064e4                PROVIDE (__preinit_array_start = .)
 *(.preinit_array*)
                0x00000000080064e4                PROVIDE (__preinit_array_end = .)
                0x00000000080064e4                . = ALIGN (0x4)

.init_array     0x00000000080064e4        0x4
                0x00000000080064e4                . = ALIGN (0x4)
                0x00000000080064e4                PROVIDE (__init_array_start = .)
 *(SORT_BY_NAME(.init_array.*))
 *(.init_array*)
 .init_array    0x00000000080064e4        0x4 /opt/st/stm32cubeide_1.9.0/plugins/com.st.stm32cube.ide.mcu.externaltools.gnu-tools-for-stm32.10.3-2021.10.linux64_1.0.0.202111181127/tools/bin/../lib/gcc/arm-none-eabi/10.3.1/thumb/v7e-m+fp/hard/crtbegin.o
                0x00000000080064e8                PROVIDE (__init_array_end = .)
                0x00000000080064e8                . = ALIGN (0x4)

.fini_array     0x00000000080064e8        0x4
                0x00000000080064e8                . = ALIGN (0x4)
                [!provide]                        PROVIDE (__fini_array_start = .)
 *(SORT_BY_NAME(.fini_array.*))
 *(.fini_array*)
 .fini_array    0x00000000080064e8        0x4 /opt/st/stm32cubeide_1.9.0/plugins/com.st.stm32cube.ide.mcu.externaltools.gnu-tools-for-stm32.10.3-2021.10.linux64_1.0.0.202111181127/tools/bin/../lib/gcc/arm-none-eabi/10.3.1/thumb/v7e-m+fp/hard/crtbegin.o
                [!provide]                        PROVIDE (__fini_array_end = .)
                0x00000000080064ec                . = ALIGN (0x4)
                0x00000000080064ec                _sidata = LOADADDR (.data)

.data           0x0000000020000000       0x84 load address 0x00000000080064ec
                0x0000000020000000                . = ALIGN (0x4)
                0x0000000020000000                _sdata = .
 *(.data)
 *(.data*)
 .data.SystemCoreClock
                0x0000000020000000        0x4 ./Core/Src/system_stm32f4xx.o
                0x0000000020000000                SystemCoreClock
 .data.uwTickPrio
                0x0000000020000004        0x4 ./Drivers/STM32F4xx_HAL_Driver/Src/stm32f4xx_hal.o
                0x0000000020000004                uwTickPrio
 .data.uwTickFreq
                0x0000000020000008        0x1 ./Drivers/STM32F4xx_HAL_Driver/Src/stm32f4xx_hal.o
                0x0000000020000008                uwTickFreq
 *fill*         0x0000000020000009        0x3 
 .data.uxCriticalNesting
                0x000000002000000c        0x4 ./Middlewares/Third_Party/FreeRTOS/Source/portable/GCC/ARM_CM4F/port.o
 .data.crc8_small_table
                0x0000000020000010       0x10 ./app/src/crc8.o
 .data._impure_ptr
                0x0000000020000020        0x4 /opt/st/stm32cubeide_1.9.0/plugins/com.st.stm32cube.ide.mcu.externaltools.gnu-tools-for-stm32.10.3-2021.10.linux64_1.0.0.202111181127/tools/bin/../lib/gcc/arm-none-eabi/10.3.1/../../../../arm-none-eabi/lib/thumb/v7e-m+fp/hard/libc_nano.a(lib_a-impure.o)
                0x0000000020000020                _impure_ptr
 .data.impure_data
                0x0000000020000024       0x60 /opt/st/stm32cubeide_1.9.0/plugins/com.st.stm32cube.ide.mcu.externaltools.gnu-tools-for-stm32.10.3-2021.10.linux64_1.0.0.202111181127/tools/bin/../lib/gcc/arm-none-eabi/10.3.1/../../../../arm-none-eabi/lib/thumb/v7e-m+fp/hard/libc_nano.a(lib_a-impure.o)
 *(.RamFunc)
 *(.RamFunc*)
                0x0000000020000084                . = ALIGN (0x4)
                0x0000000020000084                _edata = .
                0x0000000008006570                _siccmram = LOADADDR (.ccmram)

.igot.plt       0x0000000020000084        0x0 load address 0x0000000008006570
 .igot.plt      0x0000000020000084        0x0 /opt/st/stm32cubeide_1.9.0/plugins/com.st.stm32cube.ide.mcu.externaltools.gnu-tools-for-stm32.10.3-2021.10.linux64_1.0.0.202111181127/tools/bin/../lib/gcc/arm-none-eabi/10.3.1/thumb/v7e-m+fp/hard/crtbegin.o

.ccmram         0x0000000010000000        0x0 load address 0x0000000008006570
                0x0000000010000000                . = ALIGN (0x4)
                0x0000000010000000                _sccmram = .
 *(.ccmram)
 *(.ccmram*)
                0x0000000010000000                . = ALIGN (0x4)
                0x0000000010000000                _eccmram = .
                0x0000000010000000                . = ALIGN (0x4)

.bss            0x0000000020000084     0x4628
                0x0000000020000084                _sbss = .
                0x0000000020000084                __bss_start__ = _sbss
 *(.bss)
 .bss           0x0000000020000084       0x1c /opt/st/stm32cubeide_1.9.0/plugins/com.st.stm32cube.ide.mcu.externaltools.gnu-tools-for-stm32.10.3-2021.10.linux64_1.0.0.202111181127/tools/bin/../lib/gcc/arm-none-eabi/10.3.1/thumb/v7e-m+fp/hard/crtbegin.o
 *(.bss*)
 .bss.xIdleTaskTCBBuffer
                0x00000000200000a0       0x54 ./Core/Src/freertos.o
 .bss.xIdleStack
                0x00000000200000f4      0x200 ./Core/Src/freertos.o
 .bss.xTimerTaskTCBBuffer
                0x00000000200002f4       0x54 ./Core/Src/freertos.o
 .bss.xTimerStack
                0x0000000020000348      0x400 ./Core/Src/freertos.o
 .bss.huart2    0x0000000020000748       0x44 ./Core/Src/main.o
                0x0000000020000748                huart2
 .bss.huart3    0x000000002000078c       0x44 ./Core/Src/main.o
                0x000000002000078c                huart3
 .bss.pbuffer   0x00000000200007d0        0x1 ./Core/Src/main.o
                0x00000000200007d0                pbuffer
 *fill*         0x00000000200007d1        0x3 
 .bss.pbuffer2  0x00000000200007d4        0x1 ./Core/Src/main.o
                0x00000000200007d4                pbuffer2
 *fill*         0x00000000200007d5        0x3 
 .bss.__sbrk_heap_end
                0x00000000200007d8        0x4 ./Core/Src/sysmem.o
 .bss.uwTick    0x00000000200007dc        0x4 ./Drivers/STM32F4xx_HAL_Driver/Src/stm32f4xx_hal.o
                0x00000000200007dc                uwTick
 .bss.xQueueRegistry
                0x00000000200007e0       0x40 ./Middlewares/Third_Party/FreeRTOS/Source/queue.o
                0x00000000200007e0                xQueueRegistry
 .bss.pxCurrentTCB
                0x0000000020000820        0x4 ./Middlewares/Third_Party/FreeRTOS/Source/tasks.o
                0x0000000020000820                pxCurrentTCB
 .bss.pxReadyTasksLists
                0x0000000020000824       0x8c ./Middlewares/Third_Party/FreeRTOS/Source/tasks.o
 .bss.xDelayedTaskList1
                0x00000000200008b0       0x14 ./Middlewares/Third_Party/FreeRTOS/Source/tasks.o
 .bss.xDelayedTaskList2
                0x00000000200008c4       0x14 ./Middlewares/Third_Party/FreeRTOS/Source/tasks.o
 .bss.pxDelayedTaskList
                0x00000000200008d8        0x4 ./Middlewares/Third_Party/FreeRTOS/Source/tasks.o
 .bss.pxOverflowDelayedTaskList
                0x00000000200008dc        0x4 ./Middlewares/Third_Party/FreeRTOS/Source/tasks.o
 .bss.xPendingReadyList
                0x00000000200008e0       0x14 ./Middlewares/Third_Party/FreeRTOS/Source/tasks.o
 .bss.xTasksWaitingTermination
                0x00000000200008f4       0x14 ./Middlewares/Third_Party/FreeRTOS/Source/tasks.o
 .bss.uxDeletedTasksWaitingCleanUp
                0x0000000020000908        0x4 ./Middlewares/Third_Party/FreeRTOS/Source/tasks.o
 .bss.xSuspendedTaskList
                0x000000002000090c       0x14 ./Middlewares/Third_Party/FreeRTOS/Source/tasks.o
 .bss.uxCurrentNumberOfTasks
                0x0000000020000920        0x4 ./Middlewares/Third_Party/FreeRTOS/Source/tasks.o
 .bss.xTickCount
                0x0000000020000924        0x4 ./Middlewares/Third_Party/FreeRTOS/Source/tasks.o
 .bss.uxTopReadyPriority
                0x0000000020000928        0x4 ./Middlewares/Third_Party/FreeRTOS/Source/tasks.o
 .bss.xSchedulerRunning
                0x000000002000092c        0x4 ./Middlewares/Third_Party/FreeRTOS/Source/tasks.o
 .bss.xPendedTicks
                0x0000000020000930        0x4 ./Middlewares/Third_Party/FreeRTOS/Source/tasks.o
 .bss.xYieldPending
                0x0000000020000934        0x4 ./Middlewares/Third_Party/FreeRTOS/Source/tasks.o
 .bss.xNumOfOverflows
                0x0000000020000938        0x4 ./Middlewares/Third_Party/FreeRTOS/Source/tasks.o
 .bss.uxTaskNumber
                0x000000002000093c        0x4 ./Middlewares/Third_Party/FreeRTOS/Source/tasks.o
 .bss.xNextTaskUnblockTime
                0x0000000020000940        0x4 ./Middlewares/Third_Party/FreeRTOS/Source/tasks.o
 .bss.xIdleTaskHandle
                0x0000000020000944        0x4 ./Middlewares/Third_Party/FreeRTOS/Source/tasks.o
 .bss.uxSchedulerSuspended
                0x0000000020000948        0x4 ./Middlewares/Third_Party/FreeRTOS/Source/tasks.o
 .bss.xActiveTimerList1
                0x000000002000094c       0x14 ./Middlewares/Third_Party/FreeRTOS/Source/timers.o
 .bss.xActiveTimerList2
                0x0000000020000960       0x14 ./Middlewares/Third_Party/FreeRTOS/Source/timers.o
 .bss.pxCurrentTimerList
                0x0000000020000974        0x4 ./Middlewares/Third_Party/FreeRTOS/Source/timers.o
 .bss.pxOverflowTimerList
                0x0000000020000978        0x4 ./Middlewares/Third_Party/FreeRTOS/Source/timers.o
 .bss.xTimerQueue
                0x000000002000097c        0x4 ./Middlewares/Third_Party/FreeRTOS/Source/timers.o
 .bss.xTimerTaskHandle
                0x0000000020000980        0x4 ./Middlewares/Third_Party/FreeRTOS/Source/timers.o
 .bss.xLastTime.2
                0x0000000020000984        0x4 ./Middlewares/Third_Party/FreeRTOS/Source/timers.o
 .bss.ucStaticTimerQueueStorage.1
                0x0000000020000988       0x78 ./Middlewares/Third_Party/FreeRTOS/Source/timers.o
 .bss.xStaticTimerQueue.0
                0x0000000020000a00       0x48 ./Middlewares/Third_Party/FreeRTOS/Source/timers.o
 .bss.ucMaxSysCallPriority
                0x0000000020000a48        0x1 ./Middlewares/Third_Party/FreeRTOS/Source/portable/GCC/ARM_CM4F/port.o
 *fill*         0x0000000020000a49        0x3 
 .bss.ulMaxPRIGROUPValue
                0x0000000020000a4c        0x4 ./Middlewares/Third_Party/FreeRTOS/Source/portable/GCC/ARM_CM4F/port.o
 .bss.ucHeap    0x0000000020000a50     0x3c00 ./Middlewares/Third_Party/FreeRTOS/Source/portable/MemMang/heap_4.o
 .bss.xStart    0x0000000020004650        0x8 ./Middlewares/Third_Party/FreeRTOS/Source/portable/MemMang/heap_4.o
 .bss.pxEnd     0x0000000020004658        0x4 ./Middlewares/Third_Party/FreeRTOS/Source/portable/MemMang/heap_4.o
 .bss.xFreeBytesRemaining
                0x000000002000465c        0x4 ./Middlewares/Third_Party/FreeRTOS/Source/portable/MemMang/heap_4.o
 .bss.xMinimumEverFreeBytesRemaining
                0x0000000020004660        0x4 ./Middlewares/Third_Party/FreeRTOS/Source/portable/MemMang/heap_4.o
 .bss.xNumberOfSuccessfulAllocations
                0x0000000020004664        0x4 ./Middlewares/Third_Party/FreeRTOS/Source/portable/MemMang/heap_4.o
 .bss.xNumberOfSuccessfulFrees
                0x0000000020004668        0x4 ./Middlewares/Third_Party/FreeRTOS/Source/portable/MemMang/heap_4.o
 .bss.xBlockAllocatedBit
                0x000000002000466c        0x4 ./Middlewares/Third_Party/FreeRTOS/Source/portable/MemMang/heap_4.o
 .bss.frame     0x0000000020004670       0x14 ./app/src/application.o
                0x0000000020004670                frame
 .bss.frame2    0x0000000020004684       0x14 ./app/src/application.o
                0x0000000020004684                frame2
 .bss.package   0x0000000020004698        0x4 ./app/src/application.o
                0x0000000020004698                package
 .bss.__malloc_free_list
                0x000000002000469c        0x4 /opt/st/stm32cubeide_1.9.0/plugins/com.st.stm32cube.ide.mcu.externaltools.gnu-tools-for-stm32.10.3-2021.10.linux64_1.0.0.202111181127/tools/bin/../lib/gcc/arm-none-eabi/10.3.1/../../../../arm-none-eabi/lib/thumb/v7e-m+fp/hard/libc_nano.a(lib_a-nano-mallocr.o)
                0x000000002000469c                __malloc_free_list
 .bss.__malloc_sbrk_start
                0x00000000200046a0        0x4 /opt/st/stm32cubeide_1.9.0/plugins/com.st.stm32cube.ide.mcu.externaltools.gnu-tools-for-stm32.10.3-2021.10.linux64_1.0.0.202111181127/tools/bin/../lib/gcc/arm-none-eabi/10.3.1/../../../../arm-none-eabi/lib/thumb/v7e-m+fp/hard/libc_nano.a(lib_a-nano-mallocr.o)
                0x00000000200046a0                __malloc_sbrk_start
 .bss.errno     0x00000000200046a4        0x4 /opt/st/stm32cubeide_1.9.0/plugins/com.st.stm32cube.ide.mcu.externaltools.gnu-tools-for-stm32.10.3-2021.10.linux64_1.0.0.202111181127/tools/bin/../lib/gcc/arm-none-eabi/10.3.1/../../../../arm-none-eabi/lib/thumb/v7e-m+fp/hard/libc_nano.a(lib_a-reent.o)
                0x00000000200046a4                errno
 .bss.__lock___malloc_recursive_mutex
                0x00000000200046a8        0x1 /opt/st/stm32cubeide_1.9.0/plugins/com.st.stm32cube.ide.mcu.externaltools.gnu-tools-for-stm32.10.3-2021.10.linux64_1.0.0.202111181127/tools/bin/../lib/gcc/arm-none-eabi/10.3.1/../../../../arm-none-eabi/lib/thumb/v7e-m+fp/hard/libc_nano.a(lib_a-lock.o)
                0x00000000200046a8                __lock___malloc_recursive_mutex
 *(COMMON)
                0x00000000200046ac                . = ALIGN (0x4)
 *fill*         0x00000000200046a9        0x3 
                0x00000000200046ac                _ebss = .
                0x00000000200046ac                __bss_end__ = _ebss

._user_heap_stack
                0x00000000200046ac      0x604
                0x00000000200046b0                . = ALIGN (0x8)
 *fill*         0x00000000200046ac        0x4 
                [!provide]                        PROVIDE (end = .)
                0x00000000200046b0                PROVIDE (_end = .)
                0x00000000200048b0                . = (. + _Min_Heap_Size)
 *fill*         0x00000000200046b0      0x200 
                0x0000000020004cb0                . = (. + _Min_Stack_Size)
 *fill*         0x00000000200048b0      0x400 
                0x0000000020004cb0                . = ALIGN (0x8)

/DISCARD/
 libc.a(*)
 libm.a(*)
 libgcc.a(*)

.ARM.attributes
                0x0000000000000000       0x30
 *(.ARM.attributes)
 .ARM.attributes
                0x0000000000000000       0x1e /opt/st/stm32cubeide_1.9.0/plugins/com.st.stm32cube.ide.mcu.externaltools.gnu-tools-for-stm32.10.3-2021.10.linux64_1.0.0.202111181127/tools/bin/../lib/gcc/arm-none-eabi/10.3.1/thumb/v7e-m+fp/hard/crti.o
 .ARM.attributes
                0x000000000000001e       0x34 /opt/st/stm32cubeide_1.9.0/plugins/com.st.stm32cube.ide.mcu.externaltools.gnu-tools-for-stm32.10.3-2021.10.linux64_1.0.0.202111181127/tools/bin/../lib/gcc/arm-none-eabi/10.3.1/thumb/v7e-m+fp/hard/crtbegin.o
 .ARM.attributes
                0x0000000000000052       0x34 ./Core/Src/freertos.o
 .ARM.attributes
                0x0000000000000086       0x34 ./Core/Src/main.o
 .ARM.attributes
                0x00000000000000ba       0x34 ./Core/Src/stm32f4xx_hal_msp.o
 .ARM.attributes
                0x00000000000000ee       0x34 ./Core/Src/stm32f4xx_it.o
 .ARM.attributes
                0x0000000000000122       0x34 ./Core/Src/sysmem.o
 .ARM.attributes
                0x0000000000000156       0x34 ./Core/Src/system_stm32f4xx.o
 .ARM.attributes
                0x000000000000018a       0x21 ./Core/Startup/startup_stm32f429zitx.o
 .ARM.attributes
                0x00000000000001ab       0x34 ./Drivers/STM32F4xx_HAL_Driver/Src/stm32f4xx_hal.o
 .ARM.attributes
                0x00000000000001df       0x34 ./Drivers/STM32F4xx_HAL_Driver/Src/stm32f4xx_hal_cortex.o
 .ARM.attributes
                0x0000000000000213       0x34 ./Drivers/STM32F4xx_HAL_Driver/Src/stm32f4xx_hal_dma.o
 .ARM.attributes
                0x0000000000000247       0x34 ./Drivers/STM32F4xx_HAL_Driver/Src/stm32f4xx_hal_gpio.o
 .ARM.attributes
                0x000000000000027b       0x34 ./Drivers/STM32F4xx_HAL_Driver/Src/stm32f4xx_hal_pwr_ex.o
 .ARM.attributes
                0x00000000000002af       0x34 ./Drivers/STM32F4xx_HAL_Driver/Src/stm32f4xx_hal_rcc.o
 .ARM.attributes
                0x00000000000002e3       0x34 ./Drivers/STM32F4xx_HAL_Driver/Src/stm32f4xx_hal_uart.o
 .ARM.attributes
                0x0000000000000317       0x34 ./Middlewares/Third_Party/FreeRTOS/Source/CMSIS_RTOS/cmsis_os.o
 .ARM.attributes
                0x000000000000034b       0x34 ./Middlewares/Third_Party/FreeRTOS/Source/list.o
 .ARM.attributes
                0x000000000000037f       0x34 ./Middlewares/Third_Party/FreeRTOS/Source/queue.o
 .ARM.attributes
                0x00000000000003b3       0x34 ./Middlewares/Third_Party/FreeRTOS/Source/tasks.o
 .ARM.attributes
                0x00000000000003e7       0x34 ./Middlewares/Third_Party/FreeRTOS/Source/timers.o
 .ARM.attributes
                0x000000000000041b       0x34 ./Middlewares/Third_Party/FreeRTOS/Source/portable/GCC/ARM_CM4F/port.o
 .ARM.attributes
                0x000000000000044f       0x34 ./Middlewares/Third_Party/FreeRTOS/Source/portable/MemMang/heap_4.o
 .ARM.attributes
                0x0000000000000483       0x34 ./app/src/application.o
 .ARM.attributes
                0x00000000000004b7       0x34 ./app/src/c2_frame.o
 .ARM.attributes
                0x00000000000004eb       0x34 ./app/src/c2_parser.o
 .ARM.attributes
                0x000000000000051f       0x34 ./app/src/crc8.o
 .ARM.attributes
                0x0000000000000553       0x34 ./app/src/package.o
 .ARM.attributes
                0x0000000000000587       0x34 /opt/st/stm32cubeide_1.9.0/plugins/com.st.stm32cube.ide.mcu.externaltools.gnu-tools-for-stm32.10.3-2021.10.linux64_1.0.0.202111181127/tools/bin/../lib/gcc/arm-none-eabi/10.3.1/../../../../arm-none-eabi/lib/thumb/v7e-m+fp/hard/libc_nano.a(lib_a-errno.o)
 .ARM.attributes
                0x00000000000005bb       0x34 /opt/st/stm32cubeide_1.9.0/plugins/com.st.stm32cube.ide.mcu.externaltools.gnu-tools-for-stm32.10.3-2021.10.linux64_1.0.0.202111181127/tools/bin/../lib/gcc/arm-none-eabi/10.3.1/../../../../arm-none-eabi/lib/thumb/v7e-m+fp/hard/libc_nano.a(lib_a-impure.o)
 .ARM.attributes
                0x00000000000005ef       0x34 /opt/st/stm32cubeide_1.9.0/plugins/com.st.stm32cube.ide.mcu.externaltools.gnu-tools-for-stm32.10.3-2021.10.linux64_1.0.0.202111181127/tools/bin/../lib/gcc/arm-none-eabi/10.3.1/../../../../arm-none-eabi/lib/thumb/v7e-m+fp/hard/libc_nano.a(lib_a-init.o)
 .ARM.attributes
                0x0000000000000623       0x34 /opt/st/stm32cubeide_1.9.0/plugins/com.st.stm32cube.ide.mcu.externaltools.gnu-tools-for-stm32.10.3-2021.10.linux64_1.0.0.202111181127/tools/bin/../lib/gcc/arm-none-eabi/10.3.1/../../../../arm-none-eabi/lib/thumb/v7e-m+fp/hard/libc_nano.a(lib_a-malloc.o)
 .ARM.attributes
                0x0000000000000657       0x34 /opt/st/stm32cubeide_1.9.0/plugins/com.st.stm32cube.ide.mcu.externaltools.gnu-tools-for-stm32.10.3-2021.10.linux64_1.0.0.202111181127/tools/bin/../lib/gcc/arm-none-eabi/10.3.1/../../../../arm-none-eabi/lib/thumb/v7e-m+fp/hard/libc_nano.a(lib_a-memcpy-stub.o)
 .ARM.attributes
                0x000000000000068b       0x34 /opt/st/stm32cubeide_1.9.0/plugins/com.st.stm32cube.ide.mcu.externaltools.gnu-tools-for-stm32.10.3-2021.10.linux64_1.0.0.202111181127/tools/bin/../lib/gcc/arm-none-eabi/10.3.1/../../../../arm-none-eabi/lib/thumb/v7e-m+fp/hard/libc_nano.a(lib_a-memmove.o)
 .ARM.attributes
                0x00000000000006bf       0x34 /opt/st/stm32cubeide_1.9.0/plugins/com.st.stm32cube.ide.mcu.externaltools.gnu-tools-for-stm32.10.3-2021.10.linux64_1.0.0.202111181127/tools/bin/../lib/gcc/arm-none-eabi/10.3.1/../../../../arm-none-eabi/lib/thumb/v7e-m+fp/hard/libc_nano.a(lib_a-memset.o)
 .ARM.attributes
                0x00000000000006f3       0x34 /opt/st/stm32cubeide_1.9.0/plugins/com.st.stm32cube.ide.mcu.externaltools.gnu-tools-for-stm32.10.3-2021.10.linux64_1.0.0.202111181127/tools/bin/../lib/gcc/arm-none-eabi/10.3.1/../../../../arm-none-eabi/lib/thumb/v7e-m+fp/hard/libc_nano.a(lib_a-nano-freer.o)
 .ARM.attributes
                0x0000000000000727       0x34 /opt/st/stm32cubeide_1.9.0/plugins/com.st.stm32cube.ide.mcu.externaltools.gnu-tools-for-stm32.10.3-2021.10.linux64_1.0.0.202111181127/tools/bin/../lib/gcc/arm-none-eabi/10.3.1/../../../../arm-none-eabi/lib/thumb/v7e-m+fp/hard/libc_nano.a(lib_a-nano-mallocr.o)
 .ARM.attributes
                0x000000000000075b       0x34 /opt/st/stm32cubeide_1.9.0/plugins/com.st.stm32cube.ide.mcu.externaltools.gnu-tools-for-stm32.10.3-2021.10.linux64_1.0.0.202111181127/tools/bin/../lib/gcc/arm-none-eabi/10.3.1/../../../../arm-none-eabi/lib/thumb/v7e-m+fp/hard/libc_nano.a(lib_a-sbrkr.o)
 .ARM.attributes
                0x000000000000078f       0x34 /opt/st/stm32cubeide_1.9.0/plugins/com.st.stm32cube.ide.mcu.externaltools.gnu-tools-for-stm32.10.3-2021.10.linux64_1.0.0.202111181127/tools/bin/../lib/gcc/arm-none-eabi/10.3.1/../../../../arm-none-eabi/lib/thumb/v7e-m+fp/hard/libc_nano.a(lib_a-mlock.o)
 .ARM.attributes
                0x00000000000007c3       0x34 /opt/st/stm32cubeide_1.9.0/plugins/com.st.stm32cube.ide.mcu.externaltools.gnu-tools-for-stm32.10.3-2021.10.linux64_1.0.0.202111181127/tools/bin/../lib/gcc/arm-none-eabi/10.3.1/../../../../arm-none-eabi/lib/thumb/v7e-m+fp/hard/libc_nano.a(lib_a-reent.o)
 .ARM.attributes
                0x00000000000007f7       0x34 /opt/st/stm32cubeide_1.9.0/plugins/com.st.stm32cube.ide.mcu.externaltools.gnu-tools-for-stm32.10.3-2021.10.linux64_1.0.0.202111181127/tools/bin/../lib/gcc/arm-none-eabi/10.3.1/../../../../arm-none-eabi/lib/thumb/v7e-m+fp/hard/libc_nano.a(lib_a-lock.o)
 .ARM.attributes
                0x000000000000082b       0x1e /opt/st/stm32cubeide_1.9.0/plugins/com.st.stm32cube.ide.mcu.externaltools.gnu-tools-for-stm32.10.3-2021.10.linux64_1.0.0.202111181127/tools/bin/../lib/gcc/arm-none-eabi/10.3.1/thumb/v7e-m+fp/hard/libgcc.a(_aeabi_uldivmod.o)
 .ARM.attributes
                0x0000000000000849       0x34 /opt/st/stm32cubeide_1.9.0/plugins/com.st.stm32cube.ide.mcu.externaltools.gnu-tools-for-stm32.10.3-2021.10.linux64_1.0.0.202111181127/tools/bin/../lib/gcc/arm-none-eabi/10.3.1/thumb/v7e-m+fp/hard/libgcc.a(_udivmoddi4.o)
 .ARM.attributes
                0x000000000000087d       0x1e /opt/st/stm32cubeide_1.9.0/plugins/com.st.stm32cube.ide.mcu.externaltools.gnu-tools-for-stm32.10.3-2021.10.linux64_1.0.0.202111181127/tools/bin/../lib/gcc/arm-none-eabi/10.3.1/thumb/v7e-m+fp/hard/libgcc.a(_dvmd_tls.o)
 .ARM.attributes
                0x000000000000089b       0x1e /opt/st/stm32cubeide_1.9.0/plugins/com.st.stm32cube.ide.mcu.externaltools.gnu-tools-for-stm32.10.3-2021.10.linux64_1.0.0.202111181127/tools/bin/../lib/gcc/arm-none-eabi/10.3.1/thumb/v7e-m+fp/hard/crtn.o
OUTPUT(trabajo_practico_final_RTOSII.elf elf32-littlearm)
LOAD linker stubs
LOAD /opt/st/stm32cubeide_1.9.0/plugins/com.st.stm32cube.ide.mcu.externaltools.gnu-tools-for-stm32.10.3-2021.10.linux64_1.0.0.202111181127/tools/bin/../lib/gcc/arm-none-eabi/10.3.1/../../../../arm-none-eabi/lib/thumb/v7e-m+fp/hard/libc.a
LOAD /opt/st/stm32cubeide_1.9.0/plugins/com.st.stm32cube.ide.mcu.externaltools.gnu-tools-for-stm32.10.3-2021.10.linux64_1.0.0.202111181127/tools/bin/../lib/gcc/arm-none-eabi/10.3.1/../../../../arm-none-eabi/lib/thumb/v7e-m+fp/hard/libm.a
LOAD /opt/st/stm32cubeide_1.9.0/plugins/com.st.stm32cube.ide.mcu.externaltools.gnu-tools-for-stm32.10.3-2021.10.linux64_1.0.0.202111181127/tools/bin/../lib/gcc/arm-none-eabi/10.3.1/thumb/v7e-m+fp/hard/libgcc.a

.debug_info     0x0000000000000000    0x12230
 .debug_info    0x0000000000000000      0x308 ./Core/Src/freertos.o
 .debug_info    0x0000000000000308      0xe14 ./Core/Src/main.o
 .debug_info    0x000000000000111c      0xc88 ./Core/Src/stm32f4xx_hal_msp.o
 .debug_info    0x0000000000001da4      0x78f ./Core/Src/stm32f4xx_it.o
 .debug_info    0x0000000000002533      0x171 ./Core/Src/sysmem.o
 .debug_info    0x00000000000026a4      0x53f ./Core/Src/system_stm32f4xx.o
 .debug_info    0x0000000000002be3       0x22 ./Core/Startup/startup_stm32f429zitx.o
 .debug_info    0x0000000000002c05      0x9f4 ./Drivers/STM32F4xx_HAL_Driver/Src/stm32f4xx_hal.o
 .debug_info    0x00000000000035f9      0xe51 ./Drivers/STM32F4xx_HAL_Driver/Src/stm32f4xx_hal_cortex.o
 .debug_info    0x000000000000444a      0x94f ./Drivers/STM32F4xx_HAL_Driver/Src/stm32f4xx_hal_dma.o
 .debug_info    0x0000000000004d99      0x786 ./Drivers/STM32F4xx_HAL_Driver/Src/stm32f4xx_hal_gpio.o
 .debug_info    0x000000000000551f      0x6e6 ./Drivers/STM32F4xx_HAL_Driver/Src/stm32f4xx_hal_pwr_ex.o
 .debug_info    0x0000000000005c05      0x982 ./Drivers/STM32F4xx_HAL_Driver/Src/stm32f4xx_hal_rcc.o
 .debug_info    0x0000000000006587     0x31bc ./Drivers/STM32F4xx_HAL_Driver/Src/stm32f4xx_hal_uart.o
 .debug_info    0x0000000000009743     0x1d19 ./Middlewares/Third_Party/FreeRTOS/Source/CMSIS_RTOS/cmsis_os.o
 .debug_info    0x000000000000b45c      0x2d1 ./Middlewares/Third_Party/FreeRTOS/Source/list.o
 .debug_info    0x000000000000b72d     0x1956 ./Middlewares/Third_Party/FreeRTOS/Source/queue.o
 .debug_info    0x000000000000d083     0x1e53 ./Middlewares/Third_Party/FreeRTOS/Source/tasks.o
 .debug_info    0x000000000000eed6     0x1300 ./Middlewares/Third_Party/FreeRTOS/Source/timers.o
 .debug_info    0x00000000000101d6      0x507 ./Middlewares/Third_Party/FreeRTOS/Source/portable/GCC/ARM_CM4F/port.o
 .debug_info    0x00000000000106dd      0x50b ./Middlewares/Third_Party/FreeRTOS/Source/portable/MemMang/heap_4.o
 .debug_info    0x0000000000010be8      0xae2 ./app/src/application.o
 .debug_info    0x00000000000116ca      0x5f6 ./app/src/c2_frame.o
 .debug_info    0x0000000000011cc0      0x1b4 ./app/src/c2_parser.o
 .debug_info    0x0000000000011e74      0x12a ./app/src/crc8.o
 .debug_info    0x0000000000011f9e      0x292 ./app/src/package.o

.debug_abbrev   0x0000000000000000     0x33a9
 .debug_abbrev  0x0000000000000000       0xe7 ./Core/Src/freertos.o
 .debug_abbrev  0x00000000000000e7      0x287 ./Core/Src/main.o
 .debug_abbrev  0x000000000000036e      0x1b9 ./Core/Src/stm32f4xx_hal_msp.o
 .debug_abbrev  0x0000000000000527      0x1a2 ./Core/Src/stm32f4xx_it.o
 .debug_abbrev  0x00000000000006c9       0xbb ./Core/Src/sysmem.o
 .debug_abbrev  0x0000000000000784      0x116 ./Core/Src/system_stm32f4xx.o
 .debug_abbrev  0x000000000000089a       0x12 ./Core/Startup/startup_stm32f429zitx.o
 .debug_abbrev  0x00000000000008ac      0x20d ./Drivers/STM32F4xx_HAL_Driver/Src/stm32f4xx_hal.o
 .debug_abbrev  0x0000000000000ab9      0x316 ./Drivers/STM32F4xx_HAL_Driver/Src/stm32f4xx_hal_cortex.o
 .debug_abbrev  0x0000000000000dcf      0x25b ./Drivers/STM32F4xx_HAL_Driver/Src/stm32f4xx_hal_dma.o
 .debug_abbrev  0x000000000000102a      0x1c4 ./Drivers/STM32F4xx_HAL_Driver/Src/stm32f4xx_hal_gpio.o
 .debug_abbrev  0x00000000000011ee      0x1c9 ./Drivers/STM32F4xx_HAL_Driver/Src/stm32f4xx_hal_pwr_ex.o
 .debug_abbrev  0x00000000000013b7      0x2aa ./Drivers/STM32F4xx_HAL_Driver/Src/stm32f4xx_hal_rcc.o
 .debug_abbrev  0x0000000000001661      0x2f4 ./Drivers/STM32F4xx_HAL_Driver/Src/stm32f4xx_hal_uart.o
 .debug_abbrev  0x0000000000001955      0x39b ./Middlewares/Third_Party/FreeRTOS/Source/CMSIS_RTOS/cmsis_os.o
 .debug_abbrev  0x0000000000001cf0       0xf2 ./Middlewares/Third_Party/FreeRTOS/Source/list.o
 .debug_abbrev  0x0000000000001de2      0x3a1 ./Middlewares/Third_Party/FreeRTOS/Source/queue.o
 .debug_abbrev  0x0000000000002183      0x363 ./Middlewares/Third_Party/FreeRTOS/Source/tasks.o
 .debug_abbrev  0x00000000000024e6      0x32a ./Middlewares/Third_Party/FreeRTOS/Source/timers.o
 .debug_abbrev  0x0000000000002810      0x259 ./Middlewares/Third_Party/FreeRTOS/Source/portable/GCC/ARM_CM4F/port.o
 .debug_abbrev  0x0000000000002a69      0x212 ./Middlewares/Third_Party/FreeRTOS/Source/portable/MemMang/heap_4.o
 .debug_abbrev  0x0000000000002c7b      0x284 ./app/src/application.o
 .debug_abbrev  0x0000000000002eff      0x1f8 ./app/src/c2_frame.o
 .debug_abbrev  0x00000000000030f7       0xd9 ./app/src/c2_parser.o
 .debug_abbrev  0x00000000000031d0       0xcb ./app/src/crc8.o
 .debug_abbrev  0x000000000000329b      0x10e ./app/src/package.o

.debug_aranges  0x0000000000000000      0xf20
 .debug_aranges
                0x0000000000000000       0x28 ./Core/Src/freertos.o
 .debug_aranges
                0x0000000000000028       0x58 ./Core/Src/main.o
 .debug_aranges
                0x0000000000000080       0x30 ./Core/Src/stm32f4xx_hal_msp.o
 .debug_aranges
                0x00000000000000b0       0x60 ./Core/Src/stm32f4xx_it.o
 .debug_aranges
                0x0000000000000110       0x20 ./Core/Src/sysmem.o
 .debug_aranges
                0x0000000000000130       0x28 ./Core/Src/system_stm32f4xx.o
 .debug_aranges
                0x0000000000000158       0x28 ./Core/Startup/startup_stm32f429zitx.o
 .debug_aranges
                0x0000000000000180      0x100 ./Drivers/STM32F4xx_HAL_Driver/Src/stm32f4xx_hal.o
 .debug_aranges
                0x0000000000000280      0x118 ./Drivers/STM32F4xx_HAL_Driver/Src/stm32f4xx_hal_cortex.o
 .debug_aranges
                0x0000000000000398       0x90 ./Drivers/STM32F4xx_HAL_Driver/Src/stm32f4xx_hal_dma.o
 .debug_aranges
                0x0000000000000428       0x58 ./Drivers/STM32F4xx_HAL_Driver/Src/stm32f4xx_hal_gpio.o
 .debug_aranges
                0x0000000000000480       0x60 ./Drivers/STM32F4xx_HAL_Driver/Src/stm32f4xx_hal_pwr_ex.o
 .debug_aranges
                0x00000000000004e0       0x88 ./Drivers/STM32F4xx_HAL_Driver/Src/stm32f4xx_hal_rcc.o
 .debug_aranges
                0x0000000000000568      0x200 ./Drivers/STM32F4xx_HAL_Driver/Src/stm32f4xx_hal_uart.o
 .debug_aranges
                0x0000000000000768      0x1d8 ./Middlewares/Third_Party/FreeRTOS/Source/CMSIS_RTOS/cmsis_os.o
 .debug_aranges
                0x0000000000000940       0x40 ./Middlewares/Third_Party/FreeRTOS/Source/list.o
 .debug_aranges
                0x0000000000000980      0x110 ./Middlewares/Third_Party/FreeRTOS/Source/queue.o
 .debug_aranges
                0x0000000000000a90      0x1c0 ./Middlewares/Third_Party/FreeRTOS/Source/tasks.o
 .debug_aranges
                0x0000000000000c50       0xd0 ./Middlewares/Third_Party/FreeRTOS/Source/timers.o
 .debug_aranges
                0x0000000000000d20       0x80 ./Middlewares/Third_Party/FreeRTOS/Source/portable/GCC/ARM_CM4F/port.o
 .debug_aranges
                0x0000000000000da0       0x58 ./Middlewares/Third_Party/FreeRTOS/Source/portable/MemMang/heap_4.o
 .debug_aranges
                0x0000000000000df8       0x38 ./app/src/application.o
 .debug_aranges
                0x0000000000000e30       0x50 ./app/src/c2_frame.o
 .debug_aranges
                0x0000000000000e80       0x30 ./app/src/c2_parser.o
 .debug_aranges
                0x0000000000000eb0       0x28 ./app/src/crc8.o
 .debug_aranges
                0x0000000000000ed8       0x48 ./app/src/package.o

.debug_ranges   0x0000000000000000      0xdd0
 .debug_ranges  0x0000000000000000       0x18 ./Core/Src/freertos.o
 .debug_ranges  0x0000000000000018       0x48 ./Core/Src/main.o
 .debug_ranges  0x0000000000000060       0x20 ./Core/Src/stm32f4xx_hal_msp.o
 .debug_ranges  0x0000000000000080       0x50 ./Core/Src/stm32f4xx_it.o
 .debug_ranges  0x00000000000000d0       0x10 ./Core/Src/sysmem.o
 .debug_ranges  0x00000000000000e0       0x18 ./Core/Src/system_stm32f4xx.o
 .debug_ranges  0x00000000000000f8       0x20 ./Core/Startup/startup_stm32f429zitx.o
 .debug_ranges  0x0000000000000118       0xf0 ./Drivers/STM32F4xx_HAL_Driver/Src/stm32f4xx_hal.o
 .debug_ranges  0x0000000000000208      0x108 ./Drivers/STM32F4xx_HAL_Driver/Src/stm32f4xx_hal_cortex.o
 .debug_ranges  0x0000000000000310       0x80 ./Drivers/STM32F4xx_HAL_Driver/Src/stm32f4xx_hal_dma.o
 .debug_ranges  0x0000000000000390       0x48 ./Drivers/STM32F4xx_HAL_Driver/Src/stm32f4xx_hal_gpio.o
 .debug_ranges  0x00000000000003d8       0x50 ./Drivers/STM32F4xx_HAL_Driver/Src/stm32f4xx_hal_pwr_ex.o
 .debug_ranges  0x0000000000000428       0x78 ./Drivers/STM32F4xx_HAL_Driver/Src/stm32f4xx_hal_rcc.o
 .debug_ranges  0x00000000000004a0      0x220 ./Drivers/STM32F4xx_HAL_Driver/Src/stm32f4xx_hal_uart.o
 .debug_ranges  0x00000000000006c0      0x1c8 ./Middlewares/Third_Party/FreeRTOS/Source/CMSIS_RTOS/cmsis_os.o
 .debug_ranges  0x0000000000000888       0x30 ./Middlewares/Third_Party/FreeRTOS/Source/list.o
 .debug_ranges  0x00000000000008b8      0x100 ./Middlewares/Third_Party/FreeRTOS/Source/queue.o
 .debug_ranges  0x00000000000009b8      0x1b0 ./Middlewares/Third_Party/FreeRTOS/Source/tasks.o
 .debug_ranges  0x0000000000000b68       0xc0 ./Middlewares/Third_Party/FreeRTOS/Source/timers.o
 .debug_ranges  0x0000000000000c28       0x70 ./Middlewares/Third_Party/FreeRTOS/Source/portable/GCC/ARM_CM4F/port.o
 .debug_ranges  0x0000000000000c98       0x48 ./Middlewares/Third_Party/FreeRTOS/Source/portable/MemMang/heap_4.o
 .debug_ranges  0x0000000000000ce0       0x28 ./app/src/application.o
 .debug_ranges  0x0000000000000d08       0x58 ./app/src/c2_frame.o
 .debug_ranges  0x0000000000000d60       0x20 ./app/src/c2_parser.o
 .debug_ranges  0x0000000000000d80       0x18 ./app/src/crc8.o
 .debug_ranges  0x0000000000000d98       0x38 ./app/src/package.o

.debug_macro    0x0000000000000000     0x414c
 .debug_macro   0x0000000000000000      0x231 ./Core/Src/freertos.o
 .debug_macro   0x0000000000000231      0x174 ./Core/Src/freertos.o
 .debug_macro   0x00000000000003a5       0x8e ./Core/Src/freertos.o
 .debug_macro   0x0000000000000433       0x51 ./Core/Src/freertos.o
 .debug_macro   0x0000000000000484       0xfd ./Core/Src/freertos.o
 .debug_macro   0x0000000000000581       0x5c ./Core/Src/freertos.o
 .debug_macro   0x00000000000005dd      0x45f ./Core/Src/main.o
 .debug_macro   0x0000000000000a3c       0x52 ./Core/Src/main.o
 .debug_macro   0x0000000000000a8e       0x10 ./Core/Src/main.o
 .debug_macro   0x0000000000000a9e      0x460 ./Core/Src/main.o
 .debug_macro   0x0000000000000efe      0x1c9 ./Core/Src/stm32f4xx_hal_msp.o
 .debug_macro   0x00000000000010c7      0x38e ./Core/Src/stm32f4xx_it.o
 .debug_macro   0x0000000000001455       0x10 ./Core/Src/stm32f4xx_it.o
 .debug_macro   0x0000000000001465       0xff ./Core/Src/sysmem.o
 .debug_macro   0x0000000000001564      0x23b ./Core/Src/sysmem.o
 .debug_macro   0x000000000000179f      0x1ba ./Core/Src/system_stm32f4xx.o
 .debug_macro   0x0000000000001959      0x21a ./Drivers/STM32F4xx_HAL_Driver/Src/stm32f4xx_hal.o
 .debug_macro   0x0000000000001b73      0x1ba ./Drivers/STM32F4xx_HAL_Driver/Src/stm32f4xx_hal_cortex.o
 .debug_macro   0x0000000000001d2d      0x1c0 ./Drivers/STM32F4xx_HAL_Driver/Src/stm32f4xx_hal_dma.o
 .debug_macro   0x0000000000001eed      0x1c0 ./Drivers/STM32F4xx_HAL_Driver/Src/stm32f4xx_hal_gpio.o
 .debug_macro   0x00000000000020ad      0x1d2 ./Drivers/STM32F4xx_HAL_Driver/Src/stm32f4xx_hal_pwr_ex.o
 .debug_macro   0x000000000000227f      0x1de ./Drivers/STM32F4xx_HAL_Driver/Src/stm32f4xx_hal_rcc.o
 .debug_macro   0x000000000000245d      0x1bb ./Drivers/STM32F4xx_HAL_Driver/Src/stm32f4xx_hal_uart.o
 .debug_macro   0x0000000000002618      0x1fe ./Middlewares/Third_Party/FreeRTOS/Source/CMSIS_RTOS/cmsis_os.o
 .debug_macro   0x0000000000002816       0xc7 ./Middlewares/Third_Party/FreeRTOS/Source/CMSIS_RTOS/cmsis_os.o
 .debug_macro   0x00000000000028dd      0x187 ./Middlewares/Third_Party/FreeRTOS/Source/list.o
 .debug_macro   0x0000000000002a64      0x216 ./Middlewares/Third_Party/FreeRTOS/Source/queue.o
 .debug_macro   0x0000000000002c7a       0x87 ./Middlewares/Third_Party/FreeRTOS/Source/queue.o
 .debug_macro   0x0000000000002d01      0x279 ./Middlewares/Third_Party/FreeRTOS/Source/tasks.o
 .debug_macro   0x0000000000002f7a       0x10 ./Middlewares/Third_Party/FreeRTOS/Source/tasks.o
 .debug_macro   0x0000000000002f8a      0x1dc ./Middlewares/Third_Party/FreeRTOS/Source/timers.o
 .debug_macro   0x0000000000003166       0x97 ./Middlewares/Third_Party/FreeRTOS/Source/timers.o
 .debug_macro   0x00000000000031fd      0x196 ./Middlewares/Third_Party/FreeRTOS/Source/portable/GCC/ARM_CM4F/port.o
 .debug_macro   0x0000000000003393      0x1ae ./Middlewares/Third_Party/FreeRTOS/Source/portable/MemMang/heap_4.o
 .debug_macro   0x0000000000003541      0x48f ./app/src/application.o
 .debug_macro   0x00000000000039d0      0x269 ./app/src/c2_frame.o
 .debug_macro   0x0000000000003c39      0x143 ./app/src/c2_parser.o
 .debug_macro   0x0000000000003d7c       0xb9 ./app/src/crc8.o
 .debug_macro   0x0000000000003e35       0x3a ./app/src/crc8.o
 .debug_macro   0x0000000000003e6f       0x82 ./app/src/crc8.o
 .debug_macro   0x0000000000003ef1      0x25b ./app/src/package.o

.debug_line     0x0000000000000000    0x12c1d
 .debug_line    0x0000000000000000      0x780 ./Core/Src/freertos.o
 .debug_line    0x0000000000000780      0xc18 ./Core/Src/main.o
 .debug_line    0x0000000000001398      0x6fa ./Core/Src/stm32f4xx_hal_msp.o
 .debug_line    0x0000000000001a92      0xa46 ./Core/Src/stm32f4xx_it.o
 .debug_line    0x00000000000024d8      0x4b8 ./Core/Src/sysmem.o
 .debug_line    0x0000000000002990      0x6e4 ./Core/Src/system_stm32f4xx.o
 .debug_line    0x0000000000003074       0x88 ./Core/Startup/startup_stm32f429zitx.o
 .debug_line    0x00000000000030fc      0x980 ./Drivers/STM32F4xx_HAL_Driver/Src/stm32f4xx_hal.o
 .debug_line    0x0000000000003a7c      0xbf9 ./Drivers/STM32F4xx_HAL_Driver/Src/stm32f4xx_hal_cortex.o
 .debug_line    0x0000000000004675      0xeae ./Drivers/STM32F4xx_HAL_Driver/Src/stm32f4xx_hal_dma.o
 .debug_line    0x0000000000005523      0xae6 ./Drivers/STM32F4xx_HAL_Driver/Src/stm32f4xx_hal_gpio.o
 .debug_line    0x0000000000006009      0x879 ./Drivers/STM32F4xx_HAL_Driver/Src/stm32f4xx_hal_pwr_ex.o
 .debug_line    0x0000000000006882      0xcc6 ./Drivers/STM32F4xx_HAL_Driver/Src/stm32f4xx_hal_rcc.o
 .debug_line    0x0000000000007548     0x29ef ./Drivers/STM32F4xx_HAL_Driver/Src/stm32f4xx_hal_uart.o
 .debug_line    0x0000000000009f37     0x1234 ./Middlewares/Third_Party/FreeRTOS/Source/CMSIS_RTOS/cmsis_os.o
 .debug_line    0x000000000000b16b      0x6cb ./Middlewares/Third_Party/FreeRTOS/Source/list.o
 .debug_line    0x000000000000b836     0x1493 ./Middlewares/Third_Party/FreeRTOS/Source/queue.o
 .debug_line    0x000000000000ccc9     0x1923 ./Middlewares/Third_Party/FreeRTOS/Source/tasks.o
 .debug_line    0x000000000000e5ec      0xc6e ./Middlewares/Third_Party/FreeRTOS/Source/timers.o
 .debug_line    0x000000000000f25a      0x77c ./Middlewares/Third_Party/FreeRTOS/Source/portable/GCC/ARM_CM4F/port.o
 .debug_line    0x000000000000f9d6      0x8f5 ./Middlewares/Third_Party/FreeRTOS/Source/portable/MemMang/heap_4.o
 .debug_line    0x00000000000102cb      0xb5e ./app/src/application.o
 .debug_line    0x0000000000010e29      0x8ad ./app/src/c2_frame.o
 .debug_line    0x00000000000116d6      0x5e0 ./app/src/c2_parser.o
 .debug_line    0x0000000000011cb6      0x4ff ./app/src/crc8.o
 .debug_line    0x00000000000121b5      0xa68 ./app/src/package.o

.debug_str      0x0000000000000000    0xdcae8
 .debug_str     0x0000000000000000    0xcf77e ./Core/Src/freertos.o
                                      0xcfa40 (size before relaxing)
 .debug_str     0x00000000000cf77e     0x7977 ./Core/Src/main.o
                                      0xd7243 (size before relaxing)
 .debug_str     0x00000000000d70f5      0x5e5 ./Core/Src/stm32f4xx_hal_msp.o
                                      0xcc610 (size before relaxing)
 .debug_str     0x00000000000d76da      0x197 ./Core/Src/stm32f4xx_it.o
                                      0xd5f0f (size before relaxing)
 .debug_str     0x00000000000d7871      0x35a ./Core/Src/sysmem.o
                                       0x5db7 (size before relaxing)
 .debug_str     0x00000000000d7bcb       0xdb ./Core/Src/system_stm32f4xx.o
                                      0xcb770 (size before relaxing)
 .debug_str     0x00000000000d7ca6       0x36 ./Core/Startup/startup_stm32f429zitx.o
                                         0x79 (size before relaxing)
 .debug_str     0x00000000000d7cdc      0x652 ./Drivers/STM32F4xx_HAL_Driver/Src/stm32f4xx_hal.o
                                      0xcc393 (size before relaxing)
 .debug_str     0x00000000000d832e      0x31d ./Drivers/STM32F4xx_HAL_Driver/Src/stm32f4xx_hal_cortex.o
                                      0xcc078 (size before relaxing)
 .debug_str     0x00000000000d864b      0x328 ./Drivers/STM32F4xx_HAL_Driver/Src/stm32f4xx_hal_dma.o
                                      0xcbb77 (size before relaxing)
 .debug_str     0x00000000000d8973      0x10e ./Drivers/STM32F4xx_HAL_Driver/Src/stm32f4xx_hal_gpio.o
                                      0xcb8eb (size before relaxing)
 .debug_str     0x00000000000d8a81      0x135 ./Drivers/STM32F4xx_HAL_Driver/Src/stm32f4xx_hal_pwr_ex.o
                                      0xcb948 (size before relaxing)
 .debug_str     0x00000000000d8bb6      0x233 ./Drivers/STM32F4xx_HAL_Driver/Src/stm32f4xx_hal_rcc.o
                                      0xcbba4 (size before relaxing)
 .debug_str     0x00000000000d8de9      0x5c9 ./Drivers/STM32F4xx_HAL_Driver/Src/stm32f4xx_hal_uart.o
                                      0xcc130 (size before relaxing)
 .debug_str     0x00000000000d93b2      0xbc5 ./Middlewares/Third_Party/FreeRTOS/Source/CMSIS_RTOS/cmsis_os.o
                                       0xe40c (size before relaxing)
 .debug_str     0x00000000000d9f77      0x1ff ./Middlewares/Third_Party/FreeRTOS/Source/list.o
                                       0xa6be (size before relaxing)
 .debug_str     0x00000000000da176      0x83e ./Middlewares/Third_Party/FreeRTOS/Source/queue.o
                                       0xc0a2 (size before relaxing)
 .debug_str     0x00000000000da9b4      0xf59 ./Middlewares/Third_Party/FreeRTOS/Source/tasks.o
                                       0xca71 (size before relaxing)
 .debug_str     0x00000000000db90d      0x4e2 ./Middlewares/Third_Party/FreeRTOS/Source/timers.o
                                       0xc618 (size before relaxing)
 .debug_str     0x00000000000dbdef      0x783 ./Middlewares/Third_Party/FreeRTOS/Source/portable/GCC/ARM_CM4F/port.o
                                       0x862f (size before relaxing)
 .debug_str     0x00000000000dc572      0x324 ./Middlewares/Third_Party/FreeRTOS/Source/portable/MemMang/heap_4.o
                                       0xb000 (size before relaxing)
 .debug_str     0x00000000000dc896       0xff ./app/src/application.o
                                      0xd7186 (size before relaxing)
 .debug_str     0x00000000000dc995       0xb8 ./app/src/c2_frame.o
                                       0xe142 (size before relaxing)
 .debug_str     0x00000000000dca4d       0x17 ./app/src/c2_parser.o
                                       0x6e1d (size before relaxing)
 .debug_str     0x00000000000dca64       0x2d ./app/src/crc8.o
                                       0x508a (size before relaxing)
 .debug_str     0x00000000000dca91       0x57 ./app/src/package.o
                                       0xdfa9 (size before relaxing)

.comment        0x0000000000000000       0x50
 .comment       0x0000000000000000       0x50 ./Core/Src/freertos.o
                                         0x51 (size before relaxing)
 .comment       0x0000000000000050       0x51 ./Core/Src/main.o
 .comment       0x0000000000000050       0x51 ./Core/Src/stm32f4xx_hal_msp.o
 .comment       0x0000000000000050       0x51 ./Core/Src/stm32f4xx_it.o
 .comment       0x0000000000000050       0x51 ./Core/Src/sysmem.o
 .comment       0x0000000000000050       0x51 ./Core/Src/system_stm32f4xx.o
 .comment       0x0000000000000050       0x51 ./Drivers/STM32F4xx_HAL_Driver/Src/stm32f4xx_hal.o
 .comment       0x0000000000000050       0x51 ./Drivers/STM32F4xx_HAL_Driver/Src/stm32f4xx_hal_cortex.o
 .comment       0x0000000000000050       0x51 ./Drivers/STM32F4xx_HAL_Driver/Src/stm32f4xx_hal_dma.o
 .comment       0x0000000000000050       0x51 ./Drivers/STM32F4xx_HAL_Driver/Src/stm32f4xx_hal_gpio.o